<html>
<body>
<pre>
<h1>µVision Build Log</h1>
<h2>Project:</h2>
D:\lab\Anotia\2_brd_branch\2015_0107_discuss_New_PCB\Thermo_Cylce_Control\USBok_new_brd1-15\USBok_new_brd1-15\ver_0109_debug\ver_0102_debug\ver_0102_debug\USER\test.uvproj
Project File Date:  11/03/2015

<h2>Output:</h2>
Rebuild target 'Target 1'
assembling startup_stm32f10x_hd.s...
compiling test.c...
test.c(150): warning:  #177-D: variable "adcx" was declared but never referenced
        u16 adcx;
test.c(151): warning:  #177-D: variable "CurrentRowNum" was declared but never referenced
        u8 u8temp;      u8 CurrentRowNum;
test.c(155): warning:  #177-D: variable "f32temp2" was declared but never referenced
        float f32temp1,f32temp2;
test.c(159): warning:  #177-D: variable "VideoRow" was declared but never referenced
        u8 VideoRow;
test.c(163): warning:  #177-D: variable "key" was declared but never referenced
        u8 key,ldecoun=0;
test.c(1518): warning:  #177-D: variable "i" was declared but never referenced
        u8 i;
test.c: 6 warnings, 0 errors
compiling PCR_Control.c...
PCR_Control.c(87): warning:  #111-D: statement is unreachable
                        break;
PCR_Control.c(422): warning:  #177-D: variable "i" was declared but never referenced
        u8 i;
PCR_Control.c: 2 warnings, 0 errors
compiling delay.c...
compiling sys.c...
compiling usart.c...
compiling led.c...
compiling beep.c...
compiling key.c...
compiling exti.c...
compiling wdg.c...
compiling timer.c...
compiling tpad.c...
compiling oled.c...
compiling ILI93xx.c...
compiling rtc.c...
compiling wkup.c...
compiling adc.c...
compiling dac.c...
compiling dma.c...
compiling myiic.c...
compiling 24cxx.c...
compiling spi.c...
compiling usmart.c...
compiling usmart_config.c...
compiling usmart_str.c...
compiling usb_core.c...
compiling usb_init.c...
compiling usb_int.c...
compiling usb_mem.c...
compiling usb_regs.c...
compiling hw_config.c...
compiling stm32f10x_it.c...
compiling usb_desc.c...
compiling usb_endp.c...
compiling usb_istr.c...
compiling usb_prop.c...
compiling usb_pwr.c...
linking...
Program Size: Code=34626 RO-data=858 RW-data=964 ZI-data=7612  
FromELF: creating hex file...
"..\OBJ\ThermoControl.axf" - 0 Error(s), 8 Warning(s).
