ARM Linker, 5.03 [Build 76] [MDK-ARM Standard]

==============================================================================

Section Cross References

    stm32f10x_rcc.o(.text) refers to stm32f10x_rcc.o(.data) for APBAHBPrescTable
    stm32f10x_gpio.o(.text) refers to stm32f10x_rcc.o(.text) for RCC_APB2PeriphResetCmd
    stm32f10x_tim.o(.text) refers to stm32f10x_rcc.o(.text) for RCC_APB2PeriphResetCmd
    stm32f10x_usart.o(.text) refers to stm32f10x_rcc.o(.text) for RCC_APB2PeriphResetCmd
    system_stm32f10x.o(.text) refers to system_stm32f10x.o(.data) for SystemCoreClock
    startup_stm32f10x_cl.o(STACK) refers (Special) to heapauxi.o(.text) for __use_two_region_memory
    startup_stm32f10x_cl.o(HEAP) refers (Special) to heapauxi.o(.text) for __use_two_region_memory
    startup_stm32f10x_cl.o(RESET) refers (Special) to heapauxi.o(.text) for __use_two_region_memory
    startup_stm32f10x_cl.o(RESET) refers to startup_stm32f10x_cl.o(STACK) for __initial_sp
    startup_stm32f10x_cl.o(RESET) refers to startup_stm32f10x_cl.o(.text) for Reset_Handler
    startup_stm32f10x_cl.o(RESET) refers to stm32f10x_it.o(.text) for NMI_Handler
    startup_stm32f10x_cl.o(RESET) refers to os_cpu_a.o(.text) for PendSV_Handler
    startup_stm32f10x_cl.o(.text) refers (Special) to heapauxi.o(.text) for __use_two_region_memory
    startup_stm32f10x_cl.o(.text) refers to system_stm32f10x.o(.text) for SystemInit
    startup_stm32f10x_cl.o(.text) refers to __main.o(!!!main) for __main
    startup_stm32f10x_cl.o(.text) refers to startup_stm32f10x_cl.o(HEAP) for Heap_Mem
    startup_stm32f10x_cl.o(.text) refers to startup_stm32f10x_cl.o(STACK) for Stack_Mem
    stm32f10x_can.o(.text) refers to stm32f10x_rcc.o(.text) for RCC_APB1PeriphResetCmd
    app.o(.text) refers to stm32f10x_rcc.o(.text) for RCC_GetClocksFreq
    app.o(.text) refers to bsp.o(.text) for led_on
    app.o(.text) refers to os_time.o(.text) for OSTimeDlyHMSM
    app.o(.text) refers to stm32f10x_gpio.o(.text) for GPIO_Init
    app.o(.text) refers to misc.o(.text) for NVIC_Init
    app.o(.text) refers to stm32f10x_can.o(.text) for CAN_DeInit
    app.o(.text) refers to os_mbox.o(.text) for OSMboxPend
    app.o(.text) refers to app.o(.bss) for can1_cmd_buf
    app.o(.text) refers to app.o(.data) for msg_can1_rcv_length
    app.o(.text) refers to stm32f10x_it.o(.bss) for CAN1_Buffer
    app.o(.text) refers to usbd_hid_core.o(.text) for USBD_HID_SendReport
    app.o(.text) refers to stm32f10x_tim.o(.text) for TIM_DeInit
    app.o(.text) refers to usbd_core.o(.text) for USBD_Init
    app.o(.text) refers to faddsub_clz.o(x$fpl$fadd) for __aeabi_fadd
    app.o(.text) refers to ffixu.o(x$fpl$ffixu) for __aeabi_f2uiz
    app.o(.text) refers to usbd_usr.o(.data) for USR_cb
    app.o(.text) refers to usbd_hid_core.o(.data) for USBD_HID_cb
    app.o(.text) refers to usbd_desc.o(.data) for USR_desc
    app.o(.text) refers to fmul.o(x$fpl$fmul) for __aeabi_fmul
    app.o(.text) refers to feqf.o(x$fpl$feqf) for __aeabi_cfcmpeq
    app.o(.text) refers to frleqf.o(x$fpl$frleqf) for __aeabi_cfrcmple
    app.o(.text) refers to fleqf.o(x$fpl$fleqf) for __aeabi_cfcmple
    app.o(.text) refers to pcr_control.o(.text) for SetPoint_Check
    app.o(.text) refers to os_q.o(.text) for OSQCreate
    app.o(.text) refers to os_task.o(.text) for OSTaskCreate
    app.o(.text) refers to os_core.o(.text) for OSInit
    stm32f10x_it.o(.text) refers to _printf_percent.o(.ARM.Collect$$_printf_percent$$00000000) for _printf_percent
    stm32f10x_it.o(.text) refers to _printf_d.o(.ARM.Collect$$_printf_percent$$00000009) for _printf_d
    stm32f10x_it.o(.text) refers to _printf_dec.o(.text) for _printf_int_dec
    stm32f10x_it.o(.text) refers to os_cpu_a.o(.text) for OS_CPU_SR_Save
    stm32f10x_it.o(.text) refers to stm32f10x_usart.o(.text) for USART_GetITStatus
    stm32f10x_it.o(.text) refers to noretval__2printf.o(.text) for __2printf
    stm32f10x_it.o(.text) refers to os_q.o(.text) for OSQPost
    stm32f10x_it.o(.text) refers to os_core.o(.text) for OSIntExit
    stm32f10x_it.o(.text) refers to stm32f10x_can.o(.text) for CAN_Receive
    stm32f10x_it.o(.text) refers to os_mbox.o(.text) for OSMboxPost
    stm32f10x_it.o(.text) refers to app.o(.text) for CAN1_Send_pending
    stm32f10x_it.o(.text) refers to os_sem.o(.text) for OSSemPost
    stm32f10x_it.o(.text) refers to stm32f10x_tim.o(.text) for TIM_GetITStatus
    stm32f10x_it.o(.text) refers to usb_dcd_int.o(.text) for USBD_OTG_ISR_Handler
    stm32f10x_it.o(.text) refers to os_core.o(.data) for OSIntNesting
    stm32f10x_it.o(.text) refers to app.o(.data) for Right_time
    stm32f10x_it.o(.text) refers to app.o(.bss) for RxMessage
    stm32f10x_it.o(.text) refers to stm32f10x_it.o(.data) for CAN1_Next_expect
    stm32f10x_it.o(.text) refers to stm32f10x_it.o(.bss) for CAN1_Buffer
    usart.o(.text) refers (Special) to use_no_semi_2.o(.text) for __use_no_semihosting
    usart.o(.text) refers to stm32f10x_rcc.o(.text) for RCC_APB2PeriphClockCmd
[...]
    .text                                    0x0800a1cc   Section        0  _printf_char_common.o(.text)
    _printf_input_char                       0x0800a1cd   Thumb Code    10  _printf_char_common.o(.text)
    .text                                    0x0800a1fc   Section        0  ferror.o(.text)
    .text                                    0x0800a204   Section       74  sys_stackheap_outer.o(.text)
    .text                                    0x0800a24e   Section        0  exit.o(.text)
    .text                                    0x0800a25c   Section        8  libspace.o(.text)
    x$fpl$fadd                               0x0800a264   Section      196  faddsub_clz.o(x$fpl$fadd)
    _fadd1                                   0x0800a273   Thumb Code     0  faddsub_clz.o(x$fpl$fadd)
    x$fpl$fcmpinf                            0x0800a328   Section       24  fcmpi.o(x$fpl$fcmpinf)
    x$fpl$feqf                               0x0800a340   Section      104  feqf.o(x$fpl$feqf)
    x$fpl$ffixu                              0x0800a3a8   Section       62  ffixu.o(x$fpl$ffixu)
    x$fpl$fleqf                              0x0800a3e8   Section      104  fleqf.o(x$fpl$fleqf)
    x$fpl$fmul                               0x0800a450   Section      258  fmul.o(x$fpl$fmul)
    x$fpl$fnaninf                            0x0800a552   Section      140  fnaninf.o(x$fpl$fnaninf)
    x$fpl$fretinf                            0x0800a5de   Section       10  fretinf.o(x$fpl$fretinf)
    x$fpl$frleqf                             0x0800a5e8   Section       98  frleqf.o(x$fpl$frleqf)
    x$fpl$fsub                               0x0800a64c   Section      234  faddsub_clz.o(x$fpl$fsub)
    _fsub1                                   0x0800a65b   Thumb Code     0  faddsub_clz.o(x$fpl$fsub)
    .constdata                               0x0800a736   Section      256  os_core.o(.constdata)
    x$fpl$usenofp                            0x0800a736   Section        0  usenofp.o(x$fpl$usenofp)
    .data                                    0x20000000   Section       20  stm32f10x_rcc.o(.data)
    APBAHBPrescTable                         0x20000000   Data          16  stm32f10x_rcc.o(.data)
    ADCPrescTable                            0x20000010   Data           4  stm32f10x_rcc.o(.data)
    .data                                    0x20000014   Section       20  system_stm32f10x.o(.data)
    .data                                    0x20000028   Section      104  app.o(.data)
    CAN1_TX_tail                             0x2000005b   Data           1  app.o(.data)
    .data                                    0x20000090   Section       11  stm32f10x_it.o(.data)
    CAN1_Next_expect                         0x20000090   Data           1  stm32f10x_it.o(.data)
    CAN1_Index                               0x20000091   Data           1  stm32f10x_it.o(.data)
    Next_expect                              0x20000096   Data           1  stm32f10x_it.o(.data)
    BufferSwitcher                           0x20000097   Data           1  stm32f10x_it.o(.data)
    BufferIndex                              0x20000098   Data           1  stm32f10x_it.o(.data)
    .data                                    0x2000009c   Section        4  usart.o(.data)
    .data                                    0x200000a0   Section       60  usbd_desc.o(.data)
    .data                                    0x200000dc   Section       28  usbd_usr.o(.data)
    .data                                    0x200000f8   Section       56  os_core.o(.data)
    .data                                    0x20000130   Section       52  usbd_core.o(.data)
    .data                                    0x20000164   Section       13  usbd_req.o(.data)
    cfgidx                                   0x20000170   Data           1  usbd_req.o(.data)
    .data                                    0x20000174   Section      131  usbd_hid_core.o(.data)
    USBD_HID_AltSet                          0x200001a0   Data           4  usbd_hid_core.o(.data)
    USBD_HID_Protocol                        0x200001a4   Data           4  usbd_hid_core.o(.data)
    USBD_HID_IdleState                       0x200001a8   Data           4  usbd_hid_core.o(.data)
    USBD_HID_CfgDesc                         0x200001ac   Data          41  usbd_hid_core.o(.data)
    HID_MOUSE_ReportDesc                     0x200001d5   Data          33  usbd_hid_core.o(.data)
    .bss                                     0x200001f8   Section    23996  app.o(.bss)
    ImageArrayBuf_trigger                    0x20001e08   Data        6144  app.o(.bss)
    HID_Buffer                               0x20003608   Data          64  app.o(.bss)
    startup_task_stk                         0x20003698   Data         320  app.o(.bss)
    led1_task_stk                            0x200037d8   Data         320  app.o(.bss)
    CAN1_task_stk                            0x20003918   Data        2048  app.o(.bss)
    USB_task_stk                             0x20004118   Data        2048  app.o(.bss)
    CAN2_task_stk                            0x20004918   Data        2048  app.o(.bss)
    CMD_task_stk                             0x20005118   Data        2048  app.o(.bss)
    .bss                                     0x20005fb4   Section     1688  stm32f10x_it.o(.bss)
    .bss                                     0x2000664c   Section       26  bsp.o(.bss)
    .bss                                     0x20006668   Section     4324  os_core.o(.bss)
    .bss                                     0x2000774c   Section       64  usbd_req.o(.bss)
    .bss                                     0x2000778c   Section       64  usbd_hid_core.o(.bss)
    .bss                                     0x200077cc   Section       96  libspace.o(.bss)
    HEAP                                     0x20007830   Section      512  startup_stm32f10x_cl.o(HEAP)
    Heap_Mem                                 0x20007830   Data         512  startup_stm32f10x_cl.o(HEAP)
    STACK                                    0x20007a30   Section     1024  startup_stm32f10x_cl.o(STACK)
    Stack_Mem                                0x20007a30   Data        1024  startup_stm32f10x_cl.o(STACK)
    __initial_sp                             0x20007e30   Data           0  startup_stm32f10x_cl.o(STACK)

    Global Symbols

    Symbol Name                              Value     Ov Type        Size  Object(Section)

    BuildAttributes$$THM_ISAv4$P$D$K$B$S$PE$A:L22UL41UL21$X:L11$S22US41US21$IEEE1$IW$USESV6$~STKCKD$USESV7$~SHL$OSPACE$ROPI$EBA8$UX$STANDARDLIB$REQ8$PRES8$EABIv2 0x00000000   Number         0  anon$$obj.o ABSOLUTE
    __ARM_use_no_argv                        0x00000000   Number         0  app.o ABSOLUTE
    __ARM_exceptions_init                     - Undefined Weak Reference
    __alloca_initialize                       - Undefined Weak Reference
    __cpp_initialize__aeabi_                  - Undefined Weak Reference
    __cxa_finalize                            - Undefined Weak Reference
    __rt_locale                               - Undefined Weak Reference
    __sigvec_lookup                           - Undefined Weak Reference
    _atexit_init                              - Undefined Weak Reference
    _call_atexit_fns                          - Undefined Weak Reference
    _clock_init                               - Undefined Weak Reference
    _fp_trap_init                             - Undefined Weak Reference
    _fp_trap_shutdown                         - Undefined Weak Reference
    _get_lc_collate                           - Undefined Weak Reference
    _get_lc_ctype                             - Undefined Weak Reference
    _get_lc_monetary                          - Undefined Weak Reference
    _get_lc_numeric                           - Undefined Weak Reference
    _get_lc_time                              - Undefined Weak Reference
    _getenv_init                              - Undefined Weak Reference
    _handle_redirection                       - Undefined Weak Reference
    _init_alloc                               - Undefined Weak Reference
    _init_user_alloc                          - Undefined Weak Reference
    _initio                                   - Undefined Weak Reference
    _mutex_acquire                            - Undefined Weak Reference
    _mutex_release                            - Undefined Weak Reference
    _printf_post_padding                      - Undefined Weak Reference
    _printf_pre_padding                       - Undefined Weak Reference
    _printf_truncate_signed                   - Undefined Weak Reference
    _printf_truncate_unsigned                 - Undefined Weak Reference
    _rand_init                                - Undefined Weak Reference
    _signal_finish                            - Undefined Weak Reference
    _signal_init                              - Undefined Weak Reference
    _terminate_alloc                          - Undefined Weak Reference
    _terminate_user_alloc                     - Undefined Weak Reference
    _terminateio                              - Undefined Weak Reference
    __Vectors_Size                           0x00000150   Number         0  startup_stm32f10x_cl.o ABSOLUTE
    __Vectors                                0x08000000   Data           4  startup_stm32f10x_cl.o(RESET)
    __Vectors_End                            0x08000150   Data           0  startup_stm32f10x_cl.o(RESET)
    __main                                   0x08000151   Thumb Code     8  __main.o(!!!main)
    __scatterload                            0x08000159   Thumb Code     0  __scatter.o(!!!scatter)
    __scatterload_rt2                        0x08000159   Thumb Code    44  __scatter.o(!!!scatter)
    __scatterload_rt2_thumb_only             0x08000159   Thumb Code     0  __scatter.o(!!!scatter)
    __scatterload_null                       0x08000167   Thumb Code     0  __scatter.o(!!!scatter)
    __decompress                             0x0800018d   Thumb Code    90  __dczerorl2.o(!!dczerorl2)
    __decompress1                            0x0800018d   Thumb Code     0  __dczerorl2.o(!!dczerorl2)
    __scatterload_zeroinit                   0x080001e9   Thumb Code    28  __scatter_zi.o(!!handler_zi)
    _printf_d                                0x08000205   Thumb Code     0  _printf_d.o(.ARM.Collect$$_printf_percent$$00000009)
    _printf_percent                          0x08000205   Thumb Code     0  _printf_percent.o(.ARM.Collect$$_printf_percent$$00000000)
    _printf_percent_end                      0x0800020b   Thumb Code     0  _printf_percent_end.o(.ARM.Collect$$_printf_percent$$00000017)
    __rt_lib_init                            0x0800020f   Thumb Code     0  libinit.o(.ARM.Collect$$libinit$$00000000)
    __rt_lib_init_alloca_1                   0x08000211   Thumb Code     0  libinit2.o(.ARM.Collect$$libinit$$0000002C)
    __rt_lib_init_argv_1                     0x08000211   Thumb Code     0  libinit2.o(.ARM.Collect$$libinit$$0000002A)
    __rt_lib_init_atexit_1                   0x08000211   Thumb Code     0  libinit2.o(.ARM.Collect$$libinit$$00000019)
    __rt_lib_init_clock_1                    0x08000211   Thumb Code     0  libinit2.o(.ARM.Collect$$libinit$$0000001F)
    __rt_lib_init_cpp_1                      0x08000211   Thumb Code     0  libinit2.o(.ARM.Collect$$libinit$$00000030)
    __rt_lib_init_exceptions_1               0x08000211   Thumb Code     0  libinit2.o(.ARM.Collect$$libinit$$0000002E)
    __rt_lib_init_fp_1                       0x08000211   Thumb Code     0  libinit2.o(.ARM.Collect$$libinit$$00000002)
    __rt_lib_init_fp_trap_1                  0x08000211   Thumb Code     0  libinit2.o(.ARM.Collect$$libinit$$0000001D)
    __rt_lib_init_getenv_1                   0x08000211   Thumb Code     0  libinit2.o(.ARM.Collect$$libinit$$00000021)
    __rt_lib_init_heap_1                     0x08000211   Thumb Code     0  libinit2.o(.ARM.Collect$$libinit$$00000008)
    __rt_lib_init_lc_collate_1               0x08000211   Thumb Code     0  libinit2.o(.ARM.Collect$$libinit$$0000000F)
    __rt_lib_init_lc_ctype_1                 0x08000211   Thumb Code     0  libinit2.o(.ARM.Collect$$libinit$$00000011)
    __rt_lib_init_lc_monetary_1              0x08000211   Thumb Code     0  libinit2.o(.ARM.Collect$$libinit$$00000013)
    __rt_lib_init_lc_numeric_1               0x08000211   Thumb Code     0  libinit2.o(.ARM.Collect$$libinit$$00000015)
    __rt_lib_init_lc_time_1                  0x08000211   Thumb Code     0  libinit2.o(.ARM.Collect$$libinit$$00000017)
    __rt_lib_init_rand_1                     0x08000211   Thumb Code     0  libinit2.o(.ARM.Collect$$libinit$$0000000C)
    __rt_lib_init_return                     0x08000211   Thumb Code     0  libinit2.o(.ARM.Collect$$libinit$$00000031)
    __rt_lib_init_signal_1                   0x08000211   Thumb Code     0  libinit2.o(.ARM.Collect$$libinit$$0000001B)
    __rt_lib_init_stdio_1                    0x08000211   Thumb Code     0  libinit2.o(.ARM.Collect$$libinit$$00000023)
    __rt_lib_init_user_alloc_1               0x08000211   Thumb Code     0  libinit2.o(.ARM.Collect$$libinit$$0000000A)
    __rt_lib_shutdown                        0x08000213   Thumb Code     0  libshutdown.o(.ARM.Collect$$libshutdown$$00000000)
    __rt_lib_shutdown_fp_trap_1              0x08000215   Thumb Code     0  libshutdown2.o(.ARM.Collect$$libshutdown$$00000006)
    __rt_lib_shutdown_heap_1                 0x08000215   Thumb Code     0  libshutdown2.o(.ARM.Collect$$libshutdown$$0000000E)
    __rt_lib_shutdown_return                 0x08000215   Thumb Code     0  libshutdown2.o(.ARM.Collect$$libshutdown$$0000000F)
    __rt_lib_shutdown_signal_1               0x08000215   Thumb Code     0  libshutdown2.o(.ARM.Collect$$libshutdown$$00000009)
    __rt_lib_shutdown_stdio_1                0x08000215   Thumb Code     0  libshutdown2.o(.ARM.Collect$$libshutdown$$00000003)
    __rt_lib_shutdown_user_alloc_1           0x08000215   Thumb Code     0  libshutdown2.o(.ARM.Collect$$libshutdown$$0000000B)
    __rt_entry                               0x08000217   Thumb Code     0  rtentry.o(.ARM.Collect$$rtentry$$00000000)
    __rt_entry_presh_1                       0x08000217   Thumb Code     0  rtentry2.o(.ARM.Collect$$rtentry$$00000002)
    __rt_entry_sh                            0x08000217   Thumb Code     0  rtentry4.o(.ARM.Collect$$rtentry$$00000004)
    __rt_entry_li                            0x0800021d   Thumb Code     0  rtentry2.o(.ARM.Collect$$rtentry$$0000000A)
    __rt_entry_postsh_1                      0x0800021d   Thumb Code     0  rtentry2.o(.ARM.Collect$$rtentry$$00000009)
    __rt_entry_main                          0x08000221   Thumb Code     0  rtentry2.o(.ARM.Collect$$rtentry$$0000000D)
    __rt_entry_postli_1                      0x08000221   Thumb Code     0  rtentry2.o(.ARM.Collect$$rtentry$$0000000C)
    __rt_exit                                0x08000229   Thumb Code     0  rtexit.o(.ARM.Collect$$rtexit$$00000000)
    __rt_exit_ls                             0x0800022b   Thumb Code     0  rtexit2.o(.ARM.Collect$$rtexit$$00000003)
    __rt_exit_prels_1                        0x0800022b   Thumb Code     0  rtexit2.o(.ARM.Collect$$rtexit$$00000002)
    __rt_exit_exit                           0x0800022f   Thumb Code     0  rtexit2.o(.ARM.Collect$$rtexit$$00000004)
    NVIC_PriorityGroupConfig                 0x08000235   Thumb Code    10  misc.o(.text)
    NVIC_Init                                0x0800023f   Thumb Code   102  misc.o(.text)
    NVIC_SetVectorTable                      0x080002a5   Thumb Code    14  misc.o(.text)
    NVIC_SystemLPConfig                      0x080002b3   Thumb Code    34  misc.o(.text)
    SysTick_CLKSourceConfig                  0x080002d5   Thumb Code    40  misc.o(.text)
    RCC_DeInit                               0x08000311   Thumb Code    78  stm32f10x_rcc.o(.text)
    RCC_HSEConfig                            0x0800035f   Thumb Code    70  stm32f10x_rcc.o(.text)
    RCC_GetFlagStatus                        0x080003a5   Thumb Code    56  stm32f10x_rcc.o(.text)
    RCC_WaitForHSEStartUp                    0x080003dd   Thumb Code    56  stm32f10x_rcc.o(.text)
    RCC_AdjustHSICalibrationValue            0x08000415   Thumb Code    20  stm32f10x_rcc.o(.text)
    RCC_HSICmd                               0x08000429   Thumb Code     6  stm32f10x_rcc.o(.text)
    RCC_PLLConfig                            0x0800042f   Thumb Code    24  stm32f10x_rcc.o(.text)
    RCC_PLLCmd                               0x08000447   Thumb Code     6  stm32f10x_rcc.o(.text)
    RCC_PREDIV1Config                        0x0800044d   Thumb Code    24  stm32f10x_rcc.o(.text)
    RCC_PREDIV2Config                        0x08000465   Thumb Code    18  stm32f10x_rcc.o(.text)
    RCC_PLL2Config                           0x08000477   Thumb Code    18  stm32f10x_rcc.o(.text)
    RCC_PLL2Cmd                              0x08000489   Thumb Code     6  stm32f10x_rcc.o(.text)
    RCC_PLL3Config                           0x0800048f   Thumb Code    18  stm32f10x_rcc.o(.text)
    RCC_PLL3Cmd                              0x080004a1   Thumb Code     6  stm32f10x_rcc.o(.text)
    RCC_SYSCLKConfig                         0x080004a7   Thumb Code    18  stm32f10x_rcc.o(.text)
    RCC_GetSYSCLKSource                      0x080004b9   Thumb Code    10  stm32f10x_rcc.o(.text)
    RCC_HCLKConfig                           0x080004c3   Thumb Code    18  stm32f10x_rcc.o(.text)
    RCC_PCLK1Config                          0x080004d5   Thumb Code    18  stm32f10x_rcc.o(.text)
    RCC_PCLK2Config                          0x080004e7   Thumb Code    20  stm32f10x_rcc.o(.text)
    RCC_ITConfig                             0x080004fb   Thumb Code    26  stm32f10x_rcc.o(.text)
    RCC_OTGFSCLKConfig                       0x08000515   Thumb Code     6  stm32f10x_rcc.o(.text)
    RCC_ADCCLKConfig                         0x0800051b   Thumb Code    18  stm32f10x_rcc.o(.text)
    RCC_I2S2CLKConfig                        0x0800052d   Thumb Code     6  stm32f10x_rcc.o(.text)
    RCC_I2S3CLKConfig                        0x08000533   Thumb Code     8  stm32f10x_rcc.o(.text)
    RCC_LSEConfig                            0x0800053b   Thumb Code    44  stm32f10x_rcc.o(.text)
    RCC_LSICmd                               0x08000567   Thumb Code     6  stm32f10x_rcc.o(.text)
    RCC_RTCCLKConfig                         0x0800056d   Thumb Code    12  stm32f10x_rcc.o(.text)
    RCC_RTCCLKCmd                            0x08000579   Thumb Code     8  stm32f10x_rcc.o(.text)
    RCC_GetClocksFreq                        0x08000581   Thumb Code   428  stm32f10x_rcc.o(.text)
    RCC_AHBPeriphClockCmd                    0x0800072d   Thumb Code    26  stm32f10x_rcc.o(.text)
    RCC_APB2PeriphClockCmd                   0x08000747   Thumb Code    26  stm32f10x_rcc.o(.text)
    RCC_APB1PeriphClockCmd                   0x08000761   Thumb Code    26  stm32f10x_rcc.o(.text)
    RCC_AHBPeriphResetCmd                    0x0800077b   Thumb Code    26  stm32f10x_rcc.o(.text)
    RCC_APB2PeriphResetCmd                   0x08000795   Thumb Code    26  stm32f10x_rcc.o(.text)
    RCC_APB1PeriphResetCmd                   0x080007af   Thumb Code    26  stm32f10x_rcc.o(.text)
    RCC_BackupResetCmd                       0x080007c9   Thumb Code     6  stm32f10x_rcc.o(.text)
    RCC_ClockSecuritySystemCmd               0x080007cf   Thumb Code     6  stm32f10x_rcc.o(.text)
    RCC_MCOConfig                            0x080007d5   Thumb Code     6  stm32f10x_rcc.o(.text)
    RCC_ClearFlag                            0x080007db   Thumb Code    14  stm32f10x_rcc.o(.text)
    RCC_GetITStatus                          0x080007e9   Thumb Code    20  stm32f10x_rcc.o(.text)
    RCC_ClearITPendingBit                    0x080007fd   Thumb Code     6  stm32f10x_rcc.o(.text)
    GPIO_DeInit                              0x08000811   Thumb Code   172  stm32f10x_gpio.o(.text)
    GPIO_AFIODeInit                          0x080008bd   Thumb Code    20  stm32f10x_gpio.o(.text)
    GPIO_Init                                0x080008d1   Thumb Code   274  stm32f10x_gpio.o(.text)
    GPIO_StructInit                          0x080009e3   Thumb Code    16  stm32f10x_gpio.o(.text)
    GPIO_ReadInputDataBit                    0x080009f3   Thumb Code    18  stm32f10x_gpio.o(.text)
    GPIO_ReadInputData                       0x08000a05   Thumb Code     8  stm32f10x_gpio.o(.text)
    GPIO_ReadOutputDataBit                   0x08000a0d   Thumb Code    18  stm32f10x_gpio.o(.text)
    GPIO_ReadOutputData                      0x08000a1f   Thumb Code     8  stm32f10x_gpio.o(.text)
    GPIO_SetBits                             0x08000a27   Thumb Code     4  stm32f10x_gpio.o(.text)
    GPIO_ResetBits                           0x08000a2b   Thumb Code     4  stm32f10x_gpio.o(.text)
    GPIO_WriteBit                            0x08000a2f   Thumb Code    10  stm32f10x_gpio.o(.text)
    GPIO_Write                               0x08000a39   Thumb Code     4  stm32f10x_gpio.o(.text)
    GPIO_PinLockConfig                       0x08000a3d   Thumb Code    18  stm32f10x_gpio.o(.text)
    GPIO_EventOutputConfig                   0x08000a4f   Thumb Code    26  stm32f10x_gpio.o(.text)
    GPIO_EventOutputCmd                      0x08000a69   Thumb Code     6  stm32f10x_gpio.o(.text)
    GPIO_PinRemapConfig                      0x08000a6f   Thumb Code   138  stm32f10x_gpio.o(.text)
    GPIO_EXTILineConfig                      0x08000af9   Thumb Code    66  stm32f10x_gpio.o(.text)
    GPIO_ETH_MediaInterfaceConfig            0x08000b3b   Thumb Code     6  stm32f10x_gpio.o(.text)
    TIM_DeInit                               0x08000b69   Thumb Code   424  stm32f10x_tim.o(.text)
    TIM_TimeBaseInit                         0x08000d11   Thumb Code   122  stm32f10x_tim.o(.text)
    TIM_OC1Init                              0x08000d8b   Thumb Code   132  stm32f10x_tim.o(.text)
    TIM_OC2Init                              0x08000e0f   Thumb Code   154  stm32f10x_tim.o(.text)
    TIM_OC3Init                              0x08000ea9   Thumb Code   150  stm32f10x_tim.o(.text)
    TIM_OC4Init                              0x08000f3f   Thumb Code   182  stm32f10x_tim.o(.text)
    TIM_SetIC4Prescaler                      0x08000ff5   Thumb Code    26  stm32f10x_tim.o(.text)
    TIM_SetIC3Prescaler                      0x08001091   Thumb Code    18  stm32f10x_tim.o(.text)
    TIM_SetIC2Prescaler                      0x0800111d   Thumb Code    26  stm32f10x_tim.o(.text)
    TIM_SetIC1Prescaler                      0x080011b9   Thumb Code    18  stm32f10x_tim.o(.text)
    TIM_ICInit                               0x08001237   Thumb Code   150  stm32f10x_tim.o(.text)
    TIM_PWMIConfig                           0x080012cd   Thumb Code   124  stm32f10x_tim.o(.text)
    TIM_BDTRConfig                           0x08001349   Thumb Code    32  stm32f10x_tim.o(.text)
    TIM_TimeBaseStructInit                   0x08001369   Thumb Code    18  stm32f10x_tim.o(.text)
    TIM_OCStructInit                         0x0800137b   Thumb Code    20  stm32f10x_tim.o(.text)
    TIM_ICStructInit                         0x0800138f   Thumb Code    18  stm32f10x_tim.o(.text)
    TIM_BDTRStructInit                       0x080013a1   Thumb Code    40  stm32f10x_tim.o(.text)
    TIM_Cmd                                  0x080013c9   Thumb Code    24  stm32f10x_tim.o(.text)
    TIM_CtrlPWMOutputs                       0x080013e1   Thumb Code    30  stm32f10x_tim.o(.text)
    TIM_ITConfig                             0x080013ff   Thumb Code    18  stm32f10x_tim.o(.text)
    TIM_GenerateEvent                        0x08001411   Thumb Code     4  stm32f10x_tim.o(.text)
    TIM_DMAConfig                            0x08001415   Thumb Code    10  stm32f10x_tim.o(.text)
    TIM_DMACmd                               0x0800141f   Thumb Code    18  stm32f10x_tim.o(.text)
    TIM_InternalClockConfig                  0x08001431   Thumb Code    12  stm32f10x_tim.o(.text)
    TIM_SelectInputTrigger                   0x0800143d   Thumb Code    18  stm32f10x_tim.o(.text)
    TIM_ITRxExternalClockConfig              0x0800144f   Thumb Code    24  stm32f10x_tim.o(.text)
    TIM_TIxExternalClockConfig               0x08001467   Thumb Code    62  stm32f10x_tim.o(.text)
    TIM_ETRConfig                            0x080014a5   Thumb Code    28  stm32f10x_tim.o(.text)
    TIM_ETRClockMode1Config                  0x080014c1   Thumb Code    54  stm32f10x_tim.o(.text)
    TIM_ETRClockMode2Config                  0x080014f7   Thumb Code    32  stm32f10x_tim.o(.text)
    TIM_PrescalerConfig                      0x08001517   Thumb Code     6  stm32f10x_tim.o(.text)
    TIM_CounterModeConfig                    0x0800151d   Thumb Code    18  stm32f10x_tim.o(.text)
    TIM_EncoderInterfaceConfig               0x0800152f   Thumb Code    66  stm32f10x_tim.o(.text)
    TIM_ForcedOC1Config                      0x08001571   Thumb Code    18  stm32f10x_tim.o(.text)
    TIM_ForcedOC2Config                      0x08001583   Thumb Code    26  stm32f10x_tim.o(.text)
    TIM_ForcedOC3Config                      0x0800159d   Thumb Code    18  stm32f10x_tim.o(.text)
    TIM_ForcedOC4Config                      0x080015af   Thumb Code    26  stm32f10x_tim.o(.text)
    TIM_ARRPreloadConfig                     0x080015c9   Thumb Code    24  stm32f10x_tim.o(.text)
    TIM_SelectCOM                            0x080015e1   Thumb Code    24  stm32f10x_tim.o(.text)
    TIM_SelectCCDMA                          0x080015f9   Thumb Code    24  stm32f10x_tim.o(.text)
    TIM_CCPreloadControl                     0x08001611   Thumb Code    24  stm32f10x_tim.o(.text)
    TIM_OC1PreloadConfig                     0x08001629   Thumb Code    18  stm32f10x_tim.o(.text)
    TIM_OC2PreloadConfig                     0x0800163b   Thumb Code    26  stm32f10x_tim.o(.text)
    TIM_OC3PreloadConfig                     0x08001655   Thumb Code    18  stm32f10x_tim.o(.text)
    TIM_OC4PreloadConfig                     0x08001667   Thumb Code    26  stm32f10x_tim.o(.text)
    TIM_OC1FastConfig                        0x08001681   Thumb Code    18  stm32f10x_tim.o(.text)
    TIM_OC2FastConfig                        0x08001693   Thumb Code    26  stm32f10x_tim.o(.text)
    TIM_OC3FastConfig                        0x080016ad   Thumb Code    18  stm32f10x_tim.o(.text)
    TIM_OC4FastConfig                        0x080016bf   Thumb Code    26  stm32f10x_tim.o(.text)
    TIM_ClearOC1Ref                          0x080016d9   Thumb Code    18  stm32f10x_tim.o(.text)
    TIM_ClearOC2Ref                          0x080016eb   Thumb Code    24  stm32f10x_tim.o(.text)
    TIM_ClearOC3Ref                          0x08001703   Thumb Code    18  stm32f10x_tim.o(.text)
    TIM_ClearOC4Ref                          0x08001715   Thumb Code    24  stm32f10x_tim.o(.text)
    TIM_OC1PolarityConfig                    0x0800172d   Thumb Code    18  stm32f10x_tim.o(.text)
    TIM_OC1NPolarityConfig                   0x0800173f   Thumb Code    18  stm32f10x_tim.o(.text)
    TIM_OC2PolarityConfig                    0x08001751   Thumb Code    26  stm32f10x_tim.o(.text)
    TIM_OC2NPolarityConfig                   0x0800176b   Thumb Code    26  stm32f10x_tim.o(.text)
    TIM_OC3PolarityConfig                    0x08001785   Thumb Code    26  stm32f10x_tim.o(.text)
    TIM_OC3NPolarityConfig                   0x0800179f   Thumb Code    26  stm32f10x_tim.o(.text)
    TIM_OC4PolarityConfig                    0x080017b9   Thumb Code    26  stm32f10x_tim.o(.text)
    TIM_CCxCmd                               0x080017d3   Thumb Code    30  stm32f10x_tim.o(.text)
    TIM_CCxNCmd                              0x080017f1   Thumb Code    30  stm32f10x_tim.o(.text)
    TIM_SelectOCxM                           0x0800180f   Thumb Code    82  stm32f10x_tim.o(.text)
    TIM_UpdateDisableConfig                  0x08001861   Thumb Code    24  stm32f10x_tim.o(.text)
    TIM_UpdateRequestConfig                  0x08001879   Thumb Code    24  stm32f10x_tim.o(.text)
    TIM_SelectHallSensor                     0x08001891   Thumb Code    24  stm32f10x_tim.o(.text)
    TIM_SelectOnePulseMode                   0x080018a9   Thumb Code    18  stm32f10x_tim.o(.text)
    TIM_SelectOutputTrigger                  0x080018bb   Thumb Code    18  stm32f10x_tim.o(.text)
    TIM_SelectSlaveMode                      0x080018cd   Thumb Code    18  stm32f10x_tim.o(.text)
    TIM_SelectMasterSlaveMode                0x080018df   Thumb Code    18  stm32f10x_tim.o(.text)
    TIM_SetCounter                           0x080018f1   Thumb Code     4  stm32f10x_tim.o(.text)
    TIM_SetAutoreload                        0x080018f5   Thumb Code     4  stm32f10x_tim.o(.text)
    TIM_SetCompare1                          0x080018f9   Thumb Code     4  stm32f10x_tim.o(.text)
    TIM_SetCompare2                          0x080018fd   Thumb Code     4  stm32f10x_tim.o(.text)
    TIM_SetCompare3                          0x08001901   Thumb Code     4  stm32f10x_tim.o(.text)
    TIM_SetCompare4                          0x08001905   Thumb Code     6  stm32f10x_tim.o(.text)
    TIM_SetClockDivision                     0x0800190b   Thumb Code    18  stm32f10x_tim.o(.text)
    TIM_GetCapture1                          0x0800191d   Thumb Code     6  stm32f10x_tim.o(.text)
    TIM_GetCapture2                          0x08001923   Thumb Code     6  stm32f10x_tim.o(.text)
    TIM_GetCapture3                          0x08001929   Thumb Code     6  stm32f10x_tim.o(.text)
    TIM_GetCapture4                          0x0800192f   Thumb Code     8  stm32f10x_tim.o(.text)
    TIM_GetCounter                           0x08001937   Thumb Code     6  stm32f10x_tim.o(.text)
    TIM_GetPrescaler                         0x0800193d   Thumb Code     6  stm32f10x_tim.o(.text)
    TIM_GetFlagStatus                        0x08001943   Thumb Code    18  stm32f10x_tim.o(.text)
    TIM_ClearFlag                            0x08001955   Thumb Code     6  stm32f10x_tim.o(.text)
    TIM_GetITStatus                          0x0800195b   Thumb Code    34  stm32f10x_tim.o(.text)
    TIM_ClearITPendingBit                    0x0800197d   Thumb Code     6  stm32f10x_tim.o(.text)
    USART_DeInit                             0x08001985   Thumb Code   134  stm32f10x_usart.o(.text)
    USART_Init                               0x08001a0b   Thumb Code   210  stm32f10x_usart.o(.text)
    USART_StructInit                         0x08001add   Thumb Code    24  stm32f10x_usart.o(.text)
    USART_ClockInit                          0x08001af5   Thumb Code    34  stm32f10x_usart.o(.text)
    USART_ClockStructInit                    0x08001b17   Thumb Code    12  stm32f10x_usart.o(.text)
    USART_Cmd                                0x08001b23   Thumb Code    24  stm32f10x_usart.o(.text)
    USART_ITConfig                           0x08001b3b   Thumb Code    74  stm32f10x_usart.o(.text)
    USART_DMACmd                             0x08001b85   Thumb Code    18  stm32f10x_usart.o(.text)
    USART_SetAddress                         0x08001b97   Thumb Code    18  stm32f10x_usart.o(.text)
    USART_WakeUpConfig                       0x08001ba9   Thumb Code    18  stm32f10x_usart.o(.text)
    USART_ReceiverWakeUpCmd                  0x08001bbb   Thumb Code    24  stm32f10x_usart.o(.text)
    USART_LINBreakDetectLengthConfig         0x08001bd3   Thumb Code    18  stm32f10x_usart.o(.text)
    USART_LINCmd                             0x08001be5   Thumb Code    24  stm32f10x_usart.o(.text)
    USART_SendData                           0x08001bfd   Thumb Code     8  stm32f10x_usart.o(.text)
    USART_ReceiveData                        0x08001c05   Thumb Code    10  stm32f10x_usart.o(.text)
    USART_SendBreak                          0x08001c0f   Thumb Code    10  stm32f10x_usart.o(.text)
    USART_SetGuardTime                       0x08001c19   Thumb Code    16  stm32f10x_usart.o(.text)
    USART_SetPrescaler                       0x08001c29   Thumb Code    16  stm32f10x_usart.o(.text)
    USART_SmartCardCmd                       0x08001c39   Thumb Code    24  stm32f10x_usart.o(.text)
    USART_SmartCardNACKCmd                   0x08001c51   Thumb Code    24  stm32f10x_usart.o(.text)
    USART_HalfDuplexCmd                      0x08001c69   Thumb Code    24  stm32f10x_usart.o(.text)
    USART_OverSampling8Cmd                   0x08001c81   Thumb Code    22  stm32f10x_usart.o(.text)
    USART_OneBitMethodCmd                    0x08001c97   Thumb Code    24  stm32f10x_usart.o(.text)
    USART_IrDAConfig                         0x08001caf   Thumb Code    18  stm32f10x_usart.o(.text)
    USART_IrDACmd                            0x08001cc1   Thumb Code    24  stm32f10x_usart.o(.text)
    USART_GetFlagStatus                      0x08001cd9   Thumb Code    26  stm32f10x_usart.o(.text)
    USART_ClearFlag                          0x08001cf3   Thumb Code    18  stm32f10x_usart.o(.text)
    USART_GetITStatus                        0x08001d05   Thumb Code    84  stm32f10x_usart.o(.text)
    USART_ClearITPendingBit                  0x08001d59   Thumb Code    52  stm32f10x_usart.o(.text)
    SystemInit                               0x08001e99   Thumb Code    92  system_stm32f10x.o(.text)
    SystemCoreClockUpdate                    0x08001ef5   Thumb Code   232  system_stm32f10x.o(.text)
    Reset_Handler                            0x08002009   Thumb Code     8  startup_stm32f10x_cl.o(.text)
    ADC1_2_IRQHandler                        0x08002023   Thumb Code     0  startup_stm32f10x_cl.o(.text)
    CAN1_RX1_IRQHandler                      0x08002023   Thumb Code     0  startup_stm32f10x_cl.o(.text)
    CAN1_SCE_IRQHandler                      0x08002023   Thumb Code     0  startup_stm32f10x_cl.o(.text)
    CAN2_RX0_IRQHandler                      0x08002023   Thumb Code     0  startup_stm32f10x_cl.o(.text)
    CAN2_SCE_IRQHandler                      0x08002023   Thumb Code     0  startup_stm32f10x_cl.o(.text)
    DMA1_Channel1_IRQHandler                 0x08002023   Thumb Code     0  startup_stm32f10x_cl.o(.text)
    DMA1_Channel2_IRQHandler                 0x08002023   Thumb Code     0  startup_stm32f10x_cl.o(.text)
    DMA1_Channel3_IRQHandler                 0x08002023   Thumb Code     0  startup_stm32f10x_cl.o(.text)
    DMA1_Channel4_IRQHandler                 0x08002023   Thumb Code     0  startup_stm32f10x_cl.o(.text)
    DMA1_Channel5_IRQHandler                 0x08002023   Thumb Code     0  startup_stm32f10x_cl.o(.text)
    DMA1_Channel6_IRQHandler                 0x08002023   Thumb Code     0  startup_stm32f10x_cl.o(.text)
    DMA1_Channel7_IRQHandler                 0x08002023   Thumb Code     0  startup_stm32f10x_cl.o(.text)
    DMA2_Channel1_IRQHandler                 0x08002023   Thumb Code     0  startup_stm32f10x_cl.o(.text)
    DMA2_Channel2_IRQHandler                 0x08002023   Thumb Code     0  startup_stm32f10x_cl.o(.text)
    DMA2_Channel3_IRQHandler                 0x08002023   Thumb Code     0  startup_stm32f10x_cl.o(.text)
    DMA2_Channel4_IRQHandler                 0x08002023   Thumb Code     0  startup_stm32f10x_cl.o(.text)
    DMA2_Channel5_IRQHandler                 0x08002023   Thumb Code     0  startup_stm32f10x_cl.o(.text)
    ETH_IRQHandler                           0x08002023   Thumb Code     0  startup_stm32f10x_cl.o(.text)
    ETH_WKUP_IRQHandler                      0x08002023   Thumb Code     0  startup_stm32f10x_cl.o(.text)
    EXTI0_IRQHandler                         0x08002023   Thumb Code     0  startup_stm32f10x_cl.o(.text)
    EXTI15_10_IRQHandler                     0x08002023   Thumb Code     0  startup_stm32f10x_cl.o(.text)
    EXTI1_IRQHandler                         0x08002023   Thumb Code     0  startup_stm32f10x_cl.o(.text)
    EXTI2_IRQHandler                         0x08002023   Thumb Code     0  startup_stm32f10x_cl.o(.text)
    EXTI3_IRQHandler                         0x08002023   Thumb Code     0  startup_stm32f10x_cl.o(.text)
    EXTI4_IRQHandler                         0x08002023   Thumb Code     0  startup_stm32f10x_cl.o(.text)
    EXTI9_5_IRQHandler                       0x08002023   Thumb Code     0  startup_stm32f10x_cl.o(.text)
    FLASH_IRQHandler                         0x08002023   Thumb Code     0  startup_stm32f10x_cl.o(.text)
    I2C1_ER_IRQHandler                       0x08002023   Thumb Code     0  startup_stm32f10x_cl.o(.text)
    I2C1_EV_IRQHandler                       0x08002023   Thumb Code     0  startup_stm32f10x_cl.o(.text)
    I2C2_ER_IRQHandler                       0x08002023   Thumb Code     0  startup_stm32f10x_cl.o(.text)
    I2C2_EV_IRQHandler                       0x08002023   Thumb Code     0  startup_stm32f10x_cl.o(.text)
    OTG_FS_WKUP_IRQHandler                   0x08002023   Thumb Code     0  startup_stm32f10x_cl.o(.text)
    PVD_IRQHandler                           0x08002023   Thumb Code     0  startup_stm32f10x_cl.o(.text)
    RCC_IRQHandler                           0x08002023   Thumb Code     0  startup_stm32f10x_cl.o(.text)
    RTCAlarm_IRQHandler                      0x08002023   Thumb Code     0  startup_stm32f10x_cl.o(.text)
    RTC_IRQHandler                           0x08002023   Thumb Code     0  startup_stm32f10x_cl.o(.text)
    SPI1_IRQHandler                          0x08002023   Thumb Code     0  startup_stm32f10x_cl.o(.text)
    SPI2_IRQHandler                          0x08002023   Thumb Code     0  startup_stm32f10x_cl.o(.text)
    SPI3_IRQHandler                          0x08002023   Thumb Code     0  startup_stm32f10x_cl.o(.text)
    TAMPER_IRQHandler                        0x08002023   Thumb Code     0  startup_stm32f10x_cl.o(.text)
    TIM1_BRK_IRQHandler                      0x08002023   Thumb Code     0  startup_stm32f10x_cl.o(.text)
    TIM1_CC_IRQHandler                       0x08002023   Thumb Code     0  startup_stm32f10x_cl.o(.text)
    TIM1_TRG_COM_IRQHandler                  0x08002023   Thumb Code     0  startup_stm32f10x_cl.o(.text)
    TIM1_UP_IRQHandler                       0x08002023   Thumb Code     0  startup_stm32f10x_cl.o(.text)
    TIM2_IRQHandler                          0x08002023   Thumb Code     0  startup_stm32f10x_cl.o(.text)
    TIM4_IRQHandler                          0x08002023   Thumb Code     0  startup_stm32f10x_cl.o(.text)
    TIM5_IRQHandler                          0x08002023   Thumb Code     0  startup_stm32f10x_cl.o(.text)
    TIM6_IRQHandler                          0x08002023   Thumb Code     0  startup_stm32f10x_cl.o(.text)
    TIM7_IRQHandler                          0x08002023   Thumb Code     0  startup_stm32f10x_cl.o(.text)
    UART4_IRQHandler                         0x08002023   Thumb Code     0  startup_stm32f10x_cl.o(.text)
    UART5_IRQHandler                         0x08002023   Thumb Code     0  startup_stm32f10x_cl.o(.text)
    USART2_IRQHandler                        0x08002023   Thumb Code     0  startup_stm32f10x_cl.o(.text)
    USART3_IRQHandler                        0x08002023   Thumb Code     0  startup_stm32f10x_cl.o(.text)
    WWDG_IRQHandler                          0x08002023   Thumb Code     0  startup_stm32f10x_cl.o(.text)
    __user_initial_stackheap                 0x08002025   Thumb Code     0  startup_stm32f10x_cl.o(.text)
    CAN_DeInit                               0x08002049   Thumb Code    50  stm32f10x_can.o(.text)
    CAN_Init                                 0x0800207b   Thumb Code   276  stm32f10x_can.o(.text)
    CAN_FilterInit                           0x0800218f   Thumb Code   258  stm32f10x_can.o(.text)
    CAN_StructInit                           0x08002291   Thumb Code    32  stm32f10x_can.o(.text)
    CAN_SlaveStartBank                       0x080022b1   Thumb Code    48  stm32f10x_can.o(.text)
    CAN_DBGFreeze                            0x080022e1   Thumb Code    22  stm32f10x_can.o(.text)
    CAN_TTComModeCmd                         0x080022f7   Thumb Code   118  stm32f10x_can.o(.text)
    CAN_Transmit                             0x0800236d   Thumb Code   304  stm32f10x_can.o(.text)
    CAN_TransmitStatus                       0x0800249d   Thumb Code   138  stm32f10x_can.o(.text)
    CAN_CancelTransmit                       0x08002527   Thumb Code    48  stm32f10x_can.o(.text)
    CAN_Receive                              0x08002557   Thumb Code   240  stm32f10x_can.o(.text)
    CAN_FIFORelease                          0x08002647   Thumb Code    22  stm32f10x_can.o(.text)
    CAN_MessagePending                       0x0800265d   Thumb Code    30  stm32f10x_can.o(.text)
    CAN_OperatingModeRequest                 0x0800267b   Thumb Code   162  stm32f10x_can.o(.text)
    CAN_Sleep                                0x0800271d   Thumb Code    30  stm32f10x_can.o(.text)
    CAN_WakeUp                               0x0800273b   Thumb Code    48  stm32f10x_can.o(.text)
    CAN_GetLastErrorCode                     0x0800276b   Thumb Code    12  stm32f10x_can.o(.text)
    CAN_GetReceiveErrorCounter               0x08002777   Thumb Code    10  stm32f10x_can.o(.text)
    CAN_GetLSBTransmitErrorCounter           0x08002781   Thumb Code    12  stm32f10x_can.o(.text)
    CAN_ITConfig                             0x0800278d   Thumb Code    18  stm32f10x_can.o(.text)
    CAN_GetFlagStatus                        0x0800279f   Thumb Code   120  stm32f10x_can.o(.text)
    CAN_ClearFlag                            0x08002817   Thumb Code    52  stm32f10x_can.o(.text)
    CAN_GetITStatus                          0x0800285b   Thumb Code   308  stm32f10x_can.o(.text)
    CAN_ClearITPendingBit                    0x0800298f   Thumb Code   162  stm32f10x_can.o(.text)
    CAN1_Config                              0x08002abb   Thumb Code   252  app.o(.text)
    CAN2_Config                              0x08002bb7   Thumb Code   244  app.o(.text)
    CAN_SendData                             0x08002cab   Thumb Code    42  app.o(.text)
    CAN1_Send_pending                        0x0800312b   Thumb Code   118  app.o(.text)
    PacketChkSum                             0x08003263   Thumb Code   116  app.o(.text)
    USBRes                                   0x080032d7   Thumb Code   126  app.o(.text)
    USBResFromCAN                            0x08003355   Thumb Code   106  app.o(.text)
    main                                     0x080047c1   Thumb Code    30  app.o(.text)
    NMI_Handler                              0x0800483d   Thumb Code     2  stm32f10x_it.o(.text)
    USART1_IRQHandler                        0x0800483f   Thumb Code   134  stm32f10x_it.o(.text)
    HardFault_Handler                        0x080048c5   Thumb Code     4  stm32f10x_it.o(.text)
    MemManage_Handler                        0x080048c9   Thumb Code     4  stm32f10x_it.o(.text)
    CAN1_RX0_IRQHandler                      0x080048cd   Thumb Code   214  stm32f10x_it.o(.text)
    CAN2_RX1_IRQHandler                      0x080049a3   Thumb Code   394  stm32f10x_it.o(.text)
    CAN1_TX_IRQHandler                       0x08004b2d   Thumb Code    50  stm32f10x_it.o(.text)
    CAN2_TX_IRQHandler                       0x08004b5f   Thumb Code    50  stm32f10x_it.o(.text)
    TIM3_IRQHandler                          0x08004b91   Thumb Code    58  stm32f10x_it.o(.text)
    BusFault_Handler                         0x08004bcb   Thumb Code     4  stm32f10x_it.o(.text)
    UsageFault_Handler                       0x08004bcf   Thumb Code     4  stm32f10x_it.o(.text)
    SVC_Handler                              0x08004bd3   Thumb Code     2  stm32f10x_it.o(.text)
    DebugMon_Handler                         0x08004bd5   Thumb Code     2  stm32f10x_it.o(.text)
    SysTick_Handler                          0x08004bd7   Thumb Code    34  stm32f10x_it.o(.text)
    OTG_FS_IRQHandler                        0x08004bf9   Thumb Code    36  stm32f10x_it.o(.text)
    _sys_exit                                0x08004cc9   Thumb Code     6  usart.o(.text)
    fputc                                    0x08004ccf   Thumb Code    22  usart.o(.text)
    uart_init                                0x08004ce5   Thumb Code    68  usart.o(.text)
    uart2_init                               0x08004d29   Thumb Code   122  usart.o(.text)
    SetPoint_Check                           0x08004db1   Thumb Code    64  pcr_control.o(.text)
    SetPoint_Copy                            0x08004df1   Thumb Code    42  pcr_control.o(.text)
    NVIC_Configuration                       0x08004e25   Thumb Code    62  bsp.o(.text)
    CAN_Config                               0x08004e63   Thumb Code   138  bsp.o(.text)
    All_GPIO_Init                            0x08004eed   Thumb Code   230  bsp.o(.text)
    led_off                                  0x08004fd3   Thumb Code    42  bsp.o(.text)
    BSP_Init                                 0x0800503d   Thumb Code    44  bsp.o(.text)
    led_on                                   0x08005069   Thumb Code    42  bsp.o(.text)
    TIM3_PWM_Init                            0x08005093   Thumb Code   204  bsp.o(.text)
    Init_RxMes                               0x0800515f   Thumb Code    36  bsp.o(.text)
    USB_OTG_BSP_Init                         0x080051b5   Thumb Code    28  usb_bsp.o(.text)
    USB_OTG_BSP_EnableInterrupt              0x080051d1   Thumb Code    44  usb_bsp.o(.text)
    USB_OTG_BSP_uDelay                       0x080051fd   Thumb Code    30  usb_bsp.o(.text)
    USB_OTG_BSP_mDelay                       0x0800521b   Thumb Code    18  usb_bsp.o(.text)
    USBD_USR_DeviceDescriptor                0x0800522d   Thumb Code    10  usbd_desc.o(.text)
    USBD_USR_LangIDStrDescriptor             0x08005237   Thumb Code    10  usbd_desc.o(.text)
    USBD_USR_ProductStrDescriptor            0x08005241   Thumb Code    34  usbd_desc.o(.text)
    USBD_USR_ManufacturerStrDescriptor       0x08005263   Thumb Code    20  usbd_desc.o(.text)
    USBD_USR_SerialStrDescriptor             0x08005277   Thumb Code    34  usbd_desc.o(.text)
    USBD_USR_ConfigStrDescriptor             0x08005299   Thumb Code    34  usbd_desc.o(.text)
    USBD_USR_InterfaceStrDescriptor          0x080052bb   Thumb Code    34  usbd_desc.o(.text)
    USBD_USR_Init                            0x08005351   Thumb Code     2  usbd_usr.o(.text)
    USBD_USR_DeviceReset                     0x08005353   Thumb Code     2  usbd_usr.o(.text)
    USBD_USR_DeviceConfigured                0x08005355   Thumb Code     2  usbd_usr.o(.text)
    USBD_USR_DeviceConnected                 0x08005357   Thumb Code     2  usbd_usr.o(.text)
    USBD_USR_DeviceDisconnected              0x08005359   Thumb Code     2  usbd_usr.o(.text)
    USBD_USR_DeviceSuspended                 0x0800535b   Thumb Code     2  usbd_usr.o(.text)
    USBD_USR_DeviceResumed                   0x0800535d   Thumb Code     2  usbd_usr.o(.text)
    OS_StrCopy                               0x08005361   Thumb Code    28  os_core.o(.text)
    OSEventNameGet                           0x0800537d   Thumb Code   100  os_core.o(.text)
    OS_StrLen                                0x080053e1   Thumb Code    20  os_core.o(.text)
    OSEventNameSet                           0x080053f5   Thumb Code   120  os_core.o(.text)
    OS_TaskIdle                              0x0800546d   Thumb Code    32  os_core.o(.text)
    OS_MemClr                                0x080054c1   Thumb Code    18  os_core.o(.text)
    OSInit                                   0x080055bd   Thumb Code    40  os_core.o(.text)
    OSIntEnter                               0x080055e5   Thumb Code    28  os_core.o(.text)
    OSIntExit                                0x0800561b   Thumb Code   112  os_core.o(.text)
    OSStart                                  0x0800568b   Thumb Code    48  os_core.o(.text)
    OSTimeTick                               0x080056bb   Thumb Code   334  os_core.o(.text)
    OSVersion                                0x08005809   Thumb Code     6  os_core.o(.text)
    OS_Dummy                                 0x0800580f   Thumb Code     2  os_core.o(.text)
    OS_EventTaskRemove                       0x08005811   Thumb Code    42  os_core.o(.text)
    OS_EventTaskRdy                          0x0800583b   Thumb Code   118  os_core.o(.text)
    OS_EventTaskWait                         0x080058b1   Thumb Code   112  os_core.o(.text)
    OS_EventWaitListInit                     0x08005921   Thumb Code    28  os_core.o(.text)
    OS_MemCopy                               0x0800593d   Thumb Code    20  os_core.o(.text)
    OS_Sched                                 0x08005951   Thumb Code    86  os_core.o(.text)
    OS_TCBInit                               0x080059a7   Thumb Code   276  os_core.o(.text)
    OSFlagAccept                             0x08005af5   Thumb Code   252  os_flag.o(.text)
    OSFlagCreate                             0x08005bf1   Thumb Code    92  os_flag.o(.text)
    OS_FlagUnlink                            0x08005c4d   Thumb Code    36  os_flag.o(.text)
    OSFlagDel                                0x08005cd1   Thumb Code   224  os_flag.o(.text)
    OSFlagNameGet                            0x08005db1   Thumb Code    82  os_flag.o(.text)
    OSFlagNameSet                            0x08005e03   Thumb Code   102  os_flag.o(.text)
    OSFlagPend                               0x08005f01   Thumb Code   614  os_flag.o(.text)
    OSFlagPendGetFlagsRdy                    0x08006167   Thumb Code    26  os_flag.o(.text)
    OSFlagPost                               0x08006181   Thumb Code   312  os_flag.o(.text)
    OSFlagQuery                              0x080062b9   Thumb Code    48  os_flag.o(.text)
    OS_FlagInit                              0x080062e9   Thumb Code    68  os_flag.o(.text)
    OSMboxAccept                             0x08006339   Thumb Code    38  os_mbox.o(.text)
    OSMboxCreate                             0x0800635f   Thumb Code    78  os_mbox.o(.text)
    OSMboxDel                                0x080063ad   Thumb Code   220  os_mbox.o(.text)
    OSMboxPend                               0x08006489   Thumb Code   250  os_mbox.o(.text)
    OSMboxPendAbort                          0x08006583   Thumb Code   128  os_mbox.o(.text)
    OSMboxPost                               0x08006603   Thumb Code    80  os_mbox.o(.text)
    OSMboxPostOpt                            0x08006653   Thumb Code   120  os_mbox.o(.text)
    OSMboxQuery                              0x080066cb   Thumb Code    76  os_mbox.o(.text)
    OSQAccept                                0x08006729   Thumb Code    90  os_q.o(.text)
    OSQCreate                                0x08006783   Thumb Code   150  os_q.o(.text)
    OSQDel                                   0x08006819   Thumb Code   254  os_q.o(.text)
    OSQFlush                                 0x08006917   Thumb Code    36  os_q.o(.text)
    OSQPend                                  0x0800693b   Thumb Code   278  os_q.o(.text)
    OSQPendAbort                             0x08006a51   Thumb Code   128  os_q.o(.text)
    OSQPost                                  0x08006ad1   Thumb Code   114  os_q.o(.text)
    OSQPostFront                             0x08006b43   Thumb Code   136  os_q.o(.text)
    OSQPostOpt                               0x08006bcb   Thumb Code   182  os_q.o(.text)
    OSQQuery                                 0x08006c81   Thumb Code   100  os_q.o(.text)
    OS_QInit                                 0x08006ce5   Thumb Code    46  os_q.o(.text)
    OSSemAccept                              0x08006d1d   Thumb Code    44  os_sem.o(.text)
    OSSemCreate                              0x08006d49   Thumb Code    78  os_sem.o(.text)
    OSSemDel                                 0x08006d97   Thumb Code   220  os_sem.o(.text)
    OSSemPend                                0x08006e73   Thumb Code   228  os_sem.o(.text)
    OSSemPendAbort                           0x08006f57   Thumb Code   128  os_sem.o(.text)
    OSSemPost                                0x08006fd7   Thumb Code    88  os_sem.o(.text)
    OSSemQuery                               0x0800702f   Thumb Code    82  os_sem.o(.text)
    OSSemSet                                 0x08007081   Thumb Code    68  os_sem.o(.text)
    OSTaskCreate                             0x080070d5   Thumb Code   150  os_task.o(.text)
    OSTaskCreateExt                          0x0800716b   Thumb Code   162  os_task.o(.text)
    OSTaskDel                                0x0800720d   Thumb Code   306  os_task.o(.text)
    OSTaskDelReq                             0x0800733f   Thumb Code   100  os_task.o(.text)
    OSTaskNameGet                            0x080073a3   Thumb Code   116  os_task.o(.text)
    OSTaskNameSet                            0x08007417   Thumb Code   132  os_task.o(.text)
    OSTimeDly                                0x080074c5   Thumb Code    96  os_time.o(.text)
    OSTimeDlyHMSM                            0x08007525   Thumb Code   108  os_time.o(.text)
    OSTimeDlyResume                          0x08007591   Thumb Code   176  os_time.o(.text)
    OSTimeGet                                0x08007641   Thumb Code    24  os_time.o(.text)
    OSTimeSet                                0x08007659   Thumb Code    24  os_time.o(.text)
    OS_CPU_SR_Save                           0x08007689   Thumb Code     0  os_cpu_a.o(.text)
    OS_CPU_SR_Restore                        0x08007691   Thumb Code     0  os_cpu_a.o(.text)
    OSStartHighRdy                           0x08007697   Thumb Code     0  os_cpu_a.o(.text)
    OSCtxSw                                  0x080076b7   Thumb Code     0  os_cpu_a.o(.text)
    OSIntCtxSw                               0x080076c1   Thumb Code     0  os_cpu_a.o(.text)
    PendSV_Handler                           0x080076cb   Thumb Code     0  os_cpu_a.o(.text)
    OSInitHookBegin                          0x0800772d   Thumb Code     2  os_cpu_c.o(.text)
    OSInitHookEnd                            0x0800772f   Thumb Code     2  os_cpu_c.o(.text)
    OSTaskCreateHook                         0x08007731   Thumb Code     2  os_cpu_c.o(.text)
    OSTaskDelHook                            0x08007733   Thumb Code     2  os_cpu_c.o(.text)
    OSTaskIdleHook                           0x08007735   Thumb Code     2  os_cpu_c.o(.text)
    OSTaskStatHook                           0x08007737   Thumb Code     2  os_cpu_c.o(.text)
    OSTaskStkInit                            0x08007739   Thumb Code   154  os_cpu_c.o(.text)
    OSTaskSwHook                             0x080077d3   Thumb Code     2  os_cpu_c.o(.text)
    OSTCBInitHook                            0x080077d5   Thumb Code     2  os_cpu_c.o(.text)
    OSTimeTickHook                           0x080077d7   Thumb Code     2  os_cpu_c.o(.text)
    USBD_DeInit                              0x080077d9   Thumb Code     6  usbd_core.o(.text)
    USBD_Init                                0x080077df   Thumb Code    66  usbd_core.o(.text)
    USBD_SetCfg                              0x08007a73   Thumb Code    30  usbd_core.o(.text)
    USBD_ClrCfg                              0x08007a91   Thumb Code    22  usbd_core.o(.text)
    USBD_CtlSendData                         0x08007b0d   Thumb Code    46  usbd_ioreq.o(.text)
    USBD_CtlContinueSendData                 0x08007b3b   Thumb Code    30  usbd_ioreq.o(.text)
    USBD_CtlPrepareRx                        0x08007b59   Thumb Code    46  usbd_ioreq.o(.text)
    USBD_CtlContinueRx                       0x08007b87   Thumb Code    30  usbd_ioreq.o(.text)
    USBD_CtlSendStatus                       0x08007ba5   Thumb Code    36  usbd_ioreq.o(.text)
    USBD_CtlReceiveStatus                    0x08007bc9   Thumb Code    36  usbd_ioreq.o(.text)
    USBD_GetRxCount                          0x08007bed   Thumb Code    20  usbd_ioreq.o(.text)
    USBD_CtlError                            0x08007c01   Thumb Code    30  usbd_req.o(.text)
    USBD_StdDevReq                           0x08007fe9   Thumb Code   114  usbd_req.o(.text)
    USBD_StdItfReq                           0x0800805b   Thumb Code    76  usbd_req.o(.text)
    USBD_StdEPReq                            0x080080a7   Thumb Code   360  usbd_req.o(.text)
    USBD_ParseSetupRequest                   0x0800820f   Thumb Code    72  usbd_req.o(.text)
    USBD_GetString                           0x0800826b   Thumb Code    82  usbd_req.o(.text)
    USBD_HID_SendReport                      0x080083df   Thumb Code    34  usbd_hid_core.o(.text)
    USB_OTG_WritePacket                      0x0800854d   Thumb Code    64  usb_core.o(.text)
    USB_OTG_ReadPacket                       0x0800858d   Thumb Code    40  usb_core.o(.text)
    USB_OTG_SelectCore                       0x080085b5   Thumb Code   208  usb_core.o(.text)
    USB_OTG_CoreInit                         0x08008685   Thumb Code   282  usb_core.o(.text)
    USB_OTG_EnableGlobalInt                  0x0800879f   Thumb Code    34  usb_core.o(.text)
    USB_OTG_DisableGlobalInt                 0x080087c1   Thumb Code    34  usb_core.o(.text)
    USB_OTG_FlushTxFifo                      0x080087e3   Thumb Code    80  usb_core.o(.text)
    USB_OTG_FlushRxFifo                      0x08008833   Thumb Code    70  usb_core.o(.text)
    USB_OTG_SetCurrentMode                   0x08008879   Thumb Code    78  usb_core.o(.text)
    USB_OTG_GetMode                          0x080088c7   Thumb Code    12  usb_core.o(.text)
    USB_OTG_IsDeviceMode                     0x080088d3   Thumb Code    30  usb_core.o(.text)
    USB_OTG_IsHostMode                       0x080088f1   Thumb Code    20  usb_core.o(.text)
    USB_OTG_ReadCoreItr                      0x08008905   Thumb Code    16  usb_core.o(.text)
    USB_OTG_ReadOtgItr                       0x08008915   Thumb Code     8  usb_core.o(.text)
    USB_OTG_InitDevSpeed                     0x0800891d   Thumb Code    24  usb_core.o(.text)
    USB_OTG_EnableDevInt                     0x08008935   Thumb Code   174  usb_core.o(.text)
    USB_OTG_CoreInitDev                      0x080089e3   Thumb Code   522  usb_core.o(.text)
    USB_OTG_GetDeviceSpeed                   0x08008bed   Thumb Code    52  usb_core.o(.text)
    USB_OTG_EP0Activate                      0x08008c21   Thumb Code   106  usb_core.o(.text)
    USB_OTG_EPActivate                       0x08008c8b   Thumb Code   152  usb_core.o(.text)
    USB_OTG_EPDeactivate                     0x08008d23   Thumb Code    94  usb_core.o(.text)
    USB_OTG_EPStartXfer                      0x08008d81   Thumb Code   506  usb_core.o(.text)
    USB_OTG_EP0StartXfer                     0x08008f7b   Thumb Code   342  usb_core.o(.text)
    USB_OTG_EPSetStall                       0x080090d1   Thumb Code   100  usb_core.o(.text)
    USB_OTG_EPClearStall                     0x08009135   Thumb Code    80  usb_core.o(.text)
    USB_OTG_ReadDevAllOutEp_itr              0x08009185   Thumb Code    16  usb_core.o(.text)
    USB_OTG_ReadDevOutEP_itr                 0x08009195   Thumb Code    20  usb_core.o(.text)
    USB_OTG_ReadDevAllInEPItr                0x080091a9   Thumb Code    16  usb_core.o(.text)
    USB_OTG_EP0_OutStart                     0x080091b9   Thumb Code    98  usb_core.o(.text)
    USB_OTG_ActiveRemoteWakeup               0x0800921b   Thumb Code   106  usb_core.o(.text)
    USB_OTG_UngateClock                      0x08009285   Thumb Code    54  usb_core.o(.text)
    USB_OTG_StopDevice                       0x080092bb   Thumb Code    82  usb_core.o(.text)
    USB_OTG_GetEPStatus                      0x0800930d   Thumb Code   106  usb_core.o(.text)
    USB_OTG_SetEPStatus                      0x08009377   Thumb Code   282  usb_core.o(.text)
    DCD_Init                                 0x08009491   Thumb Code   156  usb_dcd.o(.text)
    DCD_EP_Open                              0x0800952d   Thumb Code   104  usb_dcd.o(.text)
    DCD_EP_Close                             0x08009595   Thumb Code    74  usb_dcd.o(.text)
    DCD_EP_PrepareRx                         0x080095df   Thumb Code    82  usb_dcd.o(.text)
    DCD_EP_Tx                                0x08009631   Thumb Code    78  usb_dcd.o(.text)
    DCD_EP_Stall                             0x0800967f   Thumb Code    72  usb_dcd.o(.text)
    DCD_EP_ClrStall                          0x080096c7   Thumb Code    72  usb_dcd.o(.text)
    DCD_EP_Flush                             0x0800970f   Thumb Code    36  usb_dcd.o(.text)
    DCD_EP_SetAddress                        0x08009733   Thumb Code    28  usb_dcd.o(.text)
    DCD_DevConnect                           0x0800974f   Thumb Code    32  usb_dcd.o(.text)
    DCD_DevDisconnect                        0x0800976f   Thumb Code    34  usb_dcd.o(.text)
    DCD_GetEPStatus                          0x08009791   Thumb Code    64  usb_dcd.o(.text)
    DCD_SetEPStatus                          0x080097d1   Thumb Code    62  usb_dcd.o(.text)
    USBD_OTG_ISR_Handler                     0x08009ee7   Thumb Code   256  usb_dcd_int.o(.text)
    __use_no_semihosting                     0x08009fed   Thumb Code     2  use_no_semi_2.o(.text)
    __2printf                                0x08009ff1   Thumb Code    20  noretval__2printf.o(.text)
    __printf                                 0x0800a009   Thumb Code   104  __printf.o(.text)
    _printf_int_dec                          0x0800a071   Thumb Code   102  _printf_dec.o(.text)
    __use_two_region_memory                  0x0800a0e9   Thumb Code     2  heapauxi.o(.text)
    __rt_heap_escrow$2region                 0x0800a0eb   Thumb Code     2  heapauxi.o(.text)
    __rt_heap_expand$2region                 0x0800a0ed   Thumb Code     2  heapauxi.o(.text)
    __I$use$semihosting                      0x0800a0ef   Thumb Code     0  use_no_semi.o(.text)
    __use_no_semihosting_swi                 0x0800a0ef   Thumb Code     2  use_no_semi.o(.text)
    _printf_int_common                       0x0800a0f1   Thumb Code   184  _printf_intcommon.o(.text)
    _printf_char_file                        0x0800a1a9   Thumb Code    32  _printf_char_file.o(.text)
    _printf_char_common                      0x0800a1d7   Thumb Code    32  _printf_char_common.o(.text)
    ferror                                   0x0800a1fd   Thumb Code     8  ferror.o(.text)
    __user_setup_stackheap                   0x0800a205   Thumb Code    74  sys_stackheap_outer.o(.text)
    exit                                     0x0800a24f   Thumb Code    12  exit.o(.text)
    __user_libspace                          0x0800a25d   Thumb Code     8  libspace.o(.text)
    __user_perproc_libspace                  0x0800a25d   Thumb Code     0  libspace.o(.text)
    __user_perthread_libspace                0x0800a25d   Thumb Code     0  libspace.o(.text)
    __aeabi_fadd                             0x0800a265   Thumb Code     0  faddsub_clz.o(x$fpl$fadd)
    _fadd                                    0x0800a265   Thumb Code   196  faddsub_clz.o(x$fpl$fadd)
    __fpl_fcmp_Inf                           0x0800a329   Thumb Code    24  fcmpi.o(x$fpl$fcmpinf)
    __aeabi_cfcmpeq                          0x0800a341   Thumb Code     0  feqf.o(x$fpl$feqf)
    _fcmpeq                                  0x0800a341   Thumb Code   104  feqf.o(x$fpl$feqf)
    __aeabi_f2uiz                            0x0800a3a9   Thumb Code     0  ffixu.o(x$fpl$ffixu)
    _ffixu                                   0x0800a3a9   Thumb Code    62  ffixu.o(x$fpl$ffixu)
    __aeabi_cfcmple                          0x0800a3e9   Thumb Code     0  fleqf.o(x$fpl$fleqf)
    _fcmple                                  0x0800a3e9   Thumb Code   104  fleqf.o(x$fpl$fleqf)
    __fpl_fcmple_InfNaN                      0x0800a43b   Thumb Code     0  fleqf.o(x$fpl$fleqf)
    __aeabi_fmul                             0x0800a451   Thumb Code     0  fmul.o(x$fpl$fmul)
    _fmul                                    0x0800a451   Thumb Code   258  fmul.o(x$fpl$fmul)
    __fpl_fnaninf                            0x0800a553   Thumb Code   140  fnaninf.o(x$fpl$fnaninf)
    __fpl_fretinf                            0x0800a5df   Thumb Code    10  fretinf.o(x$fpl$fretinf)
    __aeabi_cfrcmple                         0x0800a5e9   Thumb Code     0  frleqf.o(x$fpl$frleqf)
    _frcmple                                 0x0800a5e9   Thumb Code    98  frleqf.o(x$fpl$frleqf)
    __aeabi_fsub                             0x0800a64d   Thumb Code     0  faddsub_clz.o(x$fpl$fsub)
    _fsub                                    0x0800a64d   Thumb Code   234  faddsub_clz.o(x$fpl$fsub)
    OSUnMapTbl                               0x0800a736   Data         256  os_core.o(.constdata)
    __I$use$fp                               0x0800a736   Number         0  usenofp.o(x$fpl$usenofp)
    Region$$Table$$Base                      0x0800a838   Number         0  anon$$obj.o(Region$$Table)
    Region$$Table$$Limit                     0x0800a858   Number         0  anon$$obj.o(Region$$Table)
    SystemCoreClock                          0x20000014   Data           4  system_stm32f10x.o(.data)
    AHBPrescTable                            0x20000018   Data          16  system_stm32f10x.o(.data)
    can2_timeout                             0x20000028   Data           4  app.o(.data)
    Image_Pending                            0x2000002c   Data           1  app.o(.data)
    TxMsg1                                   0x20000030   Data          20  app.o(.data)
    TxMsg2                                   0x20000044   Data          20  app.o(.data)
    can_rcv                                  0x20000058   Data           1  app.o(.data)
    CAN1_TX_pending                          0x20000059   Data           2  app.o(.data)
    temp                                     0x2000005c   Data           1  app.o(.data)
    Right_time                               0x20000060   Data           4  app.o(.data)
    M_POLL_flag                              0x20000064   Data           4  app.o(.data)
    msg_can1_rcv_length                      0x20000068   Data           4  app.o(.data)
    Sem_CAN1_AVL                             0x2000006c   Data           4  app.o(.data)
    M_Temper_reply_len                       0x20000070   Data           4  app.o(.data)
    M_can1_cmd_length                        0x20000074   Data           4  app.o(.data)
    M_USB_rsv                                0x20000078   Data           4  app.o(.data)
    msg_can2_rcv_length                      0x2000007c   Data           4  app.o(.data)
    Sem_CAN2_AVL                             0x20000080   Data           4  app.o(.data)
    M_Image_reply_len                        0x20000084   Data           4  app.o(.data)
    M_can2_cmd_length                        0x20000088   Data           4  app.o(.data)
    count                                    0x2000008c   Data           4  app.o(.data)
    cnt_can1                                 0x20000092   Data           1  stm32f10x_it.o(.data)
    cnt_CAN2                                 0x20000093   Data           1  stm32f10x_it.o(.data)
    test_flag1                               0x20000094   Data           1  stm32f10x_it.o(.data)
    test_flag2                               0x20000095   Data           1  stm32f10x_it.o(.data)
    MonoIndex                                0x20000099   Data           1  stm32f10x_it.o(.data)
    IRQ_happen                               0x2000009a   Data           1  stm32f10x_it.o(.data)
    __stdout                                 0x2000009c   Data           4  usart.o(.data)
    USR_desc                                 0x200000a0   Data          28  usbd_desc.o(.data)
    USBD_DeviceDesc                          0x200000bc   Data          18  usbd_desc.o(.data)
    USBD_DeviceQualifierDesc                 0x200000ce   Data          10  usbd_desc.o(.data)
    USBD_LangIDDesc                          0x200000d8   Data           4  usbd_desc.o(.data)
    USR_cb                                   0x200000dc   Data          28  usbd_usr.o(.data)
    OSCtxSwCtr                               0x200000f8   Data           4  os_core.o(.data)
    OSEventFreeList                          0x200000fc   Data           4  os_core.o(.data)
    OSFlagFreeList                           0x20000100   Data           4  os_core.o(.data)
    OSIntNesting                             0x20000104   Data           1  os_core.o(.data)
    OSLockNesting                            0x20000105   Data           1  os_core.o(.data)
    OSPrioCur                                0x20000106   Data           1  os_core.o(.data)
    OSPrioHighRdy                            0x20000107   Data           1  os_core.o(.data)
    OSRdyGrp                                 0x20000108   Data           1  os_core.o(.data)
    OSRdyTbl                                 0x20000109   Data           4  os_core.o(.data)
    OSRunning                                0x2000010d   Data           1  os_core.o(.data)
    OSTaskCtr                                0x2000010e   Data           1  os_core.o(.data)
    OSIdleCtr                                0x20000110   Data           4  os_core.o(.data)
    OSTCBCur                                 0x20000114   Data           4  os_core.o(.data)
    OSTCBFreeList                            0x20000118   Data           4  os_core.o(.data)
    OSTCBHighRdy                             0x2000011c   Data           4  os_core.o(.data)
    OSTCBList                                0x20000120   Data           4  os_core.o(.data)
    OSTickStepState                          0x20000124   Data           1  os_core.o(.data)
    OSQFreeList                              0x20000128   Data           4  os_core.o(.data)
    OSTime                                   0x2000012c   Data           4  os_core.o(.data)
    USBD_DCD_INT_cb                          0x20000130   Data          44  usbd_core.o(.data)
    USBD_DCD_INT_fops                        0x2000015c   Data           4  usbd_core.o(.data)
    SET_TEST_MODE                            0x20000160   Data           4  usbd_core.o(.data)
    USBD_ep_status                           0x20000164   Data           4  usbd_req.o(.data)
    USBD_default_cfg                         0x20000168   Data           4  usbd_req.o(.data)
    USBD_cfg_status                          0x2000016c   Data           4  usbd_req.o(.data)
    USBD_HID_cb                              0x20000174   Data          44  usbd_hid_core.o(.data)
    usb_packet_len                           0x200001f6   Data           1  usbd_hid_core.o(.data)
    Buf_CAN1_DAT                             0x200001f8   Data          64  app.o(.bss)
    Buf_CAN2_DAT                             0x20000238   Data          64  app.o(.bss)
    Temper_send_packet                       0x20000278   Data          64  app.o(.bss)
    Temper_CMD_packet                        0x200002b8   Data          64  app.o(.bss)
    Temper_reply_packet                      0x200002f8   Data          64  app.o(.bss)
    Image_send_packet                        0x20000338   Data          64  app.o(.bss)
    Image_CMD_packet                         0x20000378   Data          64  app.o(.bss)
    Image_reply_packet                       0x200003b8   Data          64  app.o(.bss)
    ImageArrayBuf                            0x200003f8   Data        6144  app.o(.bss)
    ImageBuf                                 0x20001bf8   Data         336  app.o(.bss)
    can1_cmd_buf                             0x20001d48   Data          64  app.o(.bss)
    can2_cmd_buf                             0x20001d88   Data          64  app.o(.bss)
    CAN1_TX_buffer                           0x20001dc8   Data          64  app.o(.bss)
    RightQueueTbl                            0x20003648   Data          80  app.o(.bss)
    cmd_buf                                  0x20005918   Data          64  app.o(.bss)
    usb_rcv_buf                              0x20005958   Data          64  app.o(.bss)
    RxMessage                                0x20005998   Data          20  app.o(.bss)
    RxMessage_IM                             0x200059ac   Data          20  app.o(.bss)
    USB_OTG_dev                              0x200059c0   Data        1524  app.o(.bss)
    CAN1_Buffer                              0x20005fb4   Data          64  stm32f10x_it.o(.bss)
    ArraySize                                0x20005ff4   Data          24  stm32f10x_it.o(.bss)
    MonoBuffer                               0x2000600c   Data          64  stm32f10x_it.o(.bss)
    DualBuffer                               0x2000604c   Data        1536  stm32f10x_it.o(.bss)
    CAN_InitStructure                        0x2000664c   Data          12  bsp.o(.bss)
    CAN_FilterInitStructure                  0x20006658   Data          14  bsp.o(.bss)
    OSEventTbl                               0x20006668   Data        1600  os_core.o(.bss)
    OSFlagTbl                                0x20006ca8   Data         140  os_core.o(.bss)
    OSTaskIdleStk                            0x20006d34   Data         512  os_core.o(.bss)
    OSTCBPrioTbl                             0x20006f34   Data         128  os_core.o(.bss)
    OSTCBTbl                                 0x20006fb4   Data        1848  os_core.o(.bss)
    OSQTbl                                   0x200076ec   Data          96  os_core.o(.bss)
    USBD_StrDesc                             0x2000774c   Data          64  usbd_req.o(.bss)
    USB_Rx_Buffer                            0x2000778c   Data          64  usbd_hid_core.o(.bss)
    __libspace_start                         0x200077cc   Data          96  libspace.o(.bss)
    __temporary_stack_top$libspace           0x2000782c   Data           0  libspace.o(.bss)



==============================================================================

Memory Map of the image

  Image Entry point : 0x08000151

  Load Region LR_IROM1 (Base: 0x08000000, Size: 0x0000aa50, Max: 0x00040000, ABSOLUTE, COMPRESSED[0x0000a94c])

    Execution Region ER_IROM1 (Base: 0x08000000, Size: 0x0000a858, Max: 0x00040000, ABSOLUTE)

    Base Addr    Size         Type   Attr      Idx    E Section Name        Object

    0x08000000   0x00000150   Data   RO          146    RESET               startup_stm32f10x_cl.o
    0x08000150   0x00000008   Code   RO          702  * !!!main             c_w.l(__main.o)
    0x08000158   0x00000034   Code   RO          894    !!!scatter          c_w.l(__scatter.o)
    0x0800018c   0x0000005a   Code   RO          892    !!dczerorl2         c_w.l(__dczerorl2.o)
    0x080001e6   0x00000002   PAD
    0x080001e8   0x0000001c   Code   RO          896    !!handler_zi        c_w.l(__scatter_zi.o)
    0x08000204   0x00000000   Code   RO          699    .ARM.Collect$$_printf_percent$$00000000  c_w.l(_printf_percent.o)
    0x08000204   0x00000006   Code   RO          698    .ARM.Collect$$_printf_percent$$00000009  c_w.l(_printf_d.o)
    0x0800020a   0x00000004   Code   RO          729    .ARM.Collect$$_printf_percent$$00000017  c_w.l(_printf_percent_end.o)
    0x0800020e   0x00000002   Code   RO          769    .ARM.Collect$$libinit$$00000000  c_w.l(libinit.o)
    0x08000210   0x00000000   Code   RO          776    .ARM.Collect$$libinit$$00000002  c_w.l(libinit2.o)
    0x08000210   0x00000000   Code   RO          779    .ARM.Collect$$libinit$$00000008  c_w.l(libinit2.o)
    0x08000210   0x00000000   Code   RO          781    .ARM.Collect$$libinit$$0000000A  c_w.l(libinit2.o)
    0x08000210   0x00000000   Code   RO          783    .ARM.Collect$$libinit$$0000000C  c_w.l(libinit2.o)
    0x08000210   0x00000000   Code   RO          786    .ARM.Collect$$libinit$$0000000F  c_w.l(libinit2.o)
    0x08000210   0x00000000   Code   RO          788    .ARM.Collect$$libinit$$00000011  c_w.l(libinit2.o)
    0x08000210   0x00000000   Code   RO          790    .ARM.Collect$$libinit$$00000013  c_w.l(libinit2.o)
    0x08000210   0x00000000   Code   RO          792    .ARM.Collect$$libinit$$00000015  c_w.l(libinit2.o)
    0x08000210   0x00000000   Code   RO          794    .ARM.Collect$$libinit$$00000017  c_w.l(libinit2.o)
    0x08000210   0x00000000   Code   RO          796    .ARM.Collect$$libinit$$00000019  c_w.l(libinit2.o)
    0x08000210   0x00000000   Code   RO          798    .ARM.Collect$$libinit$$0000001B  c_w.l(libinit2.o)
    0x08000210   0x00000000   Code   RO          800    .ARM.Collect$$libinit$$0000001D  c_w.l(libinit2.o)
    0x08000210   0x00000000   Code   RO          802    .ARM.Collect$$libinit$$0000001F  c_w.l(libinit2.o)
    0x08000210   0x00000000   Code   RO          804    .ARM.Collect$$libinit$$00000021  c_w.l(libinit2.o)
    0x08000210   0x00000000   Code   RO          806    .ARM.Collect$$libinit$$00000023  c_w.l(libinit2.o)
    0x08000210   0x00000000   Code   RO          810    .ARM.Collect$$libinit$$0000002A  c_w.l(libinit2.o)
    0x08000210   0x00000000   Code   RO          812    .ARM.Collect$$libinit$$0000002C  c_w.l(libinit2.o)
    0x08000210   0x00000000   Code   RO          814    .ARM.Collect$$libinit$$0000002E  c_w.l(libinit2.o)
    0x08000210   0x00000000   Code   RO          816    .ARM.Collect$$libinit$$00000030  c_w.l(libinit2.o)
    0x08000210   0x00000002   Code   RO          817    .ARM.Collect$$libinit$$00000031  c_w.l(libinit2.o)
    0x08000212   0x00000002   Code   RO          835    .ARM.Collect$$libshutdown$$00000000  c_w.l(libshutdown.o)
    0x08000214   0x00000000   Code   RO          846    .ARM.Collect$$libshutdown$$00000003  c_w.l(libshutdown2.o)
    0x08000214   0x00000000   Code   RO          849    .ARM.Collect$$libshutdown$$00000006  c_w.l(libshutdown2.o)
    0x08000214   0x00000000   Code   RO          852    .ARM.Collect$$libshutdown$$00000009  c_w.l(libshutdown2.o)
    0x08000214   0x00000000   Code   RO          854    .ARM.Collect$$libshutdown$$0000000B  c_w.l(libshutdown2.o)
    0x08000214   0x00000000   Code   RO          857    .ARM.Collect$$libshutdown$$0000000E  c_w.l(libshutdown2.o)
    0x08000214   0x00000002   Code   RO          858    .ARM.Collect$$libshutdown$$0000000F  c_w.l(libshutdown2.o)
    0x08000216   0x00000000   Code   RO          724    .ARM.Collect$$rtentry$$00000000  c_w.l(rtentry.o)
    0x08000216   0x00000000   Code   RO          738    .ARM.Collect$$rtentry$$00000002  c_w.l(rtentry2.o)
    0x08000216   0x00000006   Code   RO          750    .ARM.Collect$$rtentry$$00000004  c_w.l(rtentry4.o)
    0x0800021c   0x00000000   Code   RO          740    .ARM.Collect$$rtentry$$00000009  c_w.l(rtentry2.o)
    0x0800021c   0x00000004   Code   RO          741    .ARM.Collect$$rtentry$$0000000A  c_w.l(rtentry2.o)
    0x08000220   0x00000000   Code   RO          743    .ARM.Collect$$rtentry$$0000000C  c_w.l(rtentry2.o)
    0x08000220   0x00000008   Code   RO          744    .ARM.Collect$$rtentry$$0000000D  c_w.l(rtentry2.o)
    0x08000228   0x00000002   Code   RO          773    .ARM.Collect$$rtexit$$00000000  c_w.l(rtexit.o)
    0x0800022a   0x00000000   Code   RO          819    .ARM.Collect$$rtexit$$00000002  c_w.l(rtexit2.o)
    0x0800022a   0x00000004   Code   RO          820    .ARM.Collect$$rtexit$$00000003  c_w.l(rtexit2.o)
    0x0800022e   0x00000006   Code   RO          821    .ARM.Collect$$rtexit$$00000004  c_w.l(rtexit2.o)
    0x08000234   0x000000dc   Code   RO            1    .text               misc.o
    0x08000310   0x00000500   Code   RO           53    .text               stm32f10x_rcc.o
    0x08000810   0x00000358   Code   RO           67    .text               stm32f10x_gpio.o
    0x08000b68   0x00000e1a   Code   RO           91    .text               stm32f10x_tim.o
    0x08001982   0x00000002   PAD
    0x08001984   0x00000408   Code   RO          103    .text               stm32f10x_usart.o
    0x08001d8c   0x0000027c   Code   RO          126    .text               system_stm32f10x.o
    0x08002008   0x00000040   Code   RO          147    .text               startup_stm32f10x_cl.o
    0x08002048   0x000009ec   Code   RO          151    .text               stm32f10x_can.o
    0x08002a34   0x00001e08   Code   RO          163    .text               app.o
    0x0800483c   0x0000048c   Code   RO          259    .text               stm32f10x_it.o
    0x08004cc8   0x000000e8   Code   RO          289    .text               usart.o
    0x08004db0   0x00000074   Code   RO          308    .text               pcr_control.o
    0x08004e24   0x00000390   Code   RO          332    .text               bsp.o
    0x080051b4   0x00000078   Code   RO          355    .text               usb_bsp.o
    0x0800522c   0x00000124   Code   RO          370    .text               usbd_desc.o
    0x08005350   0x0000000e   Code   RO          392    .text               usbd_usr.o
    0x0800535e   0x00000002   PAD
    0x08005360   0x00000794   Code   RO          411    .text               os_core.o
    0x08005af4   0x00000844   Code   RO          431    .text               os_flag.o
    0x08006338   0x000003f0   Code   RO          443    .text               os_mbox.o
    0x08006728   0x000005f4   Code   RO          467    .text               os_q.o
    0x08006d1c   0x000003b8   Code   RO          479    .text               os_sem.o
    0x080070d4   0x000003f0   Code   RO          491    .text               os_task.o
    0x080074c4   0x000001c4   Code   RO          503    .text               os_time.o
    0x08007688   0x000000a4   Code   RO          521    .text               os_cpu_a.o
    0x0800772c   0x000000ac   Code   RO          524    .text               os_cpu_c.o
    0x080077d8   0x00000334   Code   RO          552    .text               usbd_core.o
    0x08007b0c   0x000000f4   Code   RO          570    .text               usbd_ioreq.o
    0x08007c00   0x000006c0   Code   RO          582    .text               usbd_req.o
    0x080082c0   0x000001f0   Code   RO          603    .text               usbd_hid_core.o
    0x080084b0   0x00000fe0   Code   RO          626    .text               usb_core.o
    0x08009490   0x0000037e   Code   RO          638    .text               usb_dcd.o
    0x0800980e   0x00000002   PAD
    0x08009810   0x000007dc   Code   RO          650    .text               usb_dcd_int.o
    0x08009fec   0x00000002   Code   RO          668    .text               c_w.l(use_no_semi_2.o)
    0x08009fee   0x00000002   PAD
    0x08009ff0   0x00000018   Code   RO          672    .text               c_w.l(noretval__2printf.o)
    0x0800a008   0x00000068   Code   RO          674    .text               c_w.l(__printf.o)
    0x0800a070   0x00000078   Code   RO          676    .text               c_w.l(_printf_dec.o)
    0x0800a0e8   0x00000006   Code   RO          700    .text               c_w.l(heapauxi.o)
    0x0800a0ee   0x00000002   Code   RO          722    .text               c_w.l(use_no_semi.o)
    0x0800a0f0   0x000000b8   Code   RO          725    .text               c_w.l(_printf_intcommon.o)
    0x0800a1a8   0x00000024   Code   RO          727    .text               c_w.l(_printf_char_file.o)
    0x0800a1cc   0x00000030   Code   RO          752    .text               c_w.l(_printf_char_common.o)
    0x0800a1fc   0x00000008   Code   RO          754    .text               c_w.l(ferror.o)
    0x0800a204   0x0000004a   Code   RO          758    .text               c_w.l(sys_stackheap_outer.o)
    0x0800a24e   0x0000000c   Code   RO          762    .text               c_w.l(exit.o)
    0x0800a25a   0x00000002   PAD
    0x0800a25c   0x00000008   Code   RO          770    .text               c_w.l(libspace.o)
    0x0800a264   0x000000c4   Code   RO          704    x$fpl$fadd          fz_ws.l(faddsub_clz.o)
    0x0800a328   0x00000018   Code   RO          730    x$fpl$fcmpinf       fz_ws.l(fcmpi.o)
    0x0800a340   0x00000068   Code   RO          710    x$fpl$feqf          fz_ws.l(feqf.o)
    0x0800a3a8   0x0000003e   Code   RO          712    x$fpl$ffixu         fz_ws.l(ffixu.o)
    0x0800a3e6   0x00000002   PAD
    0x0800a3e8   0x00000068   Code   RO          716    x$fpl$fleqf         fz_ws.l(fleqf.o)
    0x0800a450   0x00000102   Code   RO          718    x$fpl$fmul          fz_ws.l(fmul.o)
    0x0800a552   0x0000008c   Code   RO          732    x$fpl$fnaninf       fz_ws.l(fnaninf.o)
    0x0800a5de   0x0000000a   Code   RO          734    x$fpl$fretinf       fz_ws.l(fretinf.o)
    0x0800a5e8   0x00000062   Code   RO          720    x$fpl$frleqf        fz_ws.l(frleqf.o)
    0x0800a64a   0x00000002   PAD
    0x0800a64c   0x000000ea   Code   RO          706    x$fpl$fsub          fz_ws.l(faddsub_clz.o)
    0x0800a736   0x00000000   Code   RO          736    x$fpl$usenofp       fz_ws.l(usenofp.o)
    0x0800a736   0x00000100   Data   RO          413    .constdata          os_core.o
    0x0800a836   0x00000002   PAD
    0x0800a838   0x00000020   Data   RO          890    Region$$Table       anon$$obj.o


    Execution Region RW_IRAM1 (Base: 0x20000000, Size: 0x00007e30, Max: 0x00010000, ABSOLUTE, COMPRESSED[0x000000f4])

    Base Addr    Size         Type   Attr      Idx    E Section Name        Object

    0x20000000   0x00000014   Data   RW           54    .data               stm32f10x_rcc.o
    0x20000014   0x00000014   Data   RW          127    .data               system_stm32f10x.o
    0x20000028   0x00000068   Data   RW          165    .data               app.o
    0x20000090   0x0000000b   Data   RW          261    .data               stm32f10x_it.o
    0x2000009b   0x00000001   PAD
    0x2000009c   0x00000004   Data   RW          290    .data               usart.o
    0x200000a0   0x0000003c   Data   RW          371    .data               usbd_desc.o
    0x200000dc   0x0000001c   Data   RW          393    .data               usbd_usr.o
    0x200000f8   0x00000038   Data   RW          414    .data               os_core.o
    0x20000130   0x00000034   Data   RW          553    .data               usbd_core.o
    0x20000164   0x0000000d   Data   RW          584    .data               usbd_req.o
    0x20000171   0x00000003   PAD
    0x20000174   0x00000083   Data   RW          605    .data               usbd_hid_core.o
    0x200001f7   0x00000001   PAD
    0x200001f8   0x00005dbc   Zero   RW          164    .bss                app.o
    0x20005fb4   0x00000698   Zero   RW          260    .bss                stm32f10x_it.o
    0x2000664c   0x0000001a   Zero   RW          333    .bss                bsp.o
    0x20006666   0x00000002   PAD
    0x20006668   0x000010e4   Zero   RW          412    .bss                os_core.o
    0x2000774c   0x00000040   Zero   RW          583    .bss                usbd_req.o
    0x2000778c   0x00000040   Zero   RW          604    .bss                usbd_hid_core.o
    0x200077cc   0x00000060   Zero   RW          771    .bss                c_w.l(libspace.o)
    0x2000782c   0x00000004   PAD
    0x20007830   0x00000200   Zero   RW          145    HEAP                startup_stm32f10x_cl.o
    0x20007a30   0x00000400   Zero   RW          144    STACK               startup_stm32f10x_cl.o


==============================================================================

Image component sizes


      Code (inc. data)   RO Data    RW Data    ZI Data      Debug   Object Name

      7688        522          0        104      23996      70059   app.o
       912         50          0          0         26       2911   bsp.o
         0          0          0          0          0         32   core_cm3.o
       220         20          0          0          0     286301   misc.o
      1940        166        256         56       4324      15812   os_core.o
       164         32          0          0          0        332   os_cpu_a.o
       172          0          0          0          0      11552   os_cpu_c.o
      2116         36          0          0          0       6840   os_flag.o
      1008         18          0          0          0       4146   os_mbox.o
      1524         30          0          0          0       5509   os_q.o
       952         16          0          0          0       3898   os_sem.o
      1008         42          0          0          0       3822   os_task.o
       452         24          0          0          0       1830   os_time.o
       116         10          0          0          0       8177   pcr_control.o
        64         26        336          0       1536        832   startup_stm32f10x_cl.o
      2540         38          0          0          0       7968   stm32f10x_can.o
       856         40          0          0          0       5757   stm32f10x_gpio.o
      1164        172          0         11       1688       4750   stm32f10x_it.o
      1280         68          0         20          0      11318   stm32f10x_rcc.o
      3610         88          0          0          0      22244   stm32f10x_tim.o
      1032         22          0          0          0       8484   stm32f10x_usart.o
       636         44          0         20          0       2019   system_stm32f10x.o
       232         14          0          4          0       2853   usart.o
       120          0          0          0          0       1525   usb_bsp.o
      4064          8          0          0          0      12456   usb_core.o
       894          0          0          0          0       4328   usb_dcd.o
      2012         24          0          0          0       5387   usb_dcd_int.o
       820          6          0         52          0       5766   usbd_core.o
       292        116          0         60          0       3492   usbd_desc.o
       496         36          0        131         64       3501   usbd_hid_core.o
       244          0          0          0          0       2626   usbd_ioreq.o
      1728         50          0         13         64       5389   usbd_req.o
        14          0          0         28          0       1397   usbd_usr.o

    ----------------------------------------------------------------------
     40376       1718        626        504      31700     533313   Object Totals
         0          0         32          0          0          0   (incl. Generated)
         6          0          2          5          2          0   (incl. Padding)

    ----------------------------------------------------------------------

      Code (inc. data)   RO Data    RW Data    ZI Data      Debug   Library Member Name

        90          0          0          0          0          0   __dczerorl2.o
         8          0          0          0          0         68   __main.o
       104          0          0          0          0         84   __printf.o
        52          8          0          0          0          0   __scatter.o
        28          0          0          0          0          0   __scatter_zi.o
        48          6          0          0          0         96   _printf_char_common.o
        36          4          0          0          0         80   _printf_char_file.o
         6          0          0          0          0          0   _printf_d.o
       120         18          0          0          0         92   _printf_dec.o
       184          0          0          0          0         88   _printf_intcommon.o
         0          0          0          0          0          0   _printf_percent.o
         4          0          0          0          0          0   _printf_percent_end.o
        12          0          0          0          0         72   exit.o
         8          0          0          0          0         68   ferror.o
         6          0          0          0          0        152   heapauxi.o
         2          0          0          0          0          0   libinit.o
         2          0          0          0          0          0   libinit2.o
         2          0          0          0          0          0   libshutdown.o
         2          0          0          0          0          0   libshutdown2.o
         8          4          0          0         96         68   libspace.o
        24          4          0          0          0         84   noretval__2printf.o
         0          0          0          0          0          0   rtentry.o
        12          0          0          0          0          0   rtentry2.o
         6          0          0          0          0          0   rtentry4.o
         2          0          0          0          0          0   rtexit.o
        10          0          0          0          0          0   rtexit2.o
        74          0          0          0          0         80   sys_stackheap_outer.o
         2          0          0          0          0         68   use_no_semi.o
         2          0          0          0          0         68   use_no_semi_2.o
       430          8          0          0          0        168   faddsub_clz.o
        24          0          0          0          0         68   fcmpi.o
       104          4          0          0          0         84   feqf.o
        62          4          0          0          0         84   ffixu.o
       104          4          0          0          0         84   fleqf.o
       258          4          0          0          0         84   fmul.o
       140          4          0          0          0         84   fnaninf.o
        10          0          0          0          0         68   fretinf.o
        98          0          0          0          0         68   frleqf.o
         0          0          0          0          0          0   usenofp.o

    ----------------------------------------------------------------------
      2094         72          0          0        100       1960   Library Totals
        10          0          0          0          4          0   (incl. Padding)

    ----------------------------------------------------------------------

      Code (inc. data)   RO Data    RW Data    ZI Data      Debug   Library Name

       854         44          0          0         96       1168   c_w.l
      1230         28          0          0          0        792   fz_ws.l

    ----------------------------------------------------------------------
      2094         72          0          0        100       1960   Library Totals

    ----------------------------------------------------------------------

==============================================================================


      Code (inc. data)   RO Data    RW Data    ZI Data      Debug   

     42470       1790        626        504      31800     531425   Grand Totals
     42470       1790        626        244      31800     531425   ELF Image Totals (compressed)
     42470       1790        626        244          0          0   ROM Totals

==============================================================================

    Total RO  Size (Code + RO Data)                43096 (  42.09kB)
    Total RW  Size (RW Data + ZI Data)             32304 (  31.55kB)
    Total ROM Size (Code + RO Data + RW Data)      43340 (  42.32kB)

==============================================================================

