ARM Linker, 5.03 [Build 76] [MDK-ARM Standard]

==============================================================================

Section Cross References

    startup_stm32f10x_hd.o(STACK) refers (Special) to heapauxi.o(.text) for __use_two_region_memory
    startup_stm32f10x_hd.o(HEAP) refers (Special) to heapauxi.o(.text) for __use_two_region_memory
    startup_stm32f10x_hd.o(RESET) refers (Special) to heapauxi.o(.text) for __use_two_region_memory
    startup_stm32f10x_hd.o(RESET) refers to startup_stm32f10x_hd.o(.text) for Reset_Handler
    startup_stm32f10x_hd.o(RESET) refers to wdg.o(.text) for WWDG_IRQHandler
    startup_stm32f10x_hd.o(RESET) refers to rtc.o(.text) for RTC_IRQHandler
    startup_stm32f10x_hd.o(RESET) refers to test.o(.text) for EXTI0_IRQHandler
    startup_stm32f10x_hd.o(RESET) refers to exti.o(.text) for EXTI2_IRQHandler
    startup_stm32f10x_hd.o(RESET) refers to spi.o(.text) for DMA1_Channel4_IRQHandler
    startup_stm32f10x_hd.o(RESET) refers to stm32f10x_it.o(.text) for USB_HP_CAN1_TX_IRQHandler
    startup_stm32f10x_hd.o(RESET) refers to timer.o(.text) for TIM1_UP_IRQHandler
    startup_stm32f10x_hd.o(RESET) refers to usmart.o(.text) for TIM2_IRQHandler
    startup_stm32f10x_hd.o(RESET) refers to usart.o(.text) for USART1_IRQHandler
    startup_stm32f10x_hd.o(.text) refers (Special) to heapauxi.o(.text) for __use_two_region_memory
    startup_stm32f10x_hd.o(.text) refers to startup_stm32f10x_hd.o(STACK) for __initial_sp
    startup_stm32f10x_hd.o(.text) refers to __main.o(!!!main) for __main
    startup_stm32f10x_hd.o(.text) refers to startup_stm32f10x_hd.o(HEAP) for Heap_Mem
    test.o(.text) refers to sys.o(.text) for Ex_NVIC_Config
    test.o(.text) refers to usb_mem.o(.text) for UserToPMABufferCopy
    test.o(.text) refers to usb_regs.o(.text) for SetEPTxCount
    test.o(.text) refers to timer.o(.text) for TIM6_Int_Init
    test.o(.text) refers to pcr_control.o(.text) for Send_Command
    test.o(.text) refers to delay.o(.text) for delay_ms
    test.o(.text) refers to usb_endp.o(.bss) for Transi_Buffer
    test.o(.text) refers to test.o(.data) for SPI_Sel
    test.o(.text) refers to test.o(.bss) for PCR_Regs
    test.o(.text) refers to pcr_control.o(.data) for BaseCounter
    test.o(.text) refers to test.o(.constdata) for PCRChip_Pattern
    test.o(.text) refers to spi.o(.bss) for SPI_2_RcvBuf
    test.o(.text) refers to spi.o(.text) for SPI2_Initializaion
    test.o(.text) refers to adc.o(.text) for Adc_Init
    test.o(.text) refers to hw_config.o(.text) for USB_Interrupts_Config
    test.o(.text) refers to usb_init.o(.text) for USB_Init
    test.o(.text) refers to led.o(.text) for LED_Init
    test.o(.text) refers to spi.o(.data) for SPI_2_Rx_sts
    test.o(.text) refers to usb_endp.o(.data) for USB_ReceiveFlg
    test.o(.text) refers to usart.o(.data) for RxStage
    test.o(.text) refers to usart.o(.bss) for RxBuffer
    test.o(.text) refers to feqf.o(x$fpl$feqf) for __aeabi_cfcmpeq
    test.o(.text) refers to ffixu.o(x$fpl$ffixu) for __aeabi_f2uiz
    test.o(.text) refers to frleqf.o(x$fpl$frleqf) for __aeabi_cfrcmple
    test.o(.text) refers to fleqf.o(x$fpl$fleqf) for __aeabi_cfcmple
    test.o(.text) refers to fflt_clz.o(x$fpl$ffltu) for __aeabi_ui2f
    test.o(.text) refers to dflt_clz.o(x$fpl$dfltu) for __aeabi_ui2d
    test.o(.text) refers to dmul.o(x$fpl$dmul) for __aeabi_dmul
    test.o(.text) refers to ddiv.o(x$fpl$ddiv) for __aeabi_ddiv
    test.o(.text) refers to d2f.o(x$fpl$d2f) for __aeabi_d2f
    test.o(.text) refers to f2d.o(x$fpl$f2d) for __aeabi_f2d
    test.o(.text) refers to daddsub_clz.o(x$fpl$dadd) for __aeabi_dadd
    test.o(.text) refers to fdiv.o(x$fpl$fdiv) for __aeabi_fdiv
    test.o(.text) refers to putc.o(.text) for putc
    test.o(.text) refers to faddsub_clz.o(x$fpl$fsub) for __aeabi_fsub
    pcr_control.o(.text) refers to spi.o(.text) for SPI_2_Trans
    pcr_control.o(.text) refers to delay.o(.text) for delay_ms
    pcr_control.o(.text) refers to timer.o(.text) for TIM7_Init
    pcr_control.o(.text) refers to pcr_control.o(.data) for MsgExtiTrg
    pcr_control.o(.text) refers to test.o(.data) for Exti
    pcr_control.o(.text) refers to spi.o(.bss) for SPI_2_SendBuf
    delay.o(.text) refers to delay.o(.data) for fac_us
    sys.o(.text) refers to sys.o(.emb_text) for WFI_SET
    usart.o(.text) refers (Special) to use_no_semi_2.o(.text) for __use_no_semihosting
    usart.o(.text) refers to fflt_clz.o(x$fpl$ffltu) for __aeabi_ui2f
    usart.o(.text) refers to fdiv.o(x$fpl$fdiv) for __aeabi_fdiv
    usart.o(.text) refers to ffixu.o(x$fpl$ffixu) for __aeabi_f2uiz
    usart.o(.text) refers to faddsub_clz.o(x$fpl$frsb) for __aeabi_frsub
    usart.o(.text) refers to fmul.o(x$fpl$fmul) for __aeabi_fmul
    usart.o(.text) refers to sys.o(.text) for MY_NVIC_Init
    usart.o(.text) refers to usart.o(.data) for RxStage
    usart.o(.text) refers to usart.o(.bss) for RxBuffer
[...]
    .text                                    0x08008b00   Section        0  usb_prop.o(.text)
    .text                                    0x08008d50   Section        0  usb_pwr.o(.text)
    .text                                    0x08008e88   Section        2  use_no_semi_2.o(.text)
    .text                                    0x08008e8c   Section        0  noretval__2printf.o(.text)
    .text                                    0x08008ea4   Section        0  _printf_pad.o(.text)
    .text                                    0x08008ef6   Section        0  _printf_str.o(.text)
    .text                                    0x08008f48   Section        0  _printf_dec.o(.text)
    .text                                    0x08008fc0   Section        0  _printf_hex_int.o(.text)
    .text                                    0x0800901c   Section        0  __printf_flags_ss_wp.o(.text)
    .text                                    0x080091a8   Section        0  putc.o(.text)
    .text                                    0x080091ac   Section        0  heapauxi.o(.text)
    .text                                    0x080091b2   Section        2  use_no_semi.o(.text)
    .text                                    0x080091b4   Section        0  _printf_intcommon.o(.text)
    .text                                    0x0800926c   Section        0  _printf_char.o(.text)
    .text                                    0x08009298   Section        0  _printf_char_file.o(.text)
    .text                                    0x080092bc   Section        0  _printf_char_common.o(.text)
    _printf_input_char                       0x080092bd   Thumb Code    10  _printf_char_common.o(.text)
    .text                                    0x080092ec   Section        0  ferror.o(.text)
    .text                                    0x080092f4   Section       74  sys_stackheap_outer.o(.text)
    .text                                    0x0800933e   Section        0  exit.o(.text)
    .text                                    0x0800934c   Section        8  libspace.o(.text)
    i._is_digit                              0x08009354   Section        0  __printf_wp.o(i._is_digit)
    x$fpl$d2f                                0x08009364   Section       98  d2f.o(x$fpl$d2f)
    x$fpl$dadd                               0x080093c8   Section      336  daddsub_clz.o(x$fpl$dadd)
    _dadd1                                   0x080093d9   Thumb Code     0  daddsub_clz.o(x$fpl$dadd)
    x$fpl$ddiv                               0x08009518   Section      688  ddiv.o(x$fpl$ddiv)
    ddiv_entry                               0x0800951f   Thumb Code     0  ddiv.o(x$fpl$ddiv)
    x$fpl$dfltu                              0x080097c8   Section       38  dflt_clz.o(x$fpl$dfltu)
    x$fpl$dmul                               0x080097f0   Section      340  dmul.o(x$fpl$dmul)
    x$fpl$dnaninf                            0x08009944   Section      156  dnaninf.o(x$fpl$dnaninf)
    x$fpl$dretinf                            0x080099e0   Section       12  dretinf.o(x$fpl$dretinf)
    x$fpl$dsub                               0x080099ec   Section      468  daddsub_clz.o(x$fpl$dsub)
    _dsub1                                   0x080099fd   Thumb Code     0  daddsub_clz.o(x$fpl$dsub)
    x$fpl$f2d                                0x08009bc0   Section       86  f2d.o(x$fpl$f2d)
    x$fpl$fadd                               0x08009c18   Section      196  faddsub_clz.o(x$fpl$fadd)
    _fadd1                                   0x08009c27   Thumb Code     0  faddsub_clz.o(x$fpl$fadd)
    x$fpl$fcmpinf                            0x08009cdc   Section       24  fcmpi.o(x$fpl$fcmpinf)
    x$fpl$fdiv                               0x08009cf4   Section      388  fdiv.o(x$fpl$fdiv)
    _fdiv1                                   0x08009cf5   Thumb Code     0  fdiv.o(x$fpl$fdiv)
    x$fpl$feqf                               0x08009e78   Section      104  feqf.o(x$fpl$feqf)
    x$fpl$ffixu                              0x08009ee0   Section       62  ffixu.o(x$fpl$ffixu)
    x$fpl$ffltu                              0x08009f20   Section       38  fflt_clz.o(x$fpl$ffltu)
    x$fpl$fleqf                              0x08009f48   Section      104  fleqf.o(x$fpl$fleqf)
    x$fpl$fmul                               0x08009fb0   Section      258  fmul.o(x$fpl$fmul)
    x$fpl$fnaninf                            0x0800a0b2   Section      140  fnaninf.o(x$fpl$fnaninf)
    x$fpl$fretinf                            0x0800a13e   Section       10  fretinf.o(x$fpl$fretinf)
    x$fpl$frleqf                             0x0800a148   Section       98  frleqf.o(x$fpl$frleqf)
    x$fpl$frsb                               0x0800a1aa   Section       20  faddsub_clz.o(x$fpl$frsb)
    x$fpl$fsub                               0x0800a1c0   Section      234  faddsub_clz.o(x$fpl$fsub)
    _fsub1                                   0x0800a1cf   Thumb Code     0  faddsub_clz.o(x$fpl$fsub)
    .constdata                               0x0800a2aa   Section       53  test.o(.constdata)
    x$fpl$usenofp                            0x0800a2aa   Section        0  usenofp.o(x$fpl$usenofp)
    .constdata                               0x0800a2df   Section       24  rtc.o(.constdata)
    .constdata                               0x0800a2f7   Section      134  usb_desc.o(.constdata)
    .constdata                               0x0800a37d   Section       40  _printf_hex_int.o(.constdata)
    uc_hextab                                0x0800a37d   Data          20  _printf_hex_int.o(.constdata)
    lc_hextab                                0x0800a391   Data          20  _printf_hex_int.o(.constdata)
    .constdata                               0x0800a3a5   Section       17  __printf_flags_ss_wp.o(.constdata)
    maptable                                 0x0800a3a5   Data          17  __printf_flags_ss_wp.o(.constdata)
    .conststring                             0x0800a3b6   Section       23  usmart.o(.conststring)
    .conststring                             0x0800a3cd   Section      284  usmart_config.o(.conststring)
    .data                                    0x20000000   Section      173  test.o(.data)
    .data                                    0x200000ae   Section       18  pcr_control.o(.data)
    MsgExtiTrg                               0x200000bc   Data           1  pcr_control.o(.data)
    MOS_Gate_sts                             0x200000bd   Data           1  pcr_control.o(.data)
    Lucentix_Button_sts                      0x200000bf   Data           1  pcr_control.o(.data)
    .data                                    0x200000c0   Section        4  delay.o(.data)
    fac_us                                   0x200000c0   Data           1  delay.o(.data)
    fac_ms                                   0x200000c2   Data           2  delay.o(.data)
    .data                                    0x200000c4   Section        8  usart.o(.data)
    .data                                    0x200000cc   Section        1  wdg.o(.data)
    .data                                    0x200000cd   Section        6  timer.o(.data)
    IntCnt                                   0x200000cd   Data           1  timer.o(.data)
    IntCnt_1                                 0x200000ce   Data           1  timer.o(.data)
    IntCnt_2                                 0x200000cf   Data           1  timer.o(.data)
    IntCnt_3                                 0x200000d0   Data           1  timer.o(.data)
    LED_sts                                  0x200000d1   Data           1  timer.o(.data)
    .data                                    0x200000d4   Section        2  rtc.o(.data)
    daycnt                                   0x200000d4   Data           2  rtc.o(.data)
    .data                                    0x200000d6   Section        2  spi.o(.data)
    .data                                    0x200000d8   Section       24  usmart.o(.data)
    .data                                    0x200000f0   Section      300  usmart_config.o(.data)
    .data                                    0x2000021c   Section        4  usb_core.o(.data)
    .data                                    0x20000220   Section       20  usb_init.o(.data)
    .data                                    0x20000234   Section        4  usb_int.o(.data)
    .data                                    0x20000238   Section       26  usb_desc.o(.data)
    .data                                    0x20000252   Section        4  usb_endp.o(.data)
    .data                                    0x20000258   Section       62  usb_istr.o(.data)
    .data                                    0x20000298   Section      156  usb_prop.o(.data)
    .data                                    0x20000334   Section        7  usb_pwr.o(.data)
    .bss                                     0x2000033c   Section    22616  test.o(.bss)
    .bss                                     0x20005b94   Section      264  usart.o(.bss)
    .bss                                     0x20005c9c   Section       10  rtc.o(.bss)
    .bss                                     0x20005ca6   Section      120  spi.o(.bss)
    .bss                                     0x20005d20   Section       28  usb_init.o(.bss)
    .bss                                     0x20005d3c   Section      128  usb_endp.o(.bss)
    .bss                                     0x20005dbc   Section       96  libspace.o(.bss)
    HEAP                                     0x20005e20   Section        0  startup_stm32f10x_hd.o(HEAP)
    STACK                                    0x20005e20   Section     2048  startup_stm32f10x_hd.o(STACK)
    Heap_Mem                                 0x20005e20   Data           0  startup_stm32f10x_hd.o(HEAP)
    Stack_Mem                                0x20005e20   Data        2048  startup_stm32f10x_hd.o(STACK)
    __initial_sp                             0x20006620   Data           0  startup_stm32f10x_hd.o(STACK)

    Global Symbols

    Symbol Name                              Value     Ov Type        Size  Object(Section)

    BuildAttributes$$THM_ISAv4$P$D$K$B$S$PE$A:L22UL41UL21$X:L11$S22US41US21$IEEE1$IW$USESV6$~STKCKD$USESV7$~SHL$OSPACE$ROPI$EBA8$UX$STANDARDLIB$REQ8$PRES8$EABIv2 0x00000000   Number         0  anon$$obj.o ABSOLUTE
    __ARM_use_no_argv                        0x00000000   Number         0  test.o ABSOLUTE
    _printf_flags                            0x00000000   Number         0  printf_stubs.o ABSOLUTE
    _printf_return_value                     0x00000000   Number         0  printf_stubs.o ABSOLUTE
    _printf_sizespec                         0x00000000   Number         0  printf_stubs.o ABSOLUTE
    _printf_widthprec                        0x00000000   Number         0  printf_stubs.o ABSOLUTE
    __ARM_exceptions_init                     - Undefined Weak Reference
    __alloca_initialize                       - Undefined Weak Reference
    __cpp_initialize__aeabi_                  - Undefined Weak Reference
    __cxa_finalize                            - Undefined Weak Reference
    __rt_locale                               - Undefined Weak Reference
    __sigvec_lookup                           - Undefined Weak Reference
    _atexit_init                              - Undefined Weak Reference
    _call_atexit_fns                          - Undefined Weak Reference
    _clock_init                               - Undefined Weak Reference
    _fp_trap_init                             - Undefined Weak Reference
    _fp_trap_shutdown                         - Undefined Weak Reference
    _get_lc_collate                           - Undefined Weak Reference
    _get_lc_ctype                             - Undefined Weak Reference
    _get_lc_monetary                          - Undefined Weak Reference
    _get_lc_numeric                           - Undefined Weak Reference
    _get_lc_time                              - Undefined Weak Reference
    _getenv_init                              - Undefined Weak Reference
    _handle_redirection                       - Undefined Weak Reference
    _init_alloc                               - Undefined Weak Reference
    _init_user_alloc                          - Undefined Weak Reference
    _initio                                   - Undefined Weak Reference
    _mutex_acquire                            - Undefined Weak Reference
    _mutex_release                            - Undefined Weak Reference
    _printf_mbtowc                            - Undefined Weak Reference
    _printf_truncate_signed                   - Undefined Weak Reference
    _printf_truncate_unsigned                 - Undefined Weak Reference
    _rand_init                                - Undefined Weak Reference
    _signal_finish                            - Undefined Weak Reference
    _signal_init                              - Undefined Weak Reference
    _terminate_alloc                          - Undefined Weak Reference
    _terminate_user_alloc                     - Undefined Weak Reference
    _terminateio                              - Undefined Weak Reference
    __Vectors_Size                           0x00000130   Number         0  startup_stm32f10x_hd.o ABSOLUTE
    __Vectors                                0x08000000   Data           4  startup_stm32f10x_hd.o(RESET)
    __Vectors_End                            0x08000130   Data           0  startup_stm32f10x_hd.o(RESET)
    __main                                   0x08000131   Thumb Code     8  __main.o(!!!main)
    __scatterload                            0x08000139   Thumb Code     0  __scatter.o(!!!scatter)
    __scatterload_rt2                        0x08000139   Thumb Code    44  __scatter.o(!!!scatter)
    __scatterload_rt2_thumb_only             0x08000139   Thumb Code     0  __scatter.o(!!!scatter)
    __scatterload_null                       0x08000147   Thumb Code     0  __scatter.o(!!!scatter)
    __decompress                             0x0800016d   Thumb Code    90  __dczerorl2.o(!!dczerorl2)
    __decompress1                            0x0800016d   Thumb Code     0  __dczerorl2.o(!!dczerorl2)
    __scatterload_zeroinit                   0x080001c9   Thumb Code    28  __scatter_zi.o(!!handler_zi)
    _printf_d                                0x080001e5   Thumb Code     0  _printf_d.o(.ARM.Collect$$_printf_percent$$00000009)
    _printf_percent                          0x080001e5   Thumb Code     0  _printf_percent.o(.ARM.Collect$$_printf_percent$$00000000)
    _printf_u                                0x080001eb   Thumb Code     0  _printf_u.o(.ARM.Collect$$_printf_percent$$0000000A)
    _printf_x                                0x080001f1   Thumb Code     0  _printf_x.o(.ARM.Collect$$_printf_percent$$0000000C)
    _printf_c                                0x080001f7   Thumb Code     0  _printf_c.o(.ARM.Collect$$_printf_percent$$00000013)
    _printf_s                                0x080001fd   Thumb Code     0  _printf_s.o(.ARM.Collect$$_printf_percent$$00000014)
    _printf_percent_end                      0x08000203   Thumb Code     0  _printf_percent_end.o(.ARM.Collect$$_printf_percent$$00000017)
    __rt_lib_init                            0x08000207   Thumb Code     0  libinit.o(.ARM.Collect$$libinit$$00000000)
    __rt_lib_init_alloca_1                   0x08000209   Thumb Code     0  libinit2.o(.ARM.Collect$$libinit$$0000002C)
    __rt_lib_init_argv_1                     0x08000209   Thumb Code     0  libinit2.o(.ARM.Collect$$libinit$$0000002A)
    __rt_lib_init_atexit_1                   0x08000209   Thumb Code     0  libinit2.o(.ARM.Collect$$libinit$$00000019)
    __rt_lib_init_clock_1                    0x08000209   Thumb Code     0  libinit2.o(.ARM.Collect$$libinit$$0000001F)
    __rt_lib_init_cpp_1                      0x08000209   Thumb Code     0  libinit2.o(.ARM.Collect$$libinit$$00000030)
    __rt_lib_init_exceptions_1               0x08000209   Thumb Code     0  libinit2.o(.ARM.Collect$$libinit$$0000002E)
    __rt_lib_init_fp_1                       0x08000209   Thumb Code     0  libinit2.o(.ARM.Collect$$libinit$$00000002)
    __rt_lib_init_fp_trap_1                  0x08000209   Thumb Code     0  libinit2.o(.ARM.Collect$$libinit$$0000001D)
    __rt_lib_init_getenv_1                   0x08000209   Thumb Code     0  libinit2.o(.ARM.Collect$$libinit$$00000021)
    __rt_lib_init_heap_1                     0x08000209   Thumb Code     0  libinit2.o(.ARM.Collect$$libinit$$00000008)
    __rt_lib_init_lc_collate_1               0x08000209   Thumb Code     0  libinit2.o(.ARM.Collect$$libinit$$0000000F)
    __rt_lib_init_lc_ctype_1                 0x08000209   Thumb Code     0  libinit2.o(.ARM.Collect$$libinit$$00000011)
    __rt_lib_init_lc_monetary_1              0x08000209   Thumb Code     0  libinit2.o(.ARM.Collect$$libinit$$00000013)
    __rt_lib_init_lc_numeric_1               0x08000209   Thumb Code     0  libinit2.o(.ARM.Collect$$libinit$$00000015)
    __rt_lib_init_lc_time_1                  0x08000209   Thumb Code     0  libinit2.o(.ARM.Collect$$libinit$$00000017)
    __rt_lib_init_rand_1                     0x08000209   Thumb Code     0  libinit2.o(.ARM.Collect$$libinit$$0000000C)
    __rt_lib_init_return                     0x08000209   Thumb Code     0  libinit2.o(.ARM.Collect$$libinit$$00000031)
    __rt_lib_init_signal_1                   0x08000209   Thumb Code     0  libinit2.o(.ARM.Collect$$libinit$$0000001B)
    __rt_lib_init_stdio_1                    0x08000209   Thumb Code     0  libinit2.o(.ARM.Collect$$libinit$$00000023)
    __rt_lib_init_user_alloc_1               0x08000209   Thumb Code     0  libinit2.o(.ARM.Collect$$libinit$$0000000A)
    __rt_lib_shutdown                        0x0800020b   Thumb Code     0  libshutdown.o(.ARM.Collect$$libshutdown$$00000000)
    __rt_lib_shutdown_fp_trap_1              0x0800020d   Thumb Code     0  libshutdown2.o(.ARM.Collect$$libshutdown$$00000006)
    __rt_lib_shutdown_heap_1                 0x0800020d   Thumb Code     0  libshutdown2.o(.ARM.Collect$$libshutdown$$0000000E)
    __rt_lib_shutdown_return                 0x0800020d   Thumb Code     0  libshutdown2.o(.ARM.Collect$$libshutdown$$0000000F)
    __rt_lib_shutdown_signal_1               0x0800020d   Thumb Code     0  libshutdown2.o(.ARM.Collect$$libshutdown$$00000009)
    __rt_lib_shutdown_stdio_1                0x0800020d   Thumb Code     0  libshutdown2.o(.ARM.Collect$$libshutdown$$00000003)
    __rt_lib_shutdown_user_alloc_1           0x0800020d   Thumb Code     0  libshutdown2.o(.ARM.Collect$$libshutdown$$0000000B)
    __rt_entry                               0x0800020f   Thumb Code     0  rtentry.o(.ARM.Collect$$rtentry$$00000000)
    __rt_entry_presh_1                       0x0800020f   Thumb Code     0  rtentry2.o(.ARM.Collect$$rtentry$$00000002)
    __rt_entry_sh                            0x0800020f   Thumb Code     0  rtentry4.o(.ARM.Collect$$rtentry$$00000004)
    __rt_entry_li                            0x08000215   Thumb Code     0  rtentry2.o(.ARM.Collect$$rtentry$$0000000A)
    __rt_entry_postsh_1                      0x08000215   Thumb Code     0  rtentry2.o(.ARM.Collect$$rtentry$$00000009)
    __rt_entry_main                          0x08000219   Thumb Code     0  rtentry2.o(.ARM.Collect$$rtentry$$0000000D)
    __rt_entry_postli_1                      0x08000219   Thumb Code     0  rtentry2.o(.ARM.Collect$$rtentry$$0000000C)
    __rt_exit                                0x08000221   Thumb Code     0  rtexit.o(.ARM.Collect$$rtexit$$00000000)
    __rt_exit_ls                             0x08000223   Thumb Code     0  rtexit2.o(.ARM.Collect$$rtexit$$00000003)
    __rt_exit_prels_1                        0x08000223   Thumb Code     0  rtexit2.o(.ARM.Collect$$rtexit$$00000002)
    __rt_exit_exit                           0x08000227   Thumb Code     0  rtexit2.o(.ARM.Collect$$rtexit$$00000004)
    WFI_SET                                  0x0800022d   Thumb Code     2  sys.o(.emb_text)
    INTX_DISABLE                             0x0800022f   Thumb Code     2  sys.o(.emb_text)
    INTX_ENABLE                              0x08000231   Thumb Code     2  sys.o(.emb_text)
    MSR_MSP                                  0x08000233   Thumb Code     6  sys.o(.emb_text)
    SystemInit_ExtMemCtl                     0x08000239   Thumb Code     2  startup_stm32f10x_hd.o(.text)
    Reset_Handler                            0x0800023b   Thumb Code    14  startup_stm32f10x_hd.o(.text)
    NMI_Handler                              0x08000249   Thumb Code     2  startup_stm32f10x_hd.o(.text)
    HardFault_Handler                        0x0800024b   Thumb Code     2  startup_stm32f10x_hd.o(.text)
    MemManage_Handler                        0x0800024d   Thumb Code     2  startup_stm32f10x_hd.o(.text)
    BusFault_Handler                         0x0800024f   Thumb Code     2  startup_stm32f10x_hd.o(.text)
    UsageFault_Handler                       0x08000251   Thumb Code     2  startup_stm32f10x_hd.o(.text)
    SVC_Handler                              0x08000253   Thumb Code     2  startup_stm32f10x_hd.o(.text)
    DebugMon_Handler                         0x08000255   Thumb Code     2  startup_stm32f10x_hd.o(.text)
    PendSV_Handler                           0x08000257   Thumb Code     2  startup_stm32f10x_hd.o(.text)
    SysTick_Handler                          0x08000259   Thumb Code     2  startup_stm32f10x_hd.o(.text)
    ADC1_2_IRQHandler                        0x0800025b   Thumb Code     0  startup_stm32f10x_hd.o(.text)
    ADC3_IRQHandler                          0x0800025b   Thumb Code     0  startup_stm32f10x_hd.o(.text)
    CAN1_RX1_IRQHandler                      0x0800025b   Thumb Code     0  startup_stm32f10x_hd.o(.text)
    CAN1_SCE_IRQHandler                      0x0800025b   Thumb Code     0  startup_stm32f10x_hd.o(.text)
    DMA1_Channel1_IRQHandler                 0x0800025b   Thumb Code     0  startup_stm32f10x_hd.o(.text)
    DMA1_Channel2_IRQHandler                 0x0800025b   Thumb Code     0  startup_stm32f10x_hd.o(.text)
    DMA1_Channel3_IRQHandler                 0x0800025b   Thumb Code     0  startup_stm32f10x_hd.o(.text)
    DMA1_Channel6_IRQHandler                 0x0800025b   Thumb Code     0  startup_stm32f10x_hd.o(.text)
    DMA1_Channel7_IRQHandler                 0x0800025b   Thumb Code     0  startup_stm32f10x_hd.o(.text)
    DMA2_Channel1_IRQHandler                 0x0800025b   Thumb Code     0  startup_stm32f10x_hd.o(.text)
    DMA2_Channel2_IRQHandler                 0x0800025b   Thumb Code     0  startup_stm32f10x_hd.o(.text)
    DMA2_Channel3_IRQHandler                 0x0800025b   Thumb Code     0  startup_stm32f10x_hd.o(.text)
    DMA2_Channel4_5_IRQHandler               0x0800025b   Thumb Code     0  startup_stm32f10x_hd.o(.text)
    EXTI1_IRQHandler                         0x0800025b   Thumb Code     0  startup_stm32f10x_hd.o(.text)
    FLASH_IRQHandler                         0x0800025b   Thumb Code     0  startup_stm32f10x_hd.o(.text)
    FSMC_IRQHandler                          0x0800025b   Thumb Code     0  startup_stm32f10x_hd.o(.text)
    I2C1_ER_IRQHandler                       0x0800025b   Thumb Code     0  startup_stm32f10x_hd.o(.text)
    I2C1_EV_IRQHandler                       0x0800025b   Thumb Code     0  startup_stm32f10x_hd.o(.text)
    I2C2_ER_IRQHandler                       0x0800025b   Thumb Code     0  startup_stm32f10x_hd.o(.text)
    I2C2_EV_IRQHandler                       0x0800025b   Thumb Code     0  startup_stm32f10x_hd.o(.text)
    PVD_IRQHandler                           0x0800025b   Thumb Code     0  startup_stm32f10x_hd.o(.text)
    RCC_IRQHandler                           0x0800025b   Thumb Code     0  startup_stm32f10x_hd.o(.text)
    RTCAlarm_IRQHandler                      0x0800025b   Thumb Code     0  startup_stm32f10x_hd.o(.text)
    SDIO_IRQHandler                          0x0800025b   Thumb Code     0  startup_stm32f10x_hd.o(.text)
    SPI1_IRQHandler                          0x0800025b   Thumb Code     0  startup_stm32f10x_hd.o(.text)
    SPI2_IRQHandler                          0x0800025b   Thumb Code     0  startup_stm32f10x_hd.o(.text)
    SPI3_IRQHandler                          0x0800025b   Thumb Code     0  startup_stm32f10x_hd.o(.text)
    TAMPER_IRQHandler                        0x0800025b   Thumb Code     0  startup_stm32f10x_hd.o(.text)
    TIM1_BRK_IRQHandler                      0x0800025b   Thumb Code     0  startup_stm32f10x_hd.o(.text)
    TIM1_CC_IRQHandler                       0x0800025b   Thumb Code     0  startup_stm32f10x_hd.o(.text)
    TIM1_TRG_COM_IRQHandler                  0x0800025b   Thumb Code     0  startup_stm32f10x_hd.o(.text)
    TIM8_BRK_IRQHandler                      0x0800025b   Thumb Code     0  startup_stm32f10x_hd.o(.text)
    TIM8_CC_IRQHandler                       0x0800025b   Thumb Code     0  startup_stm32f10x_hd.o(.text)
    TIM8_TRG_COM_IRQHandler                  0x0800025b   Thumb Code     0  startup_stm32f10x_hd.o(.text)
    UART4_IRQHandler                         0x0800025b   Thumb Code     0  startup_stm32f10x_hd.o(.text)
    UART5_IRQHandler                         0x0800025b   Thumb Code     0  startup_stm32f10x_hd.o(.text)
    USART2_IRQHandler                        0x0800025b   Thumb Code     0  startup_stm32f10x_hd.o(.text)
    USART3_IRQHandler                        0x0800025b   Thumb Code     0  startup_stm32f10x_hd.o(.text)
    __user_initial_stackheap                 0x0800025d   Thumb Code     0  startup_stm32f10x_hd.o(.text)
    usb_port_set                             0x08000281   Thumb Code    74  test.o(.text)
    Image_capture_enable                     0x080002cb   Thumb Code    56  test.o(.text)
    Image_capture_disable                    0x08000303   Thumb Code    30  test.o(.text)
    USBRes                                   0x08000321   Thumb Code   134  test.o(.text)
    PcrMskMapping                            0x080003a7   Thumb Code    60  test.o(.text)
    PcrTrgDisable                            0x080003e3   Thumb Code    14  test.o(.text)
    Trim_Reset                               0x080003f1   Thumb Code   116  test.o(.text)
    timeout_stop                             0x08000465   Thumb Code    20  test.o(.text)
    timeout_check                            0x08000479   Thumb Code    14  test.o(.text)
    timeout_initial                          0x08000487   Thumb Code    34  test.o(.text)
    Read_Row_multiPCR_mode_0                 0x080004a9   Thumb Code   274  test.o(.text)
    Read_Image_to_buffer_pipeline            0x080005bb   Thumb Code   924  test.o(.text)
    ReadUpdate_Image_multiPCR_PipeLine_mode_1 0x08000957   Thumb Code   994  test.o(.text)
    ReadUpdate_Image_multiPCR_oneRead_mode_0 0x08000d39   Thumb Code   402  test.o(.text)
    PacketChkSum                             0x08000ecb   Thumb Code   114  test.o(.text)
    ReadUpdate_Image_multiPCR_SlowRead_mode_1 0x08000f3d   Thumb Code   594  test.o(.text)
    Read_Image_to_buffer                     0x0800118f   Thumb Code   394  test.o(.text)
    ReadUpdate_Image_multiPCR_oneRead_mode_1 0x08001319   Thumb Code   714  test.o(.text)
    ReadUpdate_Image_multiPCR_SlowRead_mode_0 0x080015e3   Thumb Code   130  test.o(.text)
    ReadUpdate_Image_multiPCR_PipeLine_mode_0 0x08001665   Thumb Code   838  test.o(.text)
    main                                     0x080019ab   Thumb Code  8384  test.o(.text)
    UARTRes                                  0x08003a6b   Thumb Code   136  test.o(.text)
    Print_packet                             0x08003af3   Thumb Code    56  test.o(.text)
    EXTI9_5_IRQHandler                       0x08003b2b   Thumb Code    72  test.o(.text)
    EXTI0_IRQHandler                         0x08003b73   Thumb Code    20  test.o(.text)
    EXTI15_10_IRQHandler                     0x08003b87   Thumb Code    40  test.o(.text)
    Read_Row_Debug_2                         0x08003baf   Thumb Code    84  test.o(.text)
    Fan_Echo                                 0x08003c03   Thumb Code    22  test.o(.text)
    PCR_initialize                           0x08003c19   Thumb Code   102  test.o(.text)
    TIM5_IRQHandler                          0x08003c7f   Thumb Code   552  test.o(.text)
    MsgTrgPop                                0x08003eb9   Thumb Code    16  pcr_control.o(.text)
    MsgTrgForce                              0x08003ec9   Thumb Code    28  pcr_control.o(.text)
    MsgTrgPush                               0x08003ee5   Thumb Code    32  pcr_control.o(.text)
    Send_Command                             0x08003f05   Thumb Code   184  pcr_control.o(.text)
    Format_ADC_Data                          0x08003fbd   Thumb Code    44  pcr_control.o(.text)
    OSC_Ctrl_Init                            0x08003fe9   Thumb Code    48  pcr_control.o(.text)
    Multi_OSC_Access                         0x08004019   Thumb Code   186  pcr_control.o(.text)
    MOS_Gate_Ctrl                            0x080040d3   Thumb Code    48  pcr_control.o(.text)
    Lucentix_Button_msg_clr                  0x08004103   Thumb Code     8  pcr_control.o(.text)
    Lucentix_Button_sts_read                 0x0800410b   Thumb Code     6  pcr_control.o(.text)
    Lucentix_Button_sts_Bit_Set              0x08004111   Thumb Code    62  pcr_control.o(.text)
    LED_KEY_blink                            0x0800414f   Thumb Code    22  pcr_control.o(.text)
    LED_KEY_idle                             0x08004165   Thumb Code    14  pcr_control.o(.text)
    Lucentix_Button_Check                    0x08004173   Thumb Code    38  pcr_control.o(.text)
    Lucentix_Button_Process                  0x08004199   Thumb Code    66  pcr_control.o(.text)
    delay_init                               0x08004231   Thumb Code    56  delay.o(.text)
    delay_us                                 0x08004269   Thumb Code    54  delay.o(.text)
    delay_ms                                 0x0800429f   Thumb Code    54  delay.o(.text)
    MY_NVIC_SetVectorTable                   0x080042dd   Thumb Code    12  sys.o(.text)
    MY_NVIC_PriorityGroupConfig              0x080042e9   Thumb Code    36  sys.o(.text)
    MY_NVIC_Init                             0x0800430d   Thumb Code   156  sys.o(.text)
    Ex_NVIC_Config                           0x080043a9   Thumb Code   146  sys.o(.text)
    MYRCC_DeInit                             0x0800443b   Thumb Code    90  sys.o(.text)
    Sys_Standby                              0x08004495   Thumb Code    68  sys.o(.text)
    Sys_Soft_Reset                           0x080044d9   Thumb Code    12  sys.o(.text)
    JTAG_Set                                 0x080044e5   Thumb Code    42  sys.o(.text)
    Stm32_Clock_Init                         0x0800450f   Thumb Code   130  sys.o(.text)
    _sys_exit                                0x080045c5   Thumb Code     6  usart.o(.text)
    fputc                                    0x080045cb   Thumb Code    22  usart.o(.text)
    USART1_IRQHandler                        0x080045e1   Thumb Code   162  usart.o(.text)
    uart_init                                0x08004683   Thumb Code   214  usart.o(.text)
    LED_Init                                 0x08004775   Thumb Code   754  led.o(.text)
    EXTI2_IRQHandler                         0x08004a91   Thumb Code    40  exti.o(.text)
    EXTI3_IRQHandler                         0x08004ab9   Thumb Code    22  exti.o(.text)
    EXTI4_IRQHandler                         0x08004acf   Thumb Code    40  exti.o(.text)
    EXTIX_Init                               0x08004af7   Thumb Code     2  exti.o(.text)
    IWDG_Init                                0x08004b0d   Thumb Code    28  wdg.o(.text)
    IWDG_Feed                                0x08004b29   Thumb Code    10  wdg.o(.text)
    WWDG_Init                                0x08004b33   Thumb Code   124  wdg.o(.text)
    WWDG_Set_Counter                         0x08004baf   Thumb Code    12  wdg.o(.text)
    WWDG_IRQHandler                          0x08004bbb   Thumb Code    20  wdg.o(.text)
    TIM3_IRQHandler                          0x08004be1   Thumb Code   160  timer.o(.text)
    TIM3_Int_Init                            0x08004c81   Thumb Code   118  timer.o(.text)
    TIM3_ARR_Update                          0x08004cf7   Thumb Code    14  timer.o(.text)
    TIM4_Int_Init                            0x08004d05   Thumb Code   120  timer.o(.text)
    TIM4_ARR_Update                          0x08004d7d   Thumb Code    12  timer.o(.text)
    TIM4_IRQHandler                          0x08004d89   Thumb Code   162  timer.o(.text)
    TIM1_Int_Init                            0x08004e2b   Thumb Code   120  timer.o(.text)
    TIM1_ARR_Update                          0x08004ea3   Thumb Code    12  timer.o(.text)
    TIM1_UP_IRQHandler                       0x08004eaf   Thumb Code   162  timer.o(.text)
    TIM8_Int_Init                            0x08004f51   Thumb Code   180  timer.o(.text)
    TIM8_ARR_Update                          0x08005005   Thumb Code    12  timer.o(.text)
    TIM8_UP_IRQHandler                       0x08005011   Thumb Code   162  timer.o(.text)
    TIM6_Int_Init                            0x080050b3   Thumb Code    74  timer.o(.text)
    TIM6_ARR_Update                          0x080050fd   Thumb Code     8  timer.o(.text)
    TIM6_IRQHandler                          0x08005105   Thumb Code    24  timer.o(.text)
    TIM7_Int_Init                            0x0800511d   Thumb Code    88  timer.o(.text)
    TIM7_ARR_Update                          0x08005175   Thumb Code    12  timer.o(.text)
    TIM7_Init                                0x08005181   Thumb Code    32  timer.o(.text)
    TIM7_Stop                                0x080051a1   Thumb Code    18  timer.o(.text)
    TIM7_IRQHandler                          0x080051b3   Thumb Code   100  timer.o(.text)
    TIM5_Int_Init                            0x08005217   Thumb Code   110  timer.o(.text)
    TIM5_ARR_Update                          0x08005285   Thumb Code    12  timer.o(.text)
    tick_for_ADC_initial                     0x08005291   Thumb Code    22  timer.o(.text)
    RTC_Get_Week                             0x080052e1   Thumb Code   116  rtc.o(.text)
    Is_Leap_Year                             0x08005355   Thumb Code    58  rtc.o(.text)
    RTC_Get                                  0x0800538f   Thumb Code   246  rtc.o(.text)
    RTC_Set                                  0x08005485   Thumb Code   254  rtc.o(.text)
    RTC_Init                                 0x08005583   Thumb Code   368  rtc.o(.text)
    RTC_IRQHandler                           0x080056f3   Thumb Code    80  rtc.o(.text)
    Adc_Init                                 0x08005781   Thumb Code   334  adc.o(.text)
    Get_Adc                                  0x080058cf   Thumb Code    66  adc.o(.text)
    Get_Adc_Average                          0x08005911   Thumb Code    46  adc.o(.text)
    Dac1_Init                                0x08005955   Thumb Code   102  dac.o(.text)
    Dac1_Set_Vol                             0x080059bb   Thumb Code    76  dac.o(.text)
    IIC_Init                                 0x08005a1d   Thumb Code    52  myiic.o(.text)
    IIC_Start                                0x08005a51   Thumb Code    68  myiic.o(.text)
    IIC_Stop                                 0x08005a95   Thumb Code    66  myiic.o(.text)
    IIC_Wait_Ack                             0x08005ad7   Thumb Code    82  myiic.o(.text)
    IIC_Ack                                  0x08005b29   Thumb Code    72  myiic.o(.text)
    IIC_NAck                                 0x08005b71   Thumb Code    72  myiic.o(.text)
    IIC_Send_Byte                            0x08005bb9   Thumb Code    96  myiic.o(.text)
    IIC_Read_Byte                            0x08005c19   Thumb Code    98  myiic.o(.text)
    AT24CXX_Init                             0x08005c95   Thumb Code     8  24cxx.o(.text)
    AT24CXX_ReadOneByte                      0x08005c9d   Thumb Code    88  24cxx.o(.text)
    AT24CXX_WriteOneByte                     0x08005cf5   Thumb Code    80  24cxx.o(.text)
    AT24CXX_WriteLenByte                     0x08005d45   Thumb Code    42  24cxx.o(.text)
    AT24CXX_ReadLenByte                      0x08005d6f   Thumb Code    44  24cxx.o(.text)
    AT24CXX_Check                            0x08005d9b   Thumb Code    46  24cxx.o(.text)
    AT24CXX_Read                             0x08005dc9   Thumb Code    34  24cxx.o(.text)
    AT24CXX_Write                            0x08005deb   Thumb Code    36  24cxx.o(.text)
    SPI_2_DMA_Initialization                 0x08005e11   Thumb Code   264  spi.o(.text)
    SPI2_Initializaion                       0x08005f19   Thumb Code   376  spi.o(.text)
    SPI_2_Trans                              0x08006091   Thumb Code   182  spi.o(.text)
    DMA1_Channel4_IRQHandler                 0x08006147   Thumb Code    56  spi.o(.text)
    DMA1_Channel5_IRQHandler                 0x0800617f   Thumb Code    48  spi.o(.text)
    SPI_Rev_Data_Copy                        0x080061af   Thumb Code    24  spi.o(.text)
    usmart_sys_cmd_exe                       0x08006219   Thumb Code  1570  usmart.o(.text)
    TIM2_IRQHandler                          0x0800683b   Thumb Code    38  usmart.o(.text)
    Timer2_Init                              0x08006861   Thumb Code    68  usmart.o(.text)
    usmart_init                              0x080068a5   Thumb Code    36  usmart.o(.text)
    usmart_cmd_rec                           0x080068c9   Thumb Code   170  usmart.o(.text)
    usmart_exe                               0x08006973   Thumb Code   712  usmart.o(.text)
    usmart_scan                              0x08006c3b   Thumb Code   118  usmart.o(.text)
    read_addr                                0x08006cb1   Thumb Code     6  usmart.o(.text)
    write_addr                               0x08006cb7   Thumb Code     4  usmart.o(.text)
    usmart_strcmp                            0x08006d15   Thumb Code    34  usmart_str.o(.text)
    usmart_strcopy                           0x08006d37   Thumb Code    22  usmart_str.o(.text)
    usmart_strlen                            0x08006d4d   Thumb Code    24  usmart_str.o(.text)
    usmart_pow                               0x08006d65   Thumb Code    22  usmart_str.o(.text)
    usmart_str2num                           0x08006d7b   Thumb Code   202  usmart_str.o(.text)
    usmart_get_cmdname                       0x08006e45   Thumb Code    54  usmart_str.o(.text)
    usmart_search_nextc                      0x08006e7b   Thumb Code    22  usmart_str.o(.text)
    usmart_get_fname                         0x08006e91   Thumb Code   440  usmart_str.o(.text)
    usmart_get_aparm                         0x08007049   Thumb Code   188  usmart_str.o(.text)
    usmart_get_parmpos                       0x08007105   Thumb Code    26  usmart_str.o(.text)
    usmart_get_fparam                        0x0800711f   Thumb Code   262  usmart_str.o(.text)
    Standard_GetConfiguration                0x08007231   Thumb Code    34  usb_core.o(.text)
    Standard_SetConfiguration                0x08007253   Thumb Code    60  usb_core.o(.text)
    Standard_GetInterface                    0x0800728f   Thumb Code    34  usb_core.o(.text)
    Standard_SetInterface                    0x080072b1   Thumb Code    96  usb_core.o(.text)
    Standard_GetStatus                       0x08007311   Thumb Code   216  usb_core.o(.text)
    Standard_ClearFeature                    0x080073e9   Thumb Code   292  usb_core.o(.text)
    Standard_SetEndPointFeature              0x0800750d   Thumb Code   152  usb_core.o(.text)
    Standard_SetDeviceFeature                0x080075a5   Thumb Code    30  usb_core.o(.text)
    Standard_GetDescriptorData               0x080075c3   Thumb Code    32  usb_core.o(.text)
    Post0_Process                            0x08007b13   Thumb Code    54  usb_core.o(.text)
    Setup0_Process                           0x08007b49   Thumb Code   162  usb_core.o(.text)
    SetDeviceAddress                         0x08007beb   Thumb Code    60  usb_core.o(.text)
    In0_Process                              0x08007c27   Thumb Code    98  usb_core.o(.text)
    Out0_Process                             0x08007c89   Thumb Code    70  usb_core.o(.text)
    NOP_Process                              0x08007ccf   Thumb Code     2  usb_core.o(.text)
    USB_Init                                 0x08007cf9   Thumb Code    36  usb_init.o(.text)
    CTR_LP                                   0x08007d35   Thumb Code   752  usb_int.o(.text)
    CTR_HP                                   0x08008025   Thumb Code   160  usb_int.o(.text)
    UserToPMABufferCopy                      0x080080e1   Thumb Code    52  usb_mem.o(.text)
    PMAToUserBufferCopy                      0x08008115   Thumb Code    34  usb_mem.o(.text)
    SetCNTR                                  0x0800813d   Thumb Code     6  usb_regs.o(.text)
    GetCNTR                                  0x08008143   Thumb Code     8  usb_regs.o(.text)
    SetISTR                                  0x0800814b   Thumb Code     8  usb_regs.o(.text)
    GetISTR                                  0x08008153   Thumb Code    10  usb_regs.o(.text)
    GetFNR                                   0x0800815d   Thumb Code    10  usb_regs.o(.text)
    SetDADDR                                 0x08008167   Thumb Code     8  usb_regs.o(.text)
    GetDADDR                                 0x0800816f   Thumb Code    10  usb_regs.o(.text)
    SetBTABLE                                0x08008179   Thumb Code    14  usb_regs.o(.text)
    GetBTABLE                                0x08008187   Thumb Code    10  usb_regs.o(.text)
    SetENDPOINT                              0x08008191   Thumb Code    10  usb_regs.o(.text)
    GetENDPOINT                              0x0800819b   Thumb Code    14  usb_regs.o(.text)
    SetEPType                                0x080081a9   Thumb Code    26  usb_regs.o(.text)
    GetEPType                                0x080081c3   Thumb Code    16  usb_regs.o(.text)
    SetEPTxStatus                            0x080081d3   Thumb Code    48  usb_regs.o(.text)
    SetEPRxStatus                            0x08008203   Thumb Code    48  usb_regs.o(.text)
    SetDouBleBuffEPStall                     0x08008233   Thumb Code    50  usb_regs.o(.text)
    GetEPTxStatus                            0x08008265   Thumb Code    16  usb_regs.o(.text)
    GetEPRxStatus                            0x08008275   Thumb Code    16  usb_regs.o(.text)
    SetEPTxValid                             0x08008285   Thumb Code    34  usb_regs.o(.text)
    SetEPRxValid                             0x080082a7   Thumb Code    34  usb_regs.o(.text)
    SetEP_KIND                               0x080082c9   Thumb Code    28  usb_regs.o(.text)
    ClearEP_KIND                             0x080082e5   Thumb Code    24  usb_regs.o(.text)
    Clear_Status_Out                         0x080082fd   Thumb Code    24  usb_regs.o(.text)
    Set_Status_Out                           0x08008315   Thumb Code    28  usb_regs.o(.text)
    SetEPDoubleBuff                          0x08008331   Thumb Code    28  usb_regs.o(.text)
    ClearEPDoubleBuff                        0x0800834d   Thumb Code    24  usb_regs.o(.text)
    GetTxStallStatus                         0x08008365   Thumb Code    26  usb_regs.o(.text)
    GetRxStallStatus                         0x0800837f   Thumb Code    28  usb_regs.o(.text)
    ClearEP_CTR_RX                           0x0800839b   Thumb Code    28  usb_regs.o(.text)
    ClearEP_CTR_TX                           0x080083b7   Thumb Code    24  usb_regs.o(.text)
    ToggleDTOG_RX                            0x080083cf   Thumb Code    28  usb_regs.o(.text)
    ToggleDTOG_TX                            0x080083eb   Thumb Code    28  usb_regs.o(.text)
    ClearDTOG_RX                             0x08008407   Thumb Code    42  usb_regs.o(.text)
    ClearDTOG_TX                             0x08008431   Thumb Code    42  usb_regs.o(.text)
    SetEPAddress                             0x0800845b   Thumb Code    26  usb_regs.o(.text)
    GetEPAddress                             0x08008475   Thumb Code    16  usb_regs.o(.text)
    SetEPTxAddr                              0x08008485   Thumb Code    26  usb_regs.o(.text)
    SetEPRxAddr                              0x0800849f   Thumb Code    28  usb_regs.o(.text)
    GetEPTxAddr                              0x080084bb   Thumb Code    24  usb_regs.o(.text)
    GetEPRxAddr                              0x080084d3   Thumb Code    26  usb_regs.o(.text)
    SetEPTxCount                             0x080084ed   Thumb Code    22  usb_regs.o(.text)
    SetEPCountRxReg                          0x08008503   Thumb Code    56  usb_regs.o(.text)
    SetEPRxCount                             0x0800853b   Thumb Code    68  usb_regs.o(.text)
    GetEPTxCount                             0x0800857f   Thumb Code    26  usb_regs.o(.text)
    GetEPRxCount                             0x08008599   Thumb Code    26  usb_regs.o(.text)
    SetEPDblBuffAddr                         0x080085b3   Thumb Code    44  usb_regs.o(.text)
    SetEPDblBuf0Addr                         0x080085df   Thumb Code    24  usb_regs.o(.text)
    SetEPDblBuf1Addr                         0x080085f7   Thumb Code    26  usb_regs.o(.text)
    GetEPDblBuf0Addr                         0x08008611   Thumb Code    22  usb_regs.o(.text)
    GetEPDblBuf1Addr                         0x08008627   Thumb Code    24  usb_regs.o(.text)
    SetEPDblBuffCount                        0x0800863f   Thumb Code   186  usb_regs.o(.text)
    SetEPDblBuf0Count                        0x080086f9   Thumb Code    96  usb_regs.o(.text)
    SetEPDblBuf1Count                        0x08008759   Thumb Code    96  usb_regs.o(.text)
    GetEPDblBuf0Count                        0x080087b9   Thumb Code    26  usb_regs.o(.text)
    GetEPDblBuf1Count                        0x080087d3   Thumb Code    26  usb_regs.o(.text)
    GetEPDblBufDir                           0x080087ed   Thumb Code    62  usb_regs.o(.text)
    FreeUserBuffer                           0x0800882b   Thumb Code    64  usb_regs.o(.text)
    ToWord                                   0x0800886b   Thumb Code     8  usb_regs.o(.text)
    ByteSwap                                 0x08008873   Thumb Code    12  usb_regs.o(.text)
    Set_USBClock                             0x08008889   Thumb Code    24  hw_config.o(.text)
    Enter_LowPowerMode                       0x080088a1   Thumb Code     8  hw_config.o(.text)
    Leave_LowPowerMode                       0x080088a9   Thumb Code    22  hw_config.o(.text)
    USB_Interrupts_Config                    0x080088bf   Thumb Code    56  hw_config.o(.text)
    Get_SerialNum                            0x080088f7   Thumb Code    62  hw_config.o(.text)
    USB_HP_CAN1_TX_IRQHandler                0x0800894d   Thumb Code     2  stm32f10x_it.o(.text)
    USB_LP_CAN1_RX0_IRQHandler               0x0800894f   Thumb Code     8  stm32f10x_it.o(.text)
    USBWakeUp_IRQHandler                     0x08008957   Thumb Code    14  stm32f10x_it.o(.text)
    EP1_OUT_Callback                         0x08008969   Thumb Code   132  usb_endp.o(.text)
    EP2_IN_Callback                          0x080089ed   Thumb Code     2  usb_endp.o(.text)
    USB_Istr                                 0x08008a09   Thumb Code   222  usb_istr.o(.text)
    CustomHID_init                           0x08008b01   Thumb Code    50  usb_prop.o(.text)
    CustomHID_Reset                          0x08008b33   Thumb Code   176  usb_prop.o(.text)
    CustomHID_SetConfiguration               0x08008be3   Thumb Code    16  usb_prop.o(.text)
    CustomHID_SetDeviceAddress               0x08008bf3   Thumb Code     8  usb_prop.o(.text)
    CustomHID_Status_In                      0x08008bfb   Thumb Code     2  usb_prop.o(.text)
    CustomHID_Status_Out                     0x08008bfd   Thumb Code     2  usb_prop.o(.text)
    CustomHID_GetProtocolValue               0x08008bff   Thumb Code    20  usb_prop.o(.text)
    CustomHID_GetHIDDescriptor               0x08008c13   Thumb Code    14  usb_prop.o(.text)
    CustomHID_GetReportDescriptor            0x08008c21   Thumb Code    14  usb_prop.o(.text)
    CustomHID_Data_Setup                     0x08008c2f   Thumb Code   114  usb_prop.o(.text)
    CustomHID_SetProtocol                    0x08008ca1   Thumb Code    14  usb_prop.o(.text)
    CustomHID_NoData_Setup                   0x08008caf   Thumb Code    32  usb_prop.o(.text)
    CustomHID_GetDeviceDescriptor            0x08008ccf   Thumb Code    14  usb_prop.o(.text)
    CustomHID_GetConfigDescriptor            0x08008cdd   Thumb Code    14  usb_prop.o(.text)
    CustomHID_GetStringDescriptor            0x08008ceb   Thumb Code    32  usb_prop.o(.text)
    CustomHID_Get_Interface_Setting          0x08008d0b   Thumb Code    22  usb_prop.o(.text)
    PowerOn                                  0x08008d51   Thumb Code    46  usb_pwr.o(.text)
    PowerOff                                 0x08008d7f   Thumb Code    22  usb_pwr.o(.text)
    Suspend                                  0x08008d95   Thumb Code    34  usb_pwr.o(.text)
    Resume_Init                              0x08008db7   Thumb Code    30  usb_pwr.o(.text)
    Resume                                   0x08008dd5   Thumb Code   168  usb_pwr.o(.text)
    __use_no_semihosting                     0x08008e89   Thumb Code     2  use_no_semi_2.o(.text)
    __2printf                                0x08008e8d   Thumb Code    20  noretval__2printf.o(.text)
    _printf_pre_padding                      0x08008ea5   Thumb Code    46  _printf_pad.o(.text)
    _printf_post_padding                     0x08008ed3   Thumb Code    36  _printf_pad.o(.text)
    _printf_str                              0x08008ef7   Thumb Code    82  _printf_str.o(.text)
    _printf_int_dec                          0x08008f49   Thumb Code   102  _printf_dec.o(.text)
    _printf_int_hex                          0x08008fc1   Thumb Code    88  _printf_hex_int.o(.text)
    _printf_longlong_hex                     0x08008fc1   Thumb Code     0  _printf_hex_int.o(.text)
    __printf                                 0x0800901d   Thumb Code   390  __printf_flags_ss_wp.o(.text)
    putc                                     0x080091a9   Thumb Code     4  putc.o(.text)
    __use_two_region_memory                  0x080091ad   Thumb Code     2  heapauxi.o(.text)
    __rt_heap_escrow$2region                 0x080091af   Thumb Code     2  heapauxi.o(.text)
    __rt_heap_expand$2region                 0x080091b1   Thumb Code     2  heapauxi.o(.text)
    __I$use$semihosting                      0x080091b3   Thumb Code     0  use_no_semi.o(.text)
    __use_no_semihosting_swi                 0x080091b3   Thumb Code     2  use_no_semi.o(.text)
    _printf_int_common                       0x080091b5   Thumb Code   184  _printf_intcommon.o(.text)
    _printf_cs_common                        0x0800926d   Thumb Code    20  _printf_char.o(.text)
    _printf_char                             0x08009281   Thumb Code    16  _printf_char.o(.text)
    _printf_string                           0x08009291   Thumb Code     8  _printf_char.o(.text)
    _printf_char_file                        0x08009299   Thumb Code    32  _printf_char_file.o(.text)
    _printf_char_common                      0x080092c7   Thumb Code    32  _printf_char_common.o(.text)
    ferror                                   0x080092ed   Thumb Code     8  ferror.o(.text)
    __user_setup_stackheap                   0x080092f5   Thumb Code    74  sys_stackheap_outer.o(.text)
    exit                                     0x0800933f   Thumb Code    12  exit.o(.text)
    __user_libspace                          0x0800934d   Thumb Code     8  libspace.o(.text)
    __user_perproc_libspace                  0x0800934d   Thumb Code     0  libspace.o(.text)
    __user_perthread_libspace                0x0800934d   Thumb Code     0  libspace.o(.text)
    _is_digit                                0x08009355   Thumb Code    14  __printf_wp.o(i._is_digit)
    __aeabi_d2f                              0x08009365   Thumb Code     0  d2f.o(x$fpl$d2f)
    _d2f                                     0x08009365   Thumb Code    98  d2f.o(x$fpl$d2f)
    __aeabi_dadd                             0x080093c9   Thumb Code     0  daddsub_clz.o(x$fpl$dadd)
    _dadd                                    0x080093c9   Thumb Code   332  daddsub_clz.o(x$fpl$dadd)
    __aeabi_ddiv                             0x08009519   Thumb Code     0  ddiv.o(x$fpl$ddiv)
    _ddiv                                    0x08009519   Thumb Code   552  ddiv.o(x$fpl$ddiv)
    __aeabi_ui2d                             0x080097c9   Thumb Code     0  dflt_clz.o(x$fpl$dfltu)
    _dfltu                                   0x080097c9   Thumb Code    38  dflt_clz.o(x$fpl$dfltu)
    __aeabi_dmul                             0x080097f1   Thumb Code     0  dmul.o(x$fpl$dmul)
    _dmul                                    0x080097f1   Thumb Code   332  dmul.o(x$fpl$dmul)
    __fpl_dnaninf                            0x08009945   Thumb Code   156  dnaninf.o(x$fpl$dnaninf)
    __fpl_dretinf                            0x080099e1   Thumb Code    12  dretinf.o(x$fpl$dretinf)
    __aeabi_dsub                             0x080099ed   Thumb Code     0  daddsub_clz.o(x$fpl$dsub)
    _dsub                                    0x080099ed   Thumb Code   464  daddsub_clz.o(x$fpl$dsub)
    __aeabi_f2d                              0x08009bc1   Thumb Code     0  f2d.o(x$fpl$f2d)
    _f2d                                     0x08009bc1   Thumb Code    86  f2d.o(x$fpl$f2d)
    __aeabi_fadd                             0x08009c19   Thumb Code     0  faddsub_clz.o(x$fpl$fadd)
    _fadd                                    0x08009c19   Thumb Code   196  faddsub_clz.o(x$fpl$fadd)
    __fpl_fcmp_Inf                           0x08009cdd   Thumb Code    24  fcmpi.o(x$fpl$fcmpinf)
    __aeabi_fdiv                             0x08009cf5   Thumb Code     0  fdiv.o(x$fpl$fdiv)
    _fdiv                                    0x08009cf5   Thumb Code   384  fdiv.o(x$fpl$fdiv)
    __aeabi_cfcmpeq                          0x08009e79   Thumb Code     0  feqf.o(x$fpl$feqf)
    _fcmpeq                                  0x08009e79   Thumb Code   104  feqf.o(x$fpl$feqf)
    __aeabi_f2uiz                            0x08009ee1   Thumb Code     0  ffixu.o(x$fpl$ffixu)
    _ffixu                                   0x08009ee1   Thumb Code    62  ffixu.o(x$fpl$ffixu)
    __aeabi_ui2f                             0x08009f21   Thumb Code     0  fflt_clz.o(x$fpl$ffltu)
    _ffltu                                   0x08009f21   Thumb Code    38  fflt_clz.o(x$fpl$ffltu)
    __aeabi_cfcmple                          0x08009f49   Thumb Code     0  fleqf.o(x$fpl$fleqf)
    _fcmple                                  0x08009f49   Thumb Code   104  fleqf.o(x$fpl$fleqf)
    __fpl_fcmple_InfNaN                      0x08009f9b   Thumb Code     0  fleqf.o(x$fpl$fleqf)
    __aeabi_fmul                             0x08009fb1   Thumb Code     0  fmul.o(x$fpl$fmul)
    _fmul                                    0x08009fb1   Thumb Code   258  fmul.o(x$fpl$fmul)
    __fpl_fnaninf                            0x0800a0b3   Thumb Code   140  fnaninf.o(x$fpl$fnaninf)
    __fpl_fretinf                            0x0800a13f   Thumb Code    10  fretinf.o(x$fpl$fretinf)
    __aeabi_cfrcmple                         0x0800a149   Thumb Code     0  frleqf.o(x$fpl$frleqf)
    _frcmple                                 0x0800a149   Thumb Code    98  frleqf.o(x$fpl$frleqf)
    __aeabi_frsub                            0x0800a1ab   Thumb Code     0  faddsub_clz.o(x$fpl$frsb)
    _frsb                                    0x0800a1ab   Thumb Code    20  faddsub_clz.o(x$fpl$frsb)
    __aeabi_fsub                             0x0800a1c1   Thumb Code     0  faddsub_clz.o(x$fpl$fsub)
    _fsub                                    0x0800a1c1   Thumb Code   234  faddsub_clz.o(x$fpl$fsub)
    TEXT_Buffer                              0x0800a2aa   Data          22  test.o(.constdata)
    __I$use$fp                               0x0800a2aa   Number         0  usenofp.o(x$fpl$usenofp)
    PCRChip_Pattern                          0x0800a2c0   Data          11  test.o(.constdata)
    PIXEL_24READ                             0x0800a2cb   Data           4  test.o(.constdata)
    PcrChannelTable                          0x0800a2cf   Data          16  test.o(.constdata)
    table_week                               0x0800a2df   Data          12  rtc.o(.constdata)
    mon_table                                0x0800a2eb   Data          12  rtc.o(.constdata)
    CustomHID_DeviceDescriptor               0x0800a2f7   Data          18  usb_desc.o(.constdata)
    CustomHID_ConfigDescriptor               0x0800a309   Data          41  usb_desc.o(.constdata)
    CustomHID_ReportDescriptor               0x0800a332   Data          33  usb_desc.o(.constdata)
    CustomHID_StringLangID                   0x0800a353   Data           4  usb_desc.o(.constdata)
    CustomHID_StringVendor                   0x0800a357   Data          20  usb_desc.o(.constdata)
    CustomHID_StringProduct                  0x0800a36b   Data          18  usb_desc.o(.constdata)
    Region$$Table$$Base                      0x0800a4ec   Number         0  anon$$obj.o(Region$$Table)
    Region$$Table$$Limit                     0x0800a50c   Number         0  anon$$obj.o(Region$$Table)
    TMR_Int_Flag                             0x20000000   Data           2  test.o(.data)
    TMR_Int_Flag_1                           0x20000002   Data           2  test.o(.data)
    TMR_Int_Flag_2                           0x20000004   Data           2  test.o(.data)
    TMR_Int_Flag_3                           0x20000006   Data           2  test.o(.data)
    PCR_ADC_Done_Flag                        0x20000008   Data           1  test.o(.data)
    PCR_ADC_Done_Flag_1                      0x20000009   Data           1  test.o(.data)
    PCR_ADC_Done_Flag_2                      0x2000000a   Data           1  test.o(.data)
    PCR_ADC_Done_Flag_3                      0x2000000b   Data           1  test.o(.data)
    Command_Len                              0x2000000c   Data           1  test.o(.data)
    TxBuffer                                 0x2000000d   Data          64  test.o(.data)
    InteCnt                                  0x2000004e   Data           2  test.o(.data)
    PixReadmMode                             0x20000050   Data           1  test.o(.data)
    msg_debug                                0x20000051   Data           1  test.o(.data)
    USB_Reply_Tail                           0x20000052   Data           1  test.o(.data)
    mst_flag                                 0x20000053   Data           1  test.o(.data)
    Time_LED_Delay                           0x20000054   Data           2  test.o(.data)
    SetTm_LED_Delay                          0x20000056   Data           2  test.o(.data)
    HoldTm_LED_Delay                         0x20000058   Data           2  test.o(.data)
    led_mode                                 0x2000005a   Data           1  test.o(.data)
    led_indiv                                0x2000005b   Data           1  test.o(.data)
    PcrSTS                                   0x2000005c   Data           1  test.o(.data)
    PCR_Trg_Reg                              0x2000005d   Data           1  test.o(.data)
    Exti                                     0x2000005e   Data           1  test.o(.data)
    LedTimOut                                0x2000005f   Data           1  test.o(.data)
    PixMode                                  0x20000060   Data           1  test.o(.data)
    PcrMskReg                                0x20000061   Data           1  test.o(.data)
    SPI_Sel                                  0x20000062   Data           1  test.o(.data)
    SPI_Sel_Reg                              0x20000063   Data           1  test.o(.data)
    PCR_Data_Valid_mode_0                    0x20000064   Data           1  test.o(.data)
    PCR_Data_Valid_mode_1                    0x20000065   Data           1  test.o(.data)
    PCR_Fail_cnt                             0x20000066   Data           4  test.o(.data)
    TrgChQue                                 0x2000006a   Data           4  test.o(.data)
    tempReg                                  0x2000006e   Data           2  test.o(.data)
    debugReg                                 0x20000070   Data           4  test.o(.data)
    multi_overlap_ctrl                       0x20000074   Data           1  test.o(.data)
    test_flag                                0x20000075   Data           1  test.o(.data)
    Sel_reg                                  0x20000076   Data           1  test.o(.data)
    u8TimOut_flag                            0x20000077   Data           1  test.o(.data)
    u8TimOut_check                           0x20000078   Data           1  test.o(.data)
    u8Timout_Cnt                             0x20000079   Data           1  test.o(.data)
    KL_temp                                  0x2000007c   Data           4  test.o(.data)
    KP_temp                                  0x20000080   Data           4  test.o(.data)
    KI_temp                                  0x20000084   Data           4  test.o(.data)
    KD_temp                                  0x20000088   Data           4  test.o(.data)
    TempSet_1_temp                           0x2000008c   Data           4  test.o(.data)
    TempSet_2_temp                           0x20000090   Data           4  test.o(.data)
    TempCurr_1_temp                          0x20000094   Data           4  test.o(.data)
    TempCurr_2_temp                          0x20000098   Data           4  test.o(.data)
    UnionTemp                                0x2000009c   Data           4  test.o(.data)
    PCR_Cycle_Control                        0x200000a0   Data           4  test.o(.data)
    Buffer_Cycle_Control                     0x200000a4   Data           4  test.o(.data)
    pCycleArray                              0x200000a8   Data           4  test.o(.data)
    CycleSTS                                 0x200000ac   Data           1  test.o(.data)
    OSC_Status                               0x200000ae   Data           1  pcr_control.o(.data)
    OSC_mode                                 0x200000af   Data           1  pcr_control.o(.data)
    OSC_Busy                                 0x200000b0   Data           1  pcr_control.o(.data)
    UserCountMS                              0x200000b2   Data           2  pcr_control.o(.data)
    BaseCounter                              0x200000b4   Data           2  pcr_control.o(.data)
    BaseCounter_1                            0x200000b6   Data           2  pcr_control.o(.data)
    BaseCounter_2                            0x200000b8   Data           2  pcr_control.o(.data)
    BaseCounter_3                            0x200000ba   Data           2  pcr_control.o(.data)
    blink_count                              0x200000be   Data           1  pcr_control.o(.data)
    USART_RX_STA                             0x200000c4   Data           2  usart.o(.data)
    RxIdx                                    0x200000c6   Data           1  usart.o(.data)
    RxStage                                  0x200000c7   Data           1  usart.o(.data)
    __stdout                                 0x200000c8   Data           4  usart.o(.data)
    WWDG_CNT                                 0x200000cc   Data           1  wdg.o(.data)
    tick_for_ADC                             0x200000d2   Data           1  timer.o(.data)
    SPI_2_CommLen                            0x200000d6   Data           1  spi.o(.data)
    SPI_2_Rx_sts                             0x200000d7   Data           1  spi.o(.data)
    sys_cmd_tab                              0x200000d8   Data          24  usmart.o(.data)
    usmart_nametab                           0x200000f0   Data          64  usmart_config.o(.data)
    usmart_dev                               0x20000130   Data         236  usmart_config.o(.data)
    Data_Mul_MaxPacketSize                   0x2000021c   Data           1  usb_core.o(.data)
    StatusInfo                               0x2000021e   Data           2  usb_core.o(.data)
    EPindex                                  0x20000220   Data           1  usb_init.o(.data)
    pInformation                             0x20000224   Data           4  usb_init.o(.data)
    pProperty                                0x20000228   Data           4  usb_init.o(.data)
    SaveState                                0x2000022c   Data           2  usb_init.o(.data)
    wInterrupt_Mask                          0x2000022e   Data           2  usb_init.o(.data)
    pUser_Standard_Requests                  0x20000230   Data           4  usb_init.o(.data)
    SaveRState                               0x20000234   Data           2  usb_int.o(.data)
    SaveTState                               0x20000236   Data           2  usb_int.o(.data)
    CustomHID_StringSerial                   0x20000238   Data          26  usb_desc.o(.data)
    USB_ReceiveFlg                           0x20000252   Data           1  usb_endp.o(.data)
    USB_RxIdx                                0x20000254   Data           2  usb_endp.o(.data)
    bIntPackSOF                              0x20000258   Data           1  usb_istr.o(.data)
    pEpInt_IN                                0x2000025c   Data          28  usb_istr.o(.data)
    pEpInt_OUT                               0x20000278   Data          28  usb_istr.o(.data)
    wIstr                                    0x20000294   Data           2  usb_istr.o(.data)
    Device_Table                             0x20000298   Data           2  usb_prop.o(.data)
    Device_Property                          0x2000029c   Data          48  usb_prop.o(.data)
    User_Standard_Requests                   0x200002cc   Data          36  usb_prop.o(.data)
    Device_Descriptor                        0x200002f0   Data           8  usb_prop.o(.data)
    Config_Descriptor                        0x200002f8   Data           8  usb_prop.o(.data)
    CustomHID_Report_Descriptor              0x20000300   Data           8  usb_prop.o(.data)
    CustomHID_Hid_Descriptor                 0x20000308   Data           8  usb_prop.o(.data)
    String_Descriptor                        0x20000310   Data          32  usb_prop.o(.data)
    ProtocolValue                            0x20000330   Data           4  usb_prop.o(.data)
    bDeviceState                             0x20000334   Data           4  usb_pwr.o(.data)
    fSuspendEnabled                          0x20000338   Data           1  usb_pwr.o(.data)
    ResumeS                                  0x20000339   Data           2  usb_pwr.o(.data)
    u8buff                                   0x2000033c   Data          40  test.o(.bss)
    PCRChip_Command_Send                     0x20000364   Data          40  test.o(.bss)
    Comand_Buf                               0x2000038c   Data          64  test.o(.bss)
    ImageBuf                                 0x200003cc   Data         336  test.o(.bss)
    ImageBufPIX                              0x2000051c   Data        4096  test.o(.bss)
    pipeLine_ImageBuf                        0x2000151c   Data        1344  test.o(.bss)
    ImageArrayBuf                            0x20001a5c   Data       16384  test.o(.bss)
    PCR_temp                                 0x20005a5c   Data          16  test.o(.bss)
    buf                                      0x20005a6c   Data          64  test.o(.bss)
    PCR_Regs                                 0x20005aac   Data          56  test.o(.bss)
    PCR_Cycle_SetPoint                       0x20005ae4   Data          80  test.o(.bss)
    Buffer_Cycle_SetPoint                    0x20005b34   Data          80  test.o(.bss)
    PE_Cycle_SetPoint                        0x20005b84   Data          16  test.o(.bss)
    RxBuffer                                 0x20005b94   Data          64  usart.o(.bss)
    USART_RX_BUF                             0x20005bd4   Data         200  usart.o(.bss)
    calendar                                 0x20005c9c   Data          10  rtc.o(.bss)
    SPI_2_SendBuf                            0x20005ca6   Data          40  spi.o(.bss)
    SPI_2_RcvBuf                             0x20005cce   Data          40  spi.o(.bss)
    RowData                                  0x20005cf6   Data          40  spi.o(.bss)
    Device_Info                              0x20005d20   Data          28  usb_init.o(.bss)
    Receive_Buffer                           0x20005d3c   Data          64  usb_endp.o(.bss)
    Transi_Buffer                            0x20005d7c   Data          64  usb_endp.o(.bss)
    __libspace_start                         0x20005dbc   Data          96  libspace.o(.bss)
    __temporary_stack_top$libspace           0x20005e1c   Data           0  libspace.o(.bss)



==============================================================================

Memory Map of the image

  Image Entry point : 0x08000131

  Load Region LR_IROM1 (Base: 0x08000000, Size: 0x0000a848, Max: 0x00080000, ABSOLUTE, COMPRESSED[0x0000a5f4])

    Execution Region ER_IROM1 (Base: 0x08000000, Size: 0x0000a50c, Max: 0x00080000, ABSOLUTE)

    Base Addr    Size         Type   Attr      Idx    E Section Name        Object

    0x08000000   0x00000130   Data   RO            3    RESET               startup_stm32f10x_hd.o
    0x08000130   0x00000008   Code   RO         1014  * !!!main             c_w.l(__main.o)
    0x08000138   0x00000034   Code   RO         1244    !!!scatter          c_w.l(__scatter.o)
    0x0800016c   0x0000005a   Code   RO         1242    !!dczerorl2         c_w.l(__dczerorl2.o)
    0x080001c6   0x00000002   PAD
    0x080001c8   0x0000001c   Code   RO         1246    !!handler_zi        c_w.l(__scatter_zi.o)
    0x080001e4   0x00000000   Code   RO         1007    .ARM.Collect$$_printf_percent$$00000000  c_w.l(_printf_percent.o)
    0x080001e4   0x00000006   Code   RO         1005    .ARM.Collect$$_printf_percent$$00000009  c_w.l(_printf_d.o)
    0x080001ea   0x00000006   Code   RO         1006    .ARM.Collect$$_printf_percent$$0000000A  c_w.l(_printf_u.o)
    0x080001f0   0x00000006   Code   RO         1004    .ARM.Collect$$_printf_percent$$0000000C  c_w.l(_printf_x.o)
    0x080001f6   0x00000006   Code   RO         1002    .ARM.Collect$$_printf_percent$$00000013  c_w.l(_printf_c.o)
    0x080001fc   0x00000006   Code   RO         1003    .ARM.Collect$$_printf_percent$$00000014  c_w.l(_printf_s.o)
    0x08000202   0x00000004   Code   RO         1075    .ARM.Collect$$_printf_percent$$00000017  c_w.l(_printf_percent_end.o)
    0x08000206   0x00000002   Code   RO         1119    .ARM.Collect$$libinit$$00000000  c_w.l(libinit.o)
    0x08000208   0x00000000   Code   RO         1126    .ARM.Collect$$libinit$$00000002  c_w.l(libinit2.o)
    0x08000208   0x00000000   Code   RO         1129    .ARM.Collect$$libinit$$00000008  c_w.l(libinit2.o)
    0x08000208   0x00000000   Code   RO         1131    .ARM.Collect$$libinit$$0000000A  c_w.l(libinit2.o)
    0x08000208   0x00000000   Code   RO         1133    .ARM.Collect$$libinit$$0000000C  c_w.l(libinit2.o)
    0x08000208   0x00000000   Code   RO         1136    .ARM.Collect$$libinit$$0000000F  c_w.l(libinit2.o)
    0x08000208   0x00000000   Code   RO         1138    .ARM.Collect$$libinit$$00000011  c_w.l(libinit2.o)
    0x08000208   0x00000000   Code   RO         1140    .ARM.Collect$$libinit$$00000013  c_w.l(libinit2.o)
    0x08000208   0x00000000   Code   RO         1142    .ARM.Collect$$libinit$$00000015  c_w.l(libinit2.o)
    0x08000208   0x00000000   Code   RO         1144    .ARM.Collect$$libinit$$00000017  c_w.l(libinit2.o)
    0x08000208   0x00000000   Code   RO         1146    .ARM.Collect$$libinit$$00000019  c_w.l(libinit2.o)
    0x08000208   0x00000000   Code   RO         1148    .ARM.Collect$$libinit$$0000001B  c_w.l(libinit2.o)
    0x08000208   0x00000000   Code   RO         1150    .ARM.Collect$$libinit$$0000001D  c_w.l(libinit2.o)
    0x08000208   0x00000000   Code   RO         1152    .ARM.Collect$$libinit$$0000001F  c_w.l(libinit2.o)
    0x08000208   0x00000000   Code   RO         1154    .ARM.Collect$$libinit$$00000021  c_w.l(libinit2.o)
    0x08000208   0x00000000   Code   RO         1156    .ARM.Collect$$libinit$$00000023  c_w.l(libinit2.o)
    0x08000208   0x00000000   Code   RO         1160    .ARM.Collect$$libinit$$0000002A  c_w.l(libinit2.o)
    0x08000208   0x00000000   Code   RO         1162    .ARM.Collect$$libinit$$0000002C  c_w.l(libinit2.o)
    0x08000208   0x00000000   Code   RO         1164    .ARM.Collect$$libinit$$0000002E  c_w.l(libinit2.o)
    0x08000208   0x00000000   Code   RO         1166    .ARM.Collect$$libinit$$00000030  c_w.l(libinit2.o)
    0x08000208   0x00000002   Code   RO         1167    .ARM.Collect$$libinit$$00000031  c_w.l(libinit2.o)
    0x0800020a   0x00000002   Code   RO         1185    .ARM.Collect$$libshutdown$$00000000  c_w.l(libshutdown.o)
    0x0800020c   0x00000000   Code   RO         1196    .ARM.Collect$$libshutdown$$00000003  c_w.l(libshutdown2.o)
    0x0800020c   0x00000000   Code   RO         1199    .ARM.Collect$$libshutdown$$00000006  c_w.l(libshutdown2.o)
    0x0800020c   0x00000000   Code   RO         1202    .ARM.Collect$$libshutdown$$00000009  c_w.l(libshutdown2.o)
    0x0800020c   0x00000000   Code   RO         1204    .ARM.Collect$$libshutdown$$0000000B  c_w.l(libshutdown2.o)
    0x0800020c   0x00000000   Code   RO         1207    .ARM.Collect$$libshutdown$$0000000E  c_w.l(libshutdown2.o)
    0x0800020c   0x00000002   Code   RO         1208    .ARM.Collect$$libshutdown$$0000000F  c_w.l(libshutdown2.o)
    0x0800020e   0x00000000   Code   RO         1068    .ARM.Collect$$rtentry$$00000000  c_w.l(rtentry.o)
    0x0800020e   0x00000000   Code   RO         1088    .ARM.Collect$$rtentry$$00000002  c_w.l(rtentry2.o)
    0x0800020e   0x00000006   Code   RO         1100    .ARM.Collect$$rtentry$$00000004  c_w.l(rtentry4.o)
    0x08000214   0x00000000   Code   RO         1090    .ARM.Collect$$rtentry$$00000009  c_w.l(rtentry2.o)
    0x08000214   0x00000004   Code   RO         1091    .ARM.Collect$$rtentry$$0000000A  c_w.l(rtentry2.o)
    0x08000218   0x00000000   Code   RO         1093    .ARM.Collect$$rtentry$$0000000C  c_w.l(rtentry2.o)
    0x08000218   0x00000008   Code   RO         1094    .ARM.Collect$$rtentry$$0000000D  c_w.l(rtentry2.o)
    0x08000220   0x00000002   Code   RO         1123    .ARM.Collect$$rtexit$$00000000  c_w.l(rtexit.o)
    0x08000222   0x00000000   Code   RO         1169    .ARM.Collect$$rtexit$$00000002  c_w.l(rtexit2.o)
    0x08000222   0x00000004   Code   RO         1170    .ARM.Collect$$rtexit$$00000003  c_w.l(rtexit2.o)
    0x08000226   0x00000006   Code   RO         1171    .ARM.Collect$$rtexit$$00000004  c_w.l(rtexit2.o)
    0x0800022c   0x0000000c   Code   RO          224    .emb_text           sys.o
    0x08000238   0x00000048   Code   RO            4    .text               startup_stm32f10x_hd.o
    0x08000280   0x00003c38   Code   RO           10    .text               test.o
    0x08003eb8   0x00000378   Code   RO          182    .text               pcr_control.o
    0x08004230   0x000000ac   Code   RO          210    .text               delay.o
    0x080042dc   0x000002e8   Code   RO          225    .text               sys.o
    0x080045c4   0x000001b0   Code   RO          240    .text               usart.o
    0x08004774   0x0000031c   Code   RO          267    .text               led.o
    0x08004a90   0x0000007c   Code   RO          308    .text               exti.o
    0x08004b0c   0x000000d4   Code   RO          320    .text               wdg.o
    0x08004be0   0x00000700   Code   RO          335    .text               timer.o
    0x080052e0   0x000004a0   Code   RO          418    .text               rtc.o
    0x08005780   0x000001d4   Code   RO          450    .text               adc.o
    0x08005954   0x000000c8   Code   RO          462    .text               dac.o
    0x08005a1c   0x00000278   Code   RO          489    .text               myiic.o
    0x08005c94   0x0000017a   Code   RO          501    .text               24cxx.o
    0x08005e0e   0x00000002   PAD
    0x08005e10   0x00000408   Code   RO          513    .text               spi.o
    0x08006218   0x00000afc   Code   RO          548    .text               usmart.o
    0x08006d14   0x0000051c   Code   RO          605    .text               usmart_str.o
    0x08007230   0x00000ac8   Code   RO          617    .text               usb_core.o
    0x08007cf8   0x0000003c   Code   RO          650    .text               usb_init.o
    0x08007d34   0x000003ac   Code   RO          673    .text               usb_int.o
    0x080080e0   0x0000005c   Code   RO          697    .text               usb_mem.o
    0x0800813c   0x0000074c   Code   RO          709    .text               usb_regs.o
    0x08008888   0x000000c4   Code   RO          721    .text               hw_config.o
    0x0800894c   0x0000001c   Code   RO          746    .text               stm32f10x_it.o
    0x08008968   0x000000a0   Code   RO          855    .text               usb_endp.o
    0x08008a08   0x000000f8   Code   RO          875    .text               usb_istr.o
    0x08008b00   0x00000250   Code   RO          900    .text               usb_prop.o
    0x08008d50   0x00000138   Code   RO          927    .text               usb_pwr.o
    0x08008e88   0x00000002   Code   RO          947    .text               c_w.l(use_no_semi_2.o)
    0x08008e8a   0x00000002   PAD
    0x08008e8c   0x00000018   Code   RO          951    .text               c_w.l(noretval__2printf.o)
    0x08008ea4   0x00000052   Code   RO          955    .text               c_w.l(_printf_pad.o)
    0x08008ef6   0x00000052   Code   RO          957    .text               c_w.l(_printf_str.o)
    0x08008f48   0x00000078   Code   RO          959    .text               c_w.l(_printf_dec.o)
    0x08008fc0   0x0000005c   Code   RO          964    .text               c_w.l(_printf_hex_int.o)
    0x0800901c   0x0000018c   Code   RO          999    .text               c_w.l(__printf_flags_ss_wp.o)
    0x080091a8   0x00000004   Code   RO         1008    .text               c_w.l(putc.o)
    0x080091ac   0x00000006   Code   RO         1012    .text               c_w.l(heapauxi.o)
    0x080091b2   0x00000002   Code   RO         1066    .text               c_w.l(use_no_semi.o)
    0x080091b4   0x000000b8   Code   RO         1069    .text               c_w.l(_printf_intcommon.o)
    0x0800926c   0x0000002c   Code   RO         1071    .text               c_w.l(_printf_char.o)
    0x08009298   0x00000024   Code   RO         1073    .text               c_w.l(_printf_char_file.o)
    0x080092bc   0x00000030   Code   RO         1102    .text               c_w.l(_printf_char_common.o)
    0x080092ec   0x00000008   Code   RO         1104    .text               c_w.l(ferror.o)
    0x080092f4   0x0000004a   Code   RO         1108    .text               c_w.l(sys_stackheap_outer.o)
    0x0800933e   0x0000000c   Code   RO         1112    .text               c_w.l(exit.o)
    0x0800934a   0x00000002   PAD
    0x0800934c   0x00000008   Code   RO         1120    .text               c_w.l(libspace.o)
    0x08009354   0x0000000e   Code   RO          992    i._is_digit         c_w.l(__printf_wp.o)
    0x08009362   0x00000002   PAD
    0x08009364   0x00000062   Code   RO         1016    x$fpl$d2f           fz_ws.l(d2f.o)
    0x080093c6   0x00000002   PAD
    0x080093c8   0x00000150   Code   RO         1018    x$fpl$dadd          fz_ws.l(daddsub_clz.o)
    0x08009518   0x000002b0   Code   RO         1025    x$fpl$ddiv          fz_ws.l(ddiv.o)
    0x080097c8   0x00000026   Code   RO         1028    x$fpl$dfltu         fz_ws.l(dflt_clz.o)
    0x080097ee   0x00000002   PAD
    0x080097f0   0x00000154   Code   RO         1034    x$fpl$dmul          fz_ws.l(dmul.o)
    0x08009944   0x0000009c   Code   RO         1076    x$fpl$dnaninf       fz_ws.l(dnaninf.o)
    0x080099e0   0x0000000c   Code   RO         1078    x$fpl$dretinf       fz_ws.l(dretinf.o)
    0x080099ec   0x000001d4   Code   RO         1020    x$fpl$dsub          fz_ws.l(daddsub_clz.o)
    0x08009bc0   0x00000056   Code   RO         1036    x$fpl$f2d           fz_ws.l(f2d.o)
    0x08009c16   0x00000002   PAD
    0x08009c18   0x000000c4   Code   RO         1038    x$fpl$fadd          fz_ws.l(faddsub_clz.o)
    0x08009cdc   0x00000018   Code   RO         1080    x$fpl$fcmpinf       fz_ws.l(fcmpi.o)
    0x08009cf4   0x00000184   Code   RO         1045    x$fpl$fdiv          fz_ws.l(fdiv.o)
    0x08009e78   0x00000068   Code   RO         1048    x$fpl$feqf          fz_ws.l(feqf.o)
    0x08009ee0   0x0000003e   Code   RO         1050    x$fpl$ffixu         fz_ws.l(ffixu.o)
    0x08009f1e   0x00000002   PAD
    0x08009f20   0x00000026   Code   RO         1054    x$fpl$ffltu         fz_ws.l(fflt_clz.o)
    0x08009f46   0x00000002   PAD
    0x08009f48   0x00000068   Code   RO         1060    x$fpl$fleqf         fz_ws.l(fleqf.o)
    0x08009fb0   0x00000102   Code   RO         1062    x$fpl$fmul          fz_ws.l(fmul.o)
    0x0800a0b2   0x0000008c   Code   RO         1082    x$fpl$fnaninf       fz_ws.l(fnaninf.o)
    0x0800a13e   0x0000000a   Code   RO         1084    x$fpl$fretinf       fz_ws.l(fretinf.o)
    0x0800a148   0x00000062   Code   RO         1064    x$fpl$frleqf        fz_ws.l(frleqf.o)
    0x0800a1aa   0x00000014   Code   RO         1039    x$fpl$frsb          fz_ws.l(faddsub_clz.o)
    0x0800a1be   0x00000002   PAD
    0x0800a1c0   0x000000ea   Code   RO         1040    x$fpl$fsub          fz_ws.l(faddsub_clz.o)
    0x0800a2aa   0x00000000   Code   RO         1086    x$fpl$usenofp       fz_ws.l(usenofp.o)
    0x0800a2aa   0x00000035   Data   RO           12    .constdata          test.o
    0x0800a2df   0x00000018   Data   RO          420    .constdata          rtc.o
    0x0800a2f7   0x00000086   Data   RO          842    .constdata          usb_desc.o
    0x0800a37d   0x00000028   Data   RO          965    .constdata          c_w.l(_printf_hex_int.o)
    0x0800a3a5   0x00000011   Data   RO         1000    .constdata          c_w.l(__printf_flags_ss_wp.o)
    0x0800a3b6   0x00000017   Data   RO          549    .conststring        usmart.o
    0x0800a3cd   0x0000011c   Data   RO          584    .conststring        usmart_config.o
    0x0800a4e9   0x00000003   PAD
    0x0800a4ec   0x00000020   Data   RO         1240    Region$$Table       anon$$obj.o


    Execution Region RW_IRAM1 (Base: 0x20000000, Size: 0x00006620, Max: 0x00010000, ABSOLUTE, COMPRESSED[0x000000e8])

    Base Addr    Size         Type   Attr      Idx    E Section Name        Object

    0x20000000   0x000000ad   Data   RW           13    .data               test.o
    0x200000ad   0x00000001   PAD
    0x200000ae   0x00000012   Data   RW          184    .data               pcr_control.o
    0x200000c0   0x00000004   Data   RW          211    .data               delay.o
    0x200000c4   0x00000008   Data   RW          242    .data               usart.o
    0x200000cc   0x00000001   Data   RW          321    .data               wdg.o
    0x200000cd   0x00000006   Data   RW          336    .data               timer.o
    0x200000d3   0x00000001   PAD
    0x200000d4   0x00000002   Data   RW          421    .data               rtc.o
    0x200000d6   0x00000002   Data   RW          515    .data               spi.o
    0x200000d8   0x00000018   Data   RW          550    .data               usmart.o
    0x200000f0   0x0000012c   Data   RW          585    .data               usmart_config.o
    0x2000021c   0x00000004   Data   RW          618    .data               usb_core.o
    0x20000220   0x00000014   Data   RW          652    .data               usb_init.o
    0x20000234   0x00000004   Data   RW          674    .data               usb_int.o
    0x20000238   0x0000001a   Data   RW          843    .data               usb_desc.o
    0x20000252   0x00000004   Data   RW          857    .data               usb_endp.o
    0x20000256   0x00000002   PAD
    0x20000258   0x0000003e   Data   RW          876    .data               usb_istr.o
    0x20000296   0x00000002   PAD
    0x20000298   0x0000009c   Data   RW          901    .data               usb_prop.o
    0x20000334   0x00000007   Data   RW          928    .data               usb_pwr.o
    0x2000033b   0x00000001   PAD
    0x2000033c   0x00005858   Zero   RW           11    .bss                test.o
    0x20005b94   0x00000108   Zero   RW          241    .bss                usart.o
    0x20005c9c   0x0000000a   Zero   RW          419    .bss                rtc.o
    0x20005ca6   0x00000078   Zero   RW          514    .bss                spi.o
    0x20005d1e   0x00000002   PAD
    0x20005d20   0x0000001c   Zero   RW          651    .bss                usb_init.o
    0x20005d3c   0x00000080   Zero   RW          856    .bss                usb_endp.o
    0x20005dbc   0x00000060   Zero   RW         1121    .bss                c_w.l(libspace.o)
    0x20005e1c   0x00000004   PAD
    0x20005e20   0x00000000   Zero   RW            2    HEAP                startup_stm32f10x_hd.o
    0x20005e20   0x00000800   Zero   RW            1    STACK               startup_stm32f10x_hd.o


==============================================================================

Image component sizes


      Code (inc. data)   RO Data    RW Data    ZI Data      Debug   Object Name

       378          0          0          0          0       2598   24cxx.o
       468         22          0          0          0       1075   adc.o
       200         22          0          0          0        689   dac.o
       172          8          0          4          0        979   delay.o
       124         20          0          0          0        856   exti.o
       196         24          0          0          0       1625   hw_config.o
       796         42          0          0          0        679   led.o
       632         26          0          0          0       1824   myiic.o
       888         86          0         18          0      11065   pcr_control.o
      1184         62         24          2         10       3480   rtc.o
      1032         82          0          2        120       2574   spi.o
        72         26        304          0       2048        836   startup_stm32f10x_hd.o
        28          4          0          0          0        796   stm32f10x_it.o
       756         52          0          0          0       2771   sys.o
     15416       1182         53        173      22616      32867   test.o
      1792        118          0          6          0       4706   timer.o
       432         28          0          8        264       3209   usart.o
      2760        104          0          4          0      18875   usb_core.o
         0          0        134         26          0        996   usb_desc.o
       160         26          0          4        128       1383   usb_endp.o
        60         24          0         20         28       3842   usb_init.o
       940         28          0          4          0       1736   usb_int.o
       248         26          0         62          0       1232   usb_istr.o
        92          6          0          0          0       1262   usb_mem.o
       592         48          0        156          0       7359   usb_prop.o
       312         20          0          7          0       2529   usb_pwr.o
      1868         18          0          0          0      11437   usb_regs.o
      2812       1162         23         24          0       4130   usmart.o
         0          0        284        300          0       1580   usmart_config.o
      1308         12          0          0          0       4989   usmart_str.o
       212         18          0          1          0       1392   wdg.o

    ----------------------------------------------------------------------
     35932       3296        857        828      25216     135371   Object Totals
         0          0         32          0          0          0   (incl. Generated)
         2          0          3          7          2          0   (incl. Padding)

    ----------------------------------------------------------------------

      Code (inc. data)   RO Data    RW Data    ZI Data      Debug   Library Member Name

        90          0          0          0          0          0   __dczerorl2.o
         8          0          0          0          0         68   __main.o
       396          6         17          0          0         92   __printf_flags_ss_wp.o
        14          0          0          0          0         68   __printf_wp.o
        52          8          0          0          0          0   __scatter.o
        28          0          0          0          0          0   __scatter_zi.o
         6          0          0          0          0          0   _printf_c.o
        44          0          0          0          0        108   _printf_char.o
        48          6          0          0          0         96   _printf_char_common.o
        36          4          0          0          0         80   _printf_char_file.o
         6          0          0          0          0          0   _printf_d.o
       120         18          0          0          0         92   _printf_dec.o
        92          4         40          0          0         88   _printf_hex_int.o
       184          0          0          0          0         88   _printf_intcommon.o
        82          0          0          0          0        108   _printf_pad.o
         0          0          0          0          0          0   _printf_percent.o
         4          0          0          0          0          0   _printf_percent_end.o
         6          0          0          0          0          0   _printf_s.o
        82          0          0          0          0         80   _printf_str.o
         6          0          0          0          0          0   _printf_u.o
         6          0          0          0          0          0   _printf_x.o
        12          0          0          0          0         72   exit.o
         8          0          0          0          0         68   ferror.o
         6          0          0          0          0        152   heapauxi.o
         2          0          0          0          0          0   libinit.o
         2          0          0          0          0          0   libinit2.o
         2          0          0          0          0          0   libshutdown.o
         2          0          0          0          0          0   libshutdown2.o
         8          4          0          0         96         68   libspace.o
        24          4          0          0          0         84   noretval__2printf.o
         4          0          0          0          0         68   putc.o
         0          0          0          0          0          0   rtentry.o
        12          0          0          0          0          0   rtentry2.o
         6          0          0          0          0          0   rtentry4.o
         2          0          0          0          0          0   rtexit.o
        10          0          0          0          0          0   rtexit2.o
        74          0          0          0          0         80   sys_stackheap_outer.o
         2          0          0          0          0         68   use_no_semi.o
         2          0          0          0          0         68   use_no_semi_2.o
        98          4          0          0          0         92   d2f.o
       804         16          0          0          0        272   daddsub_clz.o
       688        140          0          0          0        208   ddiv.o
        38          0          0          0          0         68   dflt_clz.o
       340         12          0          0          0        104   dmul.o
       156          4          0          0          0         92   dnaninf.o
        12          0          0          0          0         68   dretinf.o
        86          4          0          0          0         84   f2d.o
       450          8          0          0          0        236   faddsub_clz.o
        24          0          0          0          0         68   fcmpi.o
       388         76          0          0          0         96   fdiv.o
       104          4          0          0          0         84   feqf.o
        62          4          0          0          0         84   ffixu.o
        38          0          0          0          0         68   fflt_clz.o
       104          4          0          0          0         84   fleqf.o
       258          4          0          0          0         84   fmul.o
       140          4          0          0          0         84   fnaninf.o
        10          0          0          0          0         68   fretinf.o
        98          0          0          0          0         68   frleqf.o
         0          0          0          0          0          0   usenofp.o

    ----------------------------------------------------------------------
      5406        338         57          0        100       3708   Library Totals
        20          0          0          0          4          0   (incl. Padding)

    ----------------------------------------------------------------------

      Code (inc. data)   RO Data    RW Data    ZI Data      Debug   Library Name

      1488         54         57          0         96       1696   c_w.l
      3898        284          0          0          0       2012   fz_ws.l

    ----------------------------------------------------------------------
      5406        338         57          0        100       3708   Library Totals

    ----------------------------------------------------------------------

==============================================================================


      Code (inc. data)   RO Data    RW Data    ZI Data      Debug   

     41338       3634        914        828      25316     133775   Grand Totals
     41338       3634        914        232      25316     133775   ELF Image Totals (compressed)
     41338       3634        914        232          0          0   ROM Totals

==============================================================================

    Total RO  Size (Code + RO Data)                42252 (  41.26kB)
    Total RW  Size (RW Data + ZI Data)             26144 (  25.53kB)
    Total ROM Size (Code + RO Data + RW Data)      42484 (  41.49kB)

==============================================================================

